  1.0000000000000000E+00 N_elemental_log
  1.0000000000000000E+00 N_SC_atomic_positions
