===== VARIABLES =====
EXE_PATH = /scr/szymansk/2019-3/qe-bin/bin/pw.x
tpp = 4
Parallel keywords = -nimage 1
MPIRUN_EXE = orterun
PATH = /scr/szymansk/2019-3/mmshare-v4.7/lib/Linux-x86_64/openmpi/bin:/scr/szymansk/2019-3/internal/bin:/scr/szymansk/2019-3/mmshare-v4.7/bin/Linux-x86_64:/home/szymansk/bin:/scr/szymansk/dakota/bin:/scr/szymansk/atompaw-4.1.0.5/src/:/usr/lib64/qt-3.3/bin:/usr/local/bin:/usr/local/sbin:/usr/bin:/usr/sbin:/bin:/sbin
LD_LIBRARY_PATH = /scr/szymansk/2019-3/mmshare-v4.7/lib/Linux-x86_64/openmpi/lib:/scr/szymansk/2019-3/internal/lib/ssl:/scr/szymansk/2019-3/internal/lib:/scr/szymansk/2019-3/mmshare-v4.7/lib/Linux-x86_64:/scr/szymansk/2019-3/internal/lib/python3.6/site-packages:/scr/szymansk/dakota/bin:/software/lib/Linux-x86_64/ifort_2017.1.132/mkl/lib/intel64
===== END VARIABLES =====
Invoking: exe_cmd () 
{ 
    "$MPIRUN_EXE" -np $tpp "$EXE_PATH" -in $input_file "${P_KEYWORDS[@]}"
}

     Program PWSCF v.6.3MaX starts on 13Jun2019 at 12:18:40 

     This program is part of the open-source Quantum ESPRESSO suite
     for quantum simulation of materials; please cite
         "P. Giannozzi et al., J. Phys.:Condens. Matter 21 395502 (2009);
         "P. Giannozzi et al., J. Phys.:Condens. Matter 29 465901 (2017);
          URL http://www.quantum-espresso.org", 
     in publications or presentations arising from this work. More details at
     http://www.quantum-espresso.org/quote

     Parallel version (MPI), running on     4 processors

     MPI processes distributed on     1 nodes
     R & G space division:  proc/nbgrp/npool/nimage =       4
     Reading input from ZnO.ZB.relax.in
Warning: card &CELL ignored
Warning: card   CELL_DYNAMICS='BFGS' ignored
Warning: card / ignored

     Current dimensions of program PWSCF are:
     Max number of different atomic species (ntypx) = 10
     Max number of k-points (npk) =  40000
     Max angular momentum in pseudopotentials (lmaxx) =  3

     Subspace diagonalization in iterative solution of the eigenvalue problem:
     a serial algorithm will be used

 
     Parallelization info
     --------------------
     sticks:   dense  smooth     PW     G-vecs:    dense   smooth      PW
     Min         124     102     31                 1847     1332     241
     Max         126     103     32                 1850     1333     242
     Sum         499     409    127                 7391     5329     965
 


     bravais-lattice index     =            0
     lattice parameter (alat)  =       6.0430  a.u.
     unit-cell volume          =     156.0449 (a.u.)^3
     number of atoms/cell      =            2
     number of atomic types    =            2
     number of electrons       =        26.00
     number of Kohn-Sham states=           17
     kinetic-energy cutoff     =      40.0000  Ry
     charge density cutoff     =     200.0000  Ry
     convergence threshold     =      1.0E-08
     mixing beta               =       0.7000
     number of iterations used =            8  plain     mixing
     Exchange-correlation      = SLA  PW   PBE  PBE ( 1  4  3  4 0 0)
     nstep                     =           50


     celldm(1)=   6.043032  celldm(2)=   0.000000  celldm(3)=   0.000000
     celldm(4)=   0.000000  celldm(5)=   0.000000  celldm(6)=   0.000000

     crystal axes: (cart. coord. in units of alat)
               a(1) = (  -0.707107   0.000000   0.707107 )  
               a(2) = (   0.000000   0.707107   0.707107 )  
               a(3) = (  -0.707107   0.707107   0.000000 )  

     reciprocal axes: (cart. coord. in units 2 pi/alat)
               b(1) = ( -0.707107 -0.707107  0.707107 )  
               b(2) = (  0.707107  0.707107  0.707107 )  
               b(3) = ( -0.707107  0.707107 -0.707107 )  


     PseudoPot. # 1 for Zn read from file:
     ./Zn.GGA-PBE-paw.UPF
     MD5 check sum: df62231357ef9e81f77b2b3087fa5675
     Pseudo is Ultrasoft, Zval = 20.0
     Generated by new atomic code, or converted to UPF format
     Using radial grid of  943 points,  6 beta functions with: 
                l(1) =   0
                l(2) =   0
                l(3) =   1
                l(4) =   1
                l(5) =   2
                l(6) =   2
     Q(r) pseudized with  8 coefficients,  rinner =    1.100   1.100   1.100
                                                       1.100   1.100

     PseudoPot. # 2 for O  read from file:
     ./O.GGA-PBE-paw.UPF
     MD5 check sum: 734c27235a0248c51dbae37a1fbe46ec
     Pseudo is Ultrasoft + core correction, Zval =  6.0
     Generated by new atomic code, or converted to UPF format
     Using radial grid of  737 points,  5 beta functions with: 
                l(1) =   0
                l(2) =   0
                l(3) =   1
                l(4) =   1
                l(5) =   2
     Q(r) pseudized with  8 coefficients,  rinner =    0.900   0.900   0.900
                                                       0.900   0.900

     atomic species   valence    mass     pseudopotential
        Zn            20.00    65.39000     Zn( 1.00)
        O              6.00    15.99940     O ( 1.00)

     24 Sym. Ops. (no inversion) found



   Cartesian axes

     site n.     atom                  positions (alat units)
         1           Zn  tau(   1) = (   0.0000000   0.0000000   0.0000000  )
         2           O   tau(   2) = (  -0.3535534   0.3535534   0.3535534  )

     number of k points=    29  Fermi-Dirac smearing, width (Ry)=  0.0020
                       cart. coord. in units 2pi/alat
        k(    1) = (   0.0000000   0.0000000   0.0000000), wk =   0.0039062
        k(    2) = (  -0.0883883   0.0883883  -0.0883883), wk =   0.0312500
        k(    3) = (  -0.1767767   0.1767767  -0.1767767), wk =   0.0312500
        k(    4) = (  -0.2651650   0.2651650  -0.2651650), wk =   0.0312500
        k(    5) = (   0.3535534  -0.3535534   0.3535534), wk =   0.0156250
        k(    6) = (   0.0000000   0.1767767   0.0000000), wk =   0.0234375
        k(    7) = (  -0.0883883   0.2651650  -0.0883883), wk =   0.0937500
        k(    8) = (  -0.1767767   0.3535534  -0.1767767), wk =   0.0937500
        k(    9) = (   0.4419417  -0.2651650   0.4419417), wk =   0.0937500
        k(   10) = (   0.3535534  -0.1767767   0.3535534), wk =   0.0937500
        k(   11) = (   0.2651650  -0.0883883   0.2651650), wk =   0.0937500
        k(   12) = (   0.1767767   0.0000000   0.1767767), wk =   0.0468750
        k(   13) = (   0.0000000   0.3535534   0.0000000), wk =   0.0234375
        k(   14) = (  -0.0883883   0.4419417  -0.0883883), wk =   0.0937500
        k(   15) = (   0.5303301  -0.1767767   0.5303301), wk =   0.0937500
        k(   16) = (   0.4419417  -0.0883883   0.4419417), wk =   0.0937500
        k(   17) = (   0.3535534   0.0000000   0.3535534), wk =   0.0468750
        k(   18) = (   0.0000000   0.5303301   0.0000000), wk =   0.0234375
        k(   19) = (   0.6187184  -0.0883883   0.6187184), wk =   0.0937500
        k(   20) = (   0.5303301   0.0000000   0.5303301), wk =   0.0468750
        k(   21) = (   0.0000000  -0.7071068   0.0000000), wk =   0.0117188
        k(   22) = (  -0.1767767   0.3535534   0.0000000), wk =   0.0937500
        k(   23) = (   0.4419417  -0.2651650   0.6187184), wk =   0.1875000
        k(   24) = (   0.3535534  -0.1767767   0.5303301), wk =   0.0937500
        k(   25) = (   0.5303301  -0.1767767   0.7071068), wk =   0.0937500
        k(   26) = (   0.4419417  -0.0883883   0.6187184), wk =   0.1875000
        k(   27) = (   0.3535534   0.0000000   0.5303301), wk =   0.0937500
        k(   28) = (  -0.1767767  -0.7071068   0.0000000), wk =   0.0468750
        k(   29) = (  -0.3535534  -0.7071068   0.0000000), wk =   0.0234375

     Dense  grid:     7391 G-vectors     FFT dimensions: (  27,  27,  27)

     Smooth grid:     5329 G-vectors     FFT dimensions: (  25,  25,  25)

     Estimated max dynamical RAM per process >      10.10 MB

     Estimated total dynamical RAM >      40.41 MB

     Check: negative/imaginary core charge=   -0.000003    0.000000

     Initial potential from superposition of free atoms

     starting charge   25.99986, renormalised to   26.00000
     Starting wfcs are   17 randomized atomic wfcs

     total cpu time spent up to now is        0.3 secs

     Self-consistent Calculation

     iteration #  1     ecut=    40.00 Ry     beta= 0.70
     Davidson diagonalization with overlap
     ethr =  1.00E-02,  avg # of iterations =  2.9

     total cpu time spent up to now is        0.5 secs

     total energy              =    -493.69521537 Ry
     Harris-Foulkes estimate   =    -494.02739691 Ry
     estimated scf accuracy    <       0.43417960 Ry

     iteration #  2     ecut=    40.00 Ry     beta= 0.70
     Davidson diagonalization with overlap
     ethr =  1.67E-03,  avg # of iterations =  2.1

     total cpu time spent up to now is        0.8 secs

     total energy              =    -493.76982051 Ry
     Harris-Foulkes estimate   =    -494.09598674 Ry
     estimated scf accuracy    <       0.72892727 Ry

     iteration #  3     ecut=    40.00 Ry     beta= 0.70
     Davidson diagonalization with overlap
     ethr =  1.67E-03,  avg # of iterations =  2.0

     total cpu time spent up to now is        1.0 secs

     total energy              =    -493.90907785 Ry
     Harris-Foulkes estimate   =    -493.91189132 Ry
     estimated scf accuracy    <       0.00544185 Ry

     iteration #  4     ecut=    40.00 Ry     beta= 0.70
     Davidson diagonalization with overlap
     ethr =  2.09E-05,  avg # of iterations =  2.0

     total cpu time spent up to now is        1.3 secs

     total energy              =    -493.91041801 Ry
     Harris-Foulkes estimate   =    -493.91107263 Ry
     estimated scf accuracy    <       0.00165495 Ry

     iteration #  5     ecut=    40.00 Ry     beta= 0.70
     Davidson diagonalization with overlap
     ethr =  6.37E-06,  avg # of iterations =  2.0

     total cpu time spent up to now is        1.5 secs

     total energy              =    -493.91069652 Ry
     Harris-Foulkes estimate   =    -493.91071114 Ry
     estimated scf accuracy    <       0.00003393 Ry

     iteration #  6     ecut=    40.00 Ry     beta= 0.70
     Davidson diagonalization with overlap
     ethr =  1.30E-07,  avg # of iterations =  1.4

     total cpu time spent up to now is        1.7 secs

     total energy              =    -493.91070053 Ry
     Harris-Foulkes estimate   =    -493.91070018 Ry
     estimated scf accuracy    <       0.00000039 Ry

     iteration #  7     ecut=    40.00 Ry     beta= 0.70
     Davidson diagonalization with overlap
     ethr =  1.51E-09,  avg # of iterations =  2.0

     total cpu time spent up to now is        2.0 secs

     total energy              =    -493.91070062 Ry
     Harris-Foulkes estimate   =    -493.91070063 Ry
     estimated scf accuracy    <       0.00000003 Ry

     iteration #  8     ecut=    40.00 Ry     beta= 0.70
     Davidson diagonalization with overlap
     ethr =  1.18E-10,  avg # of iterations =  1.1

     total cpu time spent up to now is        2.2 secs

     End of self-consistent calculation

          k = 0.0000 0.0000 0.0000 (   645 PWs)   bands (ev):

  -114.1911 -68.3877 -68.3877 -68.3877  -8.9728   3.3932   3.3932   3.3932
     4.7882   4.7882   9.3018   9.3018   9.3018  10.0449  22.9235  22.9235
    22.9235

          k =-0.0884 0.0884-0.0884 (   655 PWs)   bands (ev):

  -114.1910 -68.3881 -68.3877 -68.3877  -8.8696   3.3067   3.4425   3.4425
     4.7806   4.7806   8.3025   9.1834   9.1834  11.1454  21.6910  23.0531
    23.0531

          k =-0.1768 0.1768-0.1768 (   655 PWs)   bands (ev):

  -114.1910 -68.3894 -68.3880 -68.3880  -8.6112   3.1876   3.5511   3.5511
     4.7867   4.7867   6.9848   8.8931   8.8931  12.6840  19.6799  23.0836
    23.0836

          k =-0.2652 0.2652-0.2652 (   664 PWs)   bands (ev):

  -114.1909 -68.3905 -68.3882 -68.3882  -8.3390   3.2603   3.6368   3.6368
     4.8404   4.8404   5.7484   8.5897   8.5897  14.1520  18.0766  22.7812
    22.7812

          k = 0.3536-0.3536 0.3536 (   652 PWs)   bands (ev):

  -114.1909 -68.3910 -68.3883 -68.3883  -8.2217   3.4203   3.6633   3.6633
     4.8810   4.8810   5.1368   8.4576   8.4576  14.9172  17.3268  22.6030
    22.6030

          k = 0.0000 0.1768 0.0000 (   665 PWs)   bands (ev):

  -114.1910 -68.3882 -68.3878 -68.3878  -8.8355   3.2441   3.4805   3.4805
     4.7396   4.8115   8.3370   8.9956   8.9956  11.4276  21.7589  22.9059
    22.9059

          k =-0.0884 0.2652-0.0884 (   666 PWs)   bands (ev):

  -114.1910 -68.3891 -68.3881 -68.3880  -8.6296   3.1286   3.5796   3.5951
     4.7117   4.8337   7.4002   8.6527   8.7400  12.6372  20.3134  22.5084
    22.9613

          k =-0.1768 0.3536-0.1768 (   656 PWs)   bands (ev):

  -114.1909 -68.3902 -68.3883 -68.3883  -8.3617   3.1820   3.6655   3.7012
     4.7662   4.8717   6.1705   8.3437   8.3790  14.1266  18.6556  21.8099
    22.8857

          k = 0.4419-0.2652 0.4419 (   666 PWs)   bands (ev):

  -114.1909 -68.3908 -68.3885 -68.3884  -8.1914   3.4361   3.7094   3.7388
     4.8838   4.8968   5.2134   8.0383   8.2588  15.3998  17.3927  21.4884
    22.7786

          k = 0.3536-0.1768 0.3536 (   663 PWs)   bands (ev):

  -114.1909 -68.3907 -68.3886 -68.3883  -8.2299   3.4397   3.6334   3.7117
     4.8144   4.9061   5.4713   7.9228   8.4634  15.1233  17.7158  21.3178
    22.9454

          k = 0.2652-0.0884 0.2652 (   652 PWs)   bands (ev):

  -114.1909 -68.3898 -68.3884 -68.3880  -8.4513   3.2095   3.6059   3.6239
     4.7414   4.8608   6.5648   8.1346   8.8191  13.6930  19.2567  21.3660
    23.4002

          k = 0.1768 0.0000 0.1768 (   658 PWs)   bands (ev):

  -114.1910 -68.3888 -68.3880 -68.3878  -8.7147   3.2109   3.5069   3.5281
     4.7410   4.8115   7.6466   8.6542   9.1119  12.1805  20.8342  22.0729
    23.4764

          k = 0.0000 0.3536 0.0000 (   649 PWs)   bands (ev):

  -114.1909 -68.3893 -68.3883 -68.3883  -8.4958   2.9800   3.7370   3.7370
     4.6460   4.8678   7.3925   8.2288   8.2288  13.2026  19.9112  22.7253
    23.1175

          k =-0.0884 0.4419-0.0884 (   671 PWs)   bands (ev):

  -114.1909 -68.3901 -68.3886 -68.3886  -8.2825   2.9816   3.8780   3.8867
     4.6866   4.8988   6.5996   7.7856   7.8536  14.2457  19.0513  21.1070
    23.2429

          k = 0.5303-0.1768 0.5303 (   672 PWs)   bands (ev):

  -114.1908 -68.3905 -68.3891 -68.3886  -8.1146   3.2143   3.9446   4.0245
     4.8952   4.8999   5.5147   7.2853   7.7629  15.5999  18.0334  20.4341
    23.2079

          k = 0.4419-0.0884 0.4419 (   676 PWs)   bands (ev):

  -114.1908 -68.3904 -68.3894 -68.3885  -8.0963   3.4474   3.8944   4.0440
     4.8153   4.8224   5.3701   6.9442   8.0298  16.6850  17.2145  19.9663
    23.2042

          k = 0.3536 0.0000 0.3536 (   670 PWs)   bands (ev):

  -114.1909 -68.3901 -68.3891 -68.3883  -8.2381   3.4716   3.5919   3.7664
     4.7418   4.9094   6.0821   7.1489   8.4691  15.2523  18.7751  19.6818
    23.3689

          k = 0.0000 0.5303 0.0000 (   664 PWs)   bands (ev):

  -114.1908 -68.3905 -68.3888 -68.3888  -8.1451   2.8639   4.1024   4.1024
     4.6618   4.9243   6.5273   7.3781   7.3781  14.3516  18.7142  21.1149
    23.5813

          k = 0.6187-0.0884 0.6187 (   668 PWs)   bands (ev):

  -114.1908 -68.3907 -68.3891 -68.3889  -8.0326   2.9676   4.1959   4.2520
     4.8428   4.9227   5.9301   6.8999   7.2208  14.9706  18.4793  20.6131
    23.6503

          k = 0.5303 0.0000 0.5303 (   670 PWs)   bands (ev):

  -114.1908 -68.3904 -68.3896 -68.3888  -8.0136   3.2163   4.0997   4.4766
     4.8617   4.9714   5.2269   6.5528   7.5124  16.0253  18.0772  20.0251
    23.4690

          k = 0.0000-0.7071 0.0000 (   692 PWs)   bands (ev):

  -114.1908 -68.3909 -68.3890 -68.3890  -7.9970   2.8656   4.3175   4.3175
     4.7923   4.9478   6.0226   6.9689   6.9689  14.5819  18.4719  20.7496
    23.8394

          k =-0.1768 0.3536 0.0000 (   662 PWs)   bands (ev):

  -114.1909 -68.3897 -68.3886 -68.3882  -8.4193   3.1024   3.6731   3.7353
     4.7002   4.8762   6.8229   7.8592   8.5366  13.8159  19.6555  20.8645
    23.3385

          k = 0.4419-0.2652 0.6187 (   664 PWs)   bands (ev):

  -114.1909 -68.3903 -68.3890 -68.3884  -8.2017   3.3100   3.6950   3.9046
     4.7763   4.9121   5.8607   7.3777   8.1745  15.3023  18.3573  20.3236
    23.0039

          k = 0.3536-0.1768 0.5303 (   676 PWs)   bands (ev):

  -114.1908 -68.3906 -68.3891 -68.3886  -8.1095   3.4931   3.7205   4.0614
     4.7880   4.9988   5.1657   7.3014   7.9570  16.5193  17.1298  20.4130
    22.7736

          k = 0.5303-0.1768 0.7071 (   666 PWs)   bands (ev):

  -114.1908 -68.3904 -68.3891 -68.3888  -8.1198   3.0674   3.9425   4.1341
     4.7752   4.9175   6.1311   7.0403   7.5772  15.1300  18.6591  20.3970
    22.8546

          k = 0.4419-0.0884 0.6187 (   671 PWs)   bands (ev):

  -114.1908 -68.3904 -68.3895 -68.3888  -8.0285   3.3009   3.9811   4.3418
     4.7795   5.0894   5.3905   6.6283   7.4128  16.2529  18.1610  20.0559
    22.2369

          k = 0.3536 0.0000 0.5303 (   678 PWs)   bands (ev):

  -114.1908 -68.3902 -68.3896 -68.3887  -8.0633   3.4456   3.8145   4.2788
     4.7275   4.9203   5.5769   6.5988   7.7263  16.5961  17.9141  19.6506
    22.5448

          k =-0.1768-0.7071 0.0000 (   670 PWs)   bands (ev):

  -114.1908 -68.3906 -68.3893 -68.3890  -7.9951   3.0724   4.2617   4.2633
     4.8851   5.0066   5.7356   6.5996   7.0750  15.4342  18.4773  20.5975
    22.3609

          k =-0.3536-0.7071 0.0000 (   684 PWs)   bands (ev):

  -114.1908 -68.3902 -68.3897 -68.3890  -7.9932   3.3806   4.1114   4.2260
     4.7828   5.3109   5.5217   6.1447   7.1429  16.5898  18.4845  20.4868
    20.7475

     the Fermi energy is     9.6891 ev

!    total energy              =    -493.91070062 Ry
     Harris-Foulkes estimate   =    -493.91070062 Ry
     estimated scf accuracy    <          4.1E-10 Ry

     The total energy is the sum of the following terms:

     one-electron contribution =    -398.30498716 Ry
     hartree contribution      =     210.47330418 Ry
     xc contribution           =     -49.65154519 Ry
     ewald contribution        =    -256.42747246 Ry
     smearing contrib. (-TS)   =      -0.00000000 Ry

     convergence has been achieved in   8 iterations

     Forces acting on atoms (cartesian axes, Ry/au):

     atom    1 type  1   force =     0.00000000    0.00000000    0.00000000
     atom    2 type  2   force =     0.00000000    0.00000000    0.00000000

     Total force =     0.000000     Total SCF correction =     0.000000

     BFGS Geometry Optimization

     bfgs converged in   1 scf cycles and   0 bfgs steps
     (criteria: energy <  1.0E-04 Ry, force <  1.0E-03 Ry/Bohr)

     End of BFGS Geometry Optimization

     Final energy   =    -493.9107006220 Ry
Begin final coordinates

ATOMIC_POSITIONS (crystal)
Zn       0.000000000   0.000000000   0.000000000
O        0.250000000   0.250000000   0.250000000
End final coordinates



     Writing output data file ZnO.ZB.relax.save/
 
     init_run     :      0.17s CPU      0.21s WALL (       1 calls)
     electrons    :      1.78s CPU      1.91s WALL (       1 calls)
     forces       :      0.03s CPU      0.03s WALL (       1 calls)

     Called by init_run:
     wfcinit      :      0.07s CPU      0.10s WALL (       1 calls)
     potinit      :      0.00s CPU      0.00s WALL (       1 calls)
     hinit0       :      0.09s CPU      0.09s WALL (       1 calls)

     Called by electrons:
     c_bands      :      1.42s CPU      1.52s WALL (       8 calls)
     sum_band     :      0.29s CPU      0.31s WALL (       8 calls)
     v_of_rho     :      0.02s CPU      0.02s WALL (       9 calls)
     newd         :      0.05s CPU      0.05s WALL (       9 calls)
     mix_rho      :      0.00s CPU      0.00s WALL (       8 calls)

     Called by c_bands:
     init_us_2    :      0.04s CPU      0.04s WALL (     522 calls)
     cegterg      :      1.30s CPU      1.40s WALL (     232 calls)

     Called by sum_band:
     sum_band:bec :      0.00s CPU      0.00s WALL (     232 calls)
     addusdens    :      0.05s CPU      0.05s WALL (       8 calls)

     Called by *egterg:
     h_psi        :      0.97s CPU      1.05s WALL (     711 calls)
     s_psi        :      0.02s CPU      0.03s WALL (     711 calls)
     g_psi        :      0.00s CPU      0.00s WALL (     450 calls)
     cdiaghg      :      0.25s CPU      0.29s WALL (     682 calls)

     Called by h_psi:
     h_psi:pot    :      0.97s CPU      1.04s WALL (     711 calls)
     h_psi:calbec :      0.03s CPU      0.04s WALL (     711 calls)
     vloc_psi     :      0.91s CPU      0.97s WALL (     711 calls)
     add_vuspsi   :      0.03s CPU      0.03s WALL (     711 calls)

     General routines
     calbec       :      0.05s CPU      0.06s WALL (    1059 calls)
     fft          :      0.01s CPU      0.01s WALL (     127 calls)
     ffts         :      0.00s CPU      0.00s WALL (      17 calls)
     fftw         :      0.98s CPU      1.05s WALL (   23312 calls)
     interpolate  :      0.00s CPU      0.00s WALL (       9 calls)
 
     Parallel routines
     fft_scatt_xy :      0.14s CPU      0.16s WALL (   23456 calls)
     fft_scatt_yz :      0.26s CPU      0.28s WALL (   23456 calls)
 
     PWSCF        :     2.05s CPU         2.25s WALL

 
   This run was terminated on:  12:18:42  13Jun2019            

=------------------------------------------------------------------------------=
   JOB DONE.
=------------------------------------------------------------------------------=
