  1.0000000000000000E-02 Si_BCC_lattice_constant
  2.0000000000000001E-01 Si_BCC_phonon_frequency
  2.9999999999999999E-02 SiC_ZB_band_gap
