===== VARIABLES =====
EXE_PATH = /scr/szymansk/2019-3/qe-bin/bin/pw.x
tpp = 4
Parallel keywords = -nimage 1
MPIRUN_EXE = orterun
PATH = /scr/szymansk/2019-3/mmshare-v4.7/lib/Linux-x86_64/openmpi/bin:/scr/szymansk/2019-3/internal/bin:/scr/szymansk/2019-3/mmshare-v4.7/bin/Linux-x86_64:/home/szymansk/bin:/scr/szymansk/dakota/bin:/scr/szymansk/atompaw-4.1.0.5/src/:/usr/lib64/qt-3.3/bin:/usr/local/bin:/usr/local/sbin:/usr/bin:/usr/sbin:/bin:/sbin
LD_LIBRARY_PATH = /scr/szymansk/2019-3/mmshare-v4.7/lib/Linux-x86_64/openmpi/lib:/scr/szymansk/2019-3/internal/lib/ssl:/scr/szymansk/2019-3/internal/lib:/scr/szymansk/2019-3/mmshare-v4.7/lib/Linux-x86_64:/scr/szymansk/2019-3/internal/lib/python3.6/site-packages:/scr/szymansk/dakota/bin:/software/lib/Linux-x86_64/ifort_2017.1.132/mkl/lib/intel64
===== END VARIABLES =====
Invoking: exe_cmd () 
{ 
    "$MPIRUN_EXE" -np $tpp "$EXE_PATH" -in $input_file "${P_KEYWORDS[@]}"
}

     Program PWSCF v.6.3MaX starts on 13Jun2019 at 12:19: 0 

     This program is part of the open-source Quantum ESPRESSO suite
     for quantum simulation of materials; please cite
         "P. Giannozzi et al., J. Phys.:Condens. Matter 21 395502 (2009);
         "P. Giannozzi et al., J. Phys.:Condens. Matter 29 465901 (2017);
          URL http://www.quantum-espresso.org", 
     in publications or presentations arising from this work. More details at
     http://www.quantum-espresso.org/quote

     Parallel version (MPI), running on     4 processors

     MPI processes distributed on     1 nodes
     R & G space division:  proc/nbgrp/npool/nimage =       4
     Reading input from ZnO.ZB.relax.in
Warning: card &CELL ignored
Warning: card   CELL_DYNAMICS='BFGS' ignored
Warning: card / ignored

     Current dimensions of program PWSCF are:
     Max number of different atomic species (ntypx) = 10
     Max number of k-points (npk) =  40000
     Max angular momentum in pseudopotentials (lmaxx) =  3

     Subspace diagonalization in iterative solution of the eigenvalue problem:
     a serial algorithm will be used

 
     Parallelization info
     --------------------
     sticks:   dense  smooth     PW     G-vecs:    dense   smooth      PW
     Min         129     107     34                 1997     1454     266
     Max         130     109     35                 1999     1455     267
     Sum         517     433    139                 7991     5817    1067
 


     bravais-lattice index     =            0
     lattice parameter (alat)  =       6.2098  a.u.
     unit-cell volume          =     169.3254 (a.u.)^3
     number of atoms/cell      =            2
     number of atomic types    =            2
     number of electrons       =        26.00
     number of Kohn-Sham states=           17
     kinetic-energy cutoff     =      40.0000  Ry
     charge density cutoff     =     200.0000  Ry
     convergence threshold     =      1.0E-08
     mixing beta               =       0.7000
     number of iterations used =            8  plain     mixing
     Exchange-correlation      = SLA  PW   PBE  PBE ( 1  4  3  4 0 0)
     nstep                     =           50


     celldm(1)=   6.209820  celldm(2)=   0.000000  celldm(3)=   0.000000
     celldm(4)=   0.000000  celldm(5)=   0.000000  celldm(6)=   0.000000

     crystal axes: (cart. coord. in units of alat)
               a(1) = (  -0.707107   0.000000   0.707107 )  
               a(2) = (   0.000000   0.707107   0.707107 )  
               a(3) = (  -0.707107   0.707107   0.000000 )  

     reciprocal axes: (cart. coord. in units 2 pi/alat)
               b(1) = ( -0.707107 -0.707107  0.707107 )  
               b(2) = (  0.707107  0.707107  0.707107 )  
               b(3) = ( -0.707107  0.707107 -0.707107 )  


     PseudoPot. # 1 for Zn read from file:
     ./Zn.GGA-PBE-paw.UPF
     MD5 check sum: df62231357ef9e81f77b2b3087fa5675
     Pseudo is Ultrasoft, Zval = 20.0
     Generated by new atomic code, or converted to UPF format
     Using radial grid of  943 points,  6 beta functions with: 
                l(1) =   0
                l(2) =   0
                l(3) =   1
                l(4) =   1
                l(5) =   2
                l(6) =   2
     Q(r) pseudized with  8 coefficients,  rinner =    1.100   1.100   1.100
                                                       1.100   1.100

     PseudoPot. # 2 for O  read from file:
     ./O.GGA-PBE-paw.UPF
     MD5 check sum: 734c27235a0248c51dbae37a1fbe46ec
     Pseudo is Ultrasoft + core correction, Zval =  6.0
     Generated by new atomic code, or converted to UPF format
     Using radial grid of  737 points,  5 beta functions with: 
                l(1) =   0
                l(2) =   0
                l(3) =   1
                l(4) =   1
                l(5) =   2
     Q(r) pseudized with  8 coefficients,  rinner =    0.900   0.900   0.900
                                                       0.900   0.900

     atomic species   valence    mass     pseudopotential
        Zn            20.00    65.39000     Zn( 1.00)
        O              6.00    15.99940     O ( 1.00)

     24 Sym. Ops. (no inversion) found



   Cartesian axes

     site n.     atom                  positions (alat units)
         1           Zn  tau(   1) = (   0.0000000   0.0000000   0.0000000  )
         2           O   tau(   2) = (  -0.3535534   0.3535534   0.3535534  )

     number of k points=    29  Fermi-Dirac smearing, width (Ry)=  0.0020
                       cart. coord. in units 2pi/alat
        k(    1) = (   0.0000000   0.0000000   0.0000000), wk =   0.0039062
        k(    2) = (  -0.0883883   0.0883883  -0.0883883), wk =   0.0312500
        k(    3) = (  -0.1767767   0.1767767  -0.1767767), wk =   0.0312500
        k(    4) = (  -0.2651650   0.2651650  -0.2651650), wk =   0.0312500
        k(    5) = (   0.3535534  -0.3535534   0.3535534), wk =   0.0156250
        k(    6) = (   0.0000000   0.1767767   0.0000000), wk =   0.0234375
        k(    7) = (  -0.0883883   0.2651650  -0.0883883), wk =   0.0937500
        k(    8) = (  -0.1767767   0.3535534  -0.1767767), wk =   0.0937500
        k(    9) = (   0.4419417  -0.2651650   0.4419417), wk =   0.0937500
        k(   10) = (   0.3535534  -0.1767767   0.3535534), wk =   0.0937500
        k(   11) = (   0.2651650  -0.0883883   0.2651650), wk =   0.0937500
        k(   12) = (   0.1767767   0.0000000   0.1767767), wk =   0.0468750
        k(   13) = (   0.0000000   0.3535534   0.0000000), wk =   0.0234375
        k(   14) = (  -0.0883883   0.4419417  -0.0883883), wk =   0.0937500
        k(   15) = (   0.5303301  -0.1767767   0.5303301), wk =   0.0937500
        k(   16) = (   0.4419417  -0.0883883   0.4419417), wk =   0.0937500
        k(   17) = (   0.3535534   0.0000000   0.3535534), wk =   0.0468750
        k(   18) = (   0.0000000   0.5303301   0.0000000), wk =   0.0234375
        k(   19) = (   0.6187184  -0.0883883   0.6187184), wk =   0.0937500
        k(   20) = (   0.5303301   0.0000000   0.5303301), wk =   0.0468750
        k(   21) = (   0.0000000  -0.7071068   0.0000000), wk =   0.0117188
        k(   22) = (  -0.1767767   0.3535534   0.0000000), wk =   0.0937500
        k(   23) = (   0.4419417  -0.2651650   0.6187184), wk =   0.1875000
        k(   24) = (   0.3535534  -0.1767767   0.5303301), wk =   0.0937500
        k(   25) = (   0.5303301  -0.1767767   0.7071068), wk =   0.0937500
        k(   26) = (   0.4419417  -0.0883883   0.6187184), wk =   0.1875000
        k(   27) = (   0.3535534   0.0000000   0.5303301), wk =   0.0937500
        k(   28) = (  -0.1767767  -0.7071068   0.0000000), wk =   0.0468750
        k(   29) = (  -0.3535534  -0.7071068   0.0000000), wk =   0.0234375

     Dense  grid:     7991 G-vectors     FFT dimensions: (  27,  27,  27)

     Smooth grid:     5817 G-vectors     FFT dimensions: (  25,  25,  25)

     Estimated max dynamical RAM per process >      10.78 MB

     Estimated total dynamical RAM >      43.12 MB

     Check: negative/imaginary core charge=   -0.000003    0.000000

     Initial potential from superposition of free atoms

     starting charge   25.99986, renormalised to   26.00000
     Starting wfcs are   17 randomized atomic wfcs

     total cpu time spent up to now is        0.3 secs

     Self-consistent Calculation

     iteration #  1     ecut=    40.00 Ry     beta= 0.70
     Davidson diagonalization with overlap
     ethr =  1.00E-02,  avg # of iterations =  3.0

     total cpu time spent up to now is        0.6 secs

     total energy              =    -493.68770023 Ry
     Harris-Foulkes estimate   =    -494.03113982 Ry
     estimated scf accuracy    <       0.44791261 Ry

     iteration #  2     ecut=    40.00 Ry     beta= 0.70
     Davidson diagonalization with overlap
     ethr =  1.72E-03,  avg # of iterations =  2.2

     total cpu time spent up to now is        0.8 secs

     total energy              =    -493.75143471 Ry
     Harris-Foulkes estimate   =    -494.12518346 Ry
     estimated scf accuracy    <       0.86212113 Ry

     iteration #  3     ecut=    40.00 Ry     beta= 0.70
     Davidson diagonalization with overlap
     ethr =  1.72E-03,  avg # of iterations =  2.0

     total cpu time spent up to now is        1.0 secs

     total energy              =    -493.91260970 Ry
     Harris-Foulkes estimate   =    -493.91523129 Ry
     estimated scf accuracy    <       0.00525327 Ry

     iteration #  4     ecut=    40.00 Ry     beta= 0.70
     Davidson diagonalization with overlap
     ethr =  2.02E-05,  avg # of iterations =  2.0

     total cpu time spent up to now is        1.1 secs

     total energy              =    -493.91380872 Ry
     Harris-Foulkes estimate   =    -493.91456112 Ry
     estimated scf accuracy    <       0.00183718 Ry

     iteration #  5     ecut=    40.00 Ry     beta= 0.70
     Davidson diagonalization with overlap
     ethr =  7.07E-06,  avg # of iterations =  2.0

     total cpu time spent up to now is        1.3 secs

     total energy              =    -493.91412657 Ry
     Harris-Foulkes estimate   =    -493.91414596 Ry
     estimated scf accuracy    <       0.00004547 Ry

     iteration #  6     ecut=    40.00 Ry     beta= 0.70
     Davidson diagonalization with overlap
     ethr =  1.75E-07,  avg # of iterations =  1.6

     total cpu time spent up to now is        1.4 secs

     total energy              =    -493.91413205 Ry
     Harris-Foulkes estimate   =    -493.91413165 Ry
     estimated scf accuracy    <       0.00000048 Ry

     iteration #  7     ecut=    40.00 Ry     beta= 0.70
     Davidson diagonalization with overlap
     ethr =  1.86E-09,  avg # of iterations =  2.0

     total cpu time spent up to now is        1.6 secs

     total energy              =    -493.91413215 Ry
     Harris-Foulkes estimate   =    -493.91413217 Ry
     estimated scf accuracy    <       0.00000005 Ry

     iteration #  8     ecut=    40.00 Ry     beta= 0.70
     Davidson diagonalization with overlap
     ethr =  1.85E-10,  avg # of iterations =  1.0

     total cpu time spent up to now is        1.7 secs

     End of self-consistent calculation

          k = 0.0000 0.0000 0.0000 (   725 PWs)   bands (ev):

  -115.4337 -69.6271 -69.6271 -69.6271  -9.6659   2.4367   2.4367   2.4367
     3.5700   3.5700   7.9624   7.9624   7.9624   8.5924  21.1082  21.1082
    21.1082

          k =-0.0884 0.0884-0.0884 (   718 PWs)   bands (ev):

  -115.4337 -69.6274 -69.6272 -69.6272  -9.5785   2.3770   2.4797   2.4797
     3.5641   3.5641   6.9629   7.8565   7.8565   9.6888  19.9182  21.2201
    21.2201

          k =-0.1768 0.1768-0.1768 (   721 PWs)   bands (ev):

  -115.4337 -69.6281 -69.6273 -69.6273  -9.3610   2.3182   2.5742   2.5742
     3.5699   3.5699   5.7057   7.5986   7.5986  11.1577  17.9863  21.2542
    21.2542

          k =-0.2652 0.2652-0.2652 (   736 PWs)   bands (ev):

  -115.4336 -69.6288 -69.6274 -69.6274  -9.1335   2.4628   2.6481   2.6481
     3.6146   3.6146   4.5207   7.3325   7.3325  12.5411  16.4455  21.0022
    21.0022

          k = 0.3536-0.3536 0.3536 (   718 PWs)   bands (ev):

  -115.4336 -69.6291 -69.6274 -69.6274  -9.0361   2.6706   2.6706   2.6971
     3.6479   3.6479   3.8864   7.2182   7.2182  13.2522  15.7339  20.8484
    20.8484

          k = 0.0000 0.1768 0.0000 (   717 PWs)   bands (ev):

  -115.4337 -69.6274 -69.6272 -69.6272  -9.5497   2.3234   2.5143   2.5143
     3.5309   3.5893   6.9746   7.6878   7.6878   9.9675  19.9482  21.0830
    21.0830

          k =-0.0884 0.2652-0.0884 (   718 PWs)   bands (ev):

  -115.4337 -69.6279 -69.6274 -69.6273  -9.3763   2.2499   2.6034   2.6148
     3.5089   3.6080   6.0877   7.3820   7.4522  11.1292  18.5497  20.7459
    21.1267

          k =-0.1768 0.3536-0.1768 (   724 PWs)   bands (ev):

  -115.4336 -69.6286 -69.6275 -69.6275  -9.1521   2.3448   2.6895   2.7061
     3.5559   3.6399   4.9368   7.1105   7.1239  12.5390  16.9794  20.0824
    21.0697

          k = 0.4419-0.2652 0.4419 (   722 PWs)   bands (ev):

  -115.4336 -69.6290 -69.6276 -69.6275  -9.0103   2.5823   2.7371   2.8141
     3.6502   3.6793   3.9819   6.8187   7.0390  13.7156  15.8094  19.7506
    20.9909

          k = 0.3536-0.1768 0.3536 (   730 PWs)   bands (ev):

  -115.4336 -69.6289 -69.6277 -69.6274  -9.0423   2.6331   2.6702   2.7129
     3.5936   3.6737   4.2491   6.7171   7.2193  13.4549  16.1161  19.5899
    21.1499

          k = 0.2652-0.0884 0.2652 (   730 PWs)   bands (ev):

  -115.4336 -69.6284 -69.6276 -69.6273  -9.2269   2.3598   2.6299   2.6364
     3.5332   3.6314   5.3023   6.9119   7.5330  12.1166  17.5578  19.6677
    21.5409

          k = 0.1768 0.0000 0.1768 (   737 PWs)   bands (ev):

  -115.4337 -69.6278 -69.6274 -69.6272  -9.4479   2.3144   2.5348   2.5582
     3.5322   3.5898   6.3211   7.3833   7.7932  10.6827  19.0558  20.3480
    21.5878

          k = 0.0000 0.3536 0.0000 (   713 PWs)   bands (ev):

  -115.4336 -69.6281 -69.6275 -69.6275  -9.2638   2.1284   2.7399   2.7399
     3.4566   3.6360   6.0503   7.0025   7.0025  11.7081  18.0881  21.1804
    21.2449

          k =-0.0884 0.4419-0.0884 (   722 PWs)   bands (ev):

  -115.4336 -69.6285 -69.6277 -69.6276  -9.0854   2.1527   2.8688   2.8689
     3.4947   3.6619   5.3392   6.5859   6.6712  12.7338  17.2185  19.5136
    21.3522

          k = 0.5303-0.1768 0.5303 (   713 PWs)   bands (ev):

  -115.4336 -69.6288 -69.6280 -69.6277  -8.9455   2.3652   2.9166   3.0339
     3.6595   3.6959   4.3552   6.1070   6.5943  14.0463  16.2693  18.7430
    21.3374

          k = 0.4419-0.0884 0.4419 (   718 PWs)   bands (ev):

  -115.4336 -69.6288 -69.6282 -69.6276  -8.9304   2.5374   2.8725   3.1555
     3.5942   3.6534   4.1289   5.7983   6.8303  14.9375  15.6697  18.2338
    21.3561

          k = 0.3536 0.0000 0.3536 (   716 PWs)   bands (ev):

  -115.4336 -69.6286 -69.6280 -69.6274  -9.0486   2.6055   2.6496   2.7608
     3.5336   3.6768   4.8350   6.0156   7.2204  13.5925  17.1139  18.0229
    21.5152

          k = 0.0000 0.5303 0.0000 (   725 PWs)   bands (ev):

  -115.4336 -69.6288 -69.6278 -69.6278  -8.9706   2.0579   3.0534   3.0534
     3.4778   3.6829   5.2547   6.2511   6.2511  12.9319  16.7840  19.6122
    21.6274

          k = 0.6187-0.0884 0.6187 (   726 PWs)   bands (ev):

  -115.4335 -69.6289 -69.6280 -69.6278  -8.8769   2.1553   3.1310   3.1770
     3.6436   3.6819   4.7620   5.7905   6.1153  13.5768  16.4956  19.0463
    21.6916

          k = 0.5303 0.0000 0.5303 (   724 PWs)   bands (ev):

  -115.4335 -69.6288 -69.6283 -69.6278  -8.8611   2.3591   3.0497   3.3489
     3.6321   3.9340   4.0580   5.4186   6.3709  14.6109  16.1224  18.3485
    21.5574

          k = 0.0000-0.7071 0.0000 (   740 PWs)   bands (ev):

  -115.4335 -69.6291 -69.6279 -69.6279  -8.8472   2.0697   3.2314   3.2314
     3.5910   3.7023   4.8136   5.8977   5.8977  13.2398  16.4549  19.2370
    21.8420

          k =-0.1768 0.3536 0.0000 (   723 PWs)   bands (ev):

  -115.4336 -69.6283 -69.6277 -69.6274  -9.1999   2.2510   2.6890   2.7406
     3.5010   3.6436   5.5348   6.6709   7.2724  12.2617  17.8479  19.2655
    21.4539

          k = 0.4419-0.2652 0.6187 (   725 PWs)   bands (ev):

  -115.4336 -69.6287 -69.6279 -69.6275  -9.0183   2.4553   2.7209   2.9080
     3.5671   3.6787   4.6477   6.2181   6.9505  13.6751  16.6690  18.6495
    21.1570

          k = 0.3536-0.1768 0.5303 (   722 PWs)   bands (ev):

  -115.4336 -69.6289 -69.6280 -69.6276  -8.9415   2.5844   2.7628   3.1271
     3.5789   3.8430   3.8867   6.1345   6.7610  14.7557  15.6024  18.6789
    20.9483

          k = 0.5303-0.1768 0.7071 (   728 PWs)   bands (ev):

  -115.4336 -69.6288 -69.6279 -69.6278  -8.9496   2.2386   2.9226   3.0892
     3.5757   3.6810   4.9127   5.9456   6.4012  13.6363  16.7535  18.8288
    20.9587

          k = 0.4419-0.0884 0.6187 (   719 PWs)   bands (ev):

  -115.4335 -69.6287 -69.6282 -69.6278  -8.8735   2.4311   2.9648   3.2782
     3.5779   3.8708   4.2604   5.5419   6.2507  14.7778  16.2437  18.3859
    20.3955

          k = 0.3536 0.0000 0.5303 (   720 PWs)   bands (ev):

  -115.4336 -69.6286 -69.6283 -69.6277  -8.9026   2.5417   2.8390   3.2725
     3.5297   3.7274   4.3587   5.5102   6.5414  14.9970  16.1582  17.9566
    20.7037

          k =-0.1768-0.7071 0.0000 (   730 PWs)   bands (ev):

  -115.4335 -69.6289 -69.6281 -69.6279  -8.8456   2.2451   3.1675   3.2073
     3.6525   3.7806   4.5946   5.5812   5.9306  14.0432  16.4575  19.0252
    20.4436

          k =-0.3536-0.7071 0.0000 (   724 PWs)   bands (ev):

  -115.4335 -69.6286 -69.6284 -69.6279  -8.8440   2.4922   3.1268   3.1387
     3.5671   3.9983   4.3956   5.2323   5.9539  15.1493  16.4613  18.8843
    18.9053

     the Fermi energy is     8.2938 ev

!    total energy              =    -493.91413216 Ry
     Harris-Foulkes estimate   =    -493.91413216 Ry
     estimated scf accuracy    <          5.3E-10 Ry

     The total energy is the sum of the following terms:

     one-electron contribution =    -409.98403244 Ry
     hartree contribution      =     215.17756819 Ry
     xc contribution           =     -49.56750998 Ry
     ewald contribution        =    -249.54015792 Ry
     smearing contrib. (-TS)   =      -0.00000000 Ry

     convergence has been achieved in   8 iterations

     Forces acting on atoms (cartesian axes, Ry/au):

     atom    1 type  1   force =     0.00000000    0.00000000    0.00000000
     atom    2 type  2   force =     0.00000000    0.00000000    0.00000000

     Total force =     0.000000     Total SCF correction =     0.000000

     BFGS Geometry Optimization

     bfgs converged in   1 scf cycles and   0 bfgs steps
     (criteria: energy <  1.0E-04 Ry, force <  1.0E-03 Ry/Bohr)

     End of BFGS Geometry Optimization

     Final energy   =    -493.9141321564 Ry
Begin final coordinates

ATOMIC_POSITIONS (crystal)
Zn       0.000000000   0.000000000   0.000000000
O        0.250000000   0.250000000   0.250000000
End final coordinates



     Writing output data file ZnO.ZB.relax.save/
 
     init_run     :      0.18s CPU      0.21s WALL (       1 calls)
     electrons    :      1.33s CPU      1.46s WALL (       1 calls)
     forces       :      0.02s CPU      0.02s WALL (       1 calls)

     Called by init_run:
     wfcinit      :      0.07s CPU      0.09s WALL (       1 calls)
     potinit      :      0.01s CPU      0.01s WALL (       1 calls)
     hinit0       :      0.10s CPU      0.10s WALL (       1 calls)

     Called by electrons:
     c_bands      :      1.06s CPU      1.17s WALL (       8 calls)
     sum_band     :      0.22s CPU      0.23s WALL (       8 calls)
     v_of_rho     :      0.02s CPU      0.02s WALL (       9 calls)
     newd         :      0.04s CPU      0.04s WALL (       9 calls)
     mix_rho      :      0.00s CPU      0.00s WALL (       8 calls)

     Called by c_bands:
     init_us_2    :      0.03s CPU      0.03s WALL (     522 calls)
     cegterg      :      0.99s CPU      1.09s WALL (     232 calls)

     Called by sum_band:
     sum_band:bec :      0.00s CPU      0.00s WALL (     232 calls)
     addusdens    :      0.04s CPU      0.04s WALL (       8 calls)

     Called by *egterg:
     h_psi        :      0.73s CPU      0.81s WALL (     719 calls)
     s_psi        :      0.02s CPU      0.02s WALL (     719 calls)
     g_psi        :      0.00s CPU      0.00s WALL (     458 calls)
     cdiaghg      :      0.21s CPU      0.25s WALL (     690 calls)

     Called by h_psi:
     h_psi:pot    :      0.73s CPU      0.81s WALL (     719 calls)
     h_psi:calbec :      0.03s CPU      0.03s WALL (     719 calls)
     vloc_psi     :      0.68s CPU      0.75s WALL (     719 calls)
     add_vuspsi   :      0.02s CPU      0.02s WALL (     719 calls)

     General routines
     calbec       :      0.05s CPU      0.05s WALL (    1067 calls)
     fft          :      0.01s CPU      0.01s WALL (     127 calls)
     ffts         :      0.00s CPU      0.00s WALL (      17 calls)
     fftw         :      0.74s CPU      0.81s WALL (   23344 calls)
     interpolate  :      0.00s CPU      0.00s WALL (       9 calls)
 
     Parallel routines
     fft_scatt_xy :      0.10s CPU      0.12s WALL (   23488 calls)
     fft_scatt_yz :      0.26s CPU      0.28s WALL (   23488 calls)
 
     PWSCF        :     1.61s CPU         1.81s WALL

 
   This run was terminated on:  12:19: 2  13Jun2019            

=------------------------------------------------------------------------------=
   JOB DONE.
=------------------------------------------------------------------------------=
