===== VARIABLES =====
EXE_PATH = /scr/szymansk/2019-3/qe-bin/bin/pw.x
tpp = 4
Parallel keywords = -nimage 1
MPIRUN_EXE = orterun
PATH = /scr/szymansk/2019-3/mmshare-v4.7/lib/Linux-x86_64/openmpi/bin:/scr/szymansk/2019-3/internal/bin:/scr/szymansk/2019-3/mmshare-v4.7/bin/Linux-x86_64:/home/szymansk/bin:/scr/szymansk/dakota/bin:/scr/szymansk/atompaw-4.1.0.5/src/:/usr/lib64/qt-3.3/bin:/usr/local/bin:/usr/local/sbin:/usr/bin:/usr/sbin:/bin:/sbin
LD_LIBRARY_PATH = /scr/szymansk/2019-3/mmshare-v4.7/lib/Linux-x86_64/openmpi/lib:/scr/szymansk/2019-3/internal/lib/ssl:/scr/szymansk/2019-3/internal/lib:/scr/szymansk/2019-3/mmshare-v4.7/lib/Linux-x86_64:/scr/szymansk/2019-3/internal/lib/python3.6/site-packages:/scr/szymansk/dakota/bin:/software/lib/Linux-x86_64/ifort_2017.1.132/mkl/lib/intel64
SCHRODINGER_MPI_NODEFILE = /scr/szymansk/qe_runner#nyc-desk-l205-0-5d30bb93/nyc-desk-l205-0-5d30bb93.mpinodes:
localhost
SCHRODINGER_NODEFILE = /scr/szymansk/qe_runner#nyc-desk-l205-0-5d30bb93/nyc-desk-l205-0-5d30bb93.nodes:
localhost
===== END VARIABLES =====
Invoking: exe_cmd () 
{ 
    "$MPIRUN_EXE" -hostfile "$SCHRODINGER_MPI_NODEFILE" -np $tpp "$EXE_PATH" -in $input_file "${P_KEYWORDS[@]}"
}

     Program PWSCF v.6.3MaX starts on 18Jul2019 at 14:33:58 

     This program is part of the open-source Quantum ESPRESSO suite
     for quantum simulation of materials; please cite
         "P. Giannozzi et al., J. Phys.:Condens. Matter 21 395502 (2009);
         "P. Giannozzi et al., J. Phys.:Condens. Matter 29 465901 (2017);
          URL http://www.quantum-espresso.org", 
     in publications or presentations arising from this work. More details at
     http://www.quantum-espresso.org/quote

     Parallel version (MPI), running on     4 processors

     MPI processes distributed on     1 nodes
     R & G space division:  proc/nbgrp/npool/nimage =       4
     Reading input from pw.in

     Current dimensions of program PWSCF are:
     Max number of different atomic species (ntypx) = 10
     Max number of k-points (npk) =  40000
     Max angular momentum in pseudopotentials (lmaxx) =  3
               file Si.GGA-PBE-paw.UPF: wavefunction(s)  Xn Xn renormalized

     Subspace diagonalization in iterative solution of the eigenvalue problem:
     a serial algorithm will be used

 
     Parallelization info
     --------------------
     sticks:   dense  smooth     PW     G-vecs:    dense   smooth      PW
     Min         115      94     22                 1700     1219     148
     Max         116      95     23                 1702     1220     149
     Sum         461     379     91                 6803     4879     595
 


     bravais-lattice index     =           11
     lattice parameter (alat)  =       6.0000  a.u.
     unit-cell volume          =     142.5600 (a.u.)^3
     number of atoms/cell      =            1
     number of atomic types    =            1
     number of electrons       =         4.00
     number of Kohn-Sham states=            6
     kinetic-energy cutoff     =      40.0000  Ry
     charge density cutoff     =     200.0000  Ry
     convergence threshold     =      1.0E-08
     mixing beta               =       0.7000
     number of iterations used =            8  plain     mixing
     Exchange-correlation      = SLA PW PBX PBC ( 1  4  3  4 0 0)
     nstep                     =            1


     celldm(1)=   6.000000  celldm(2)=   1.100000  celldm(3)=   1.200000
     celldm(4)=   0.000000  celldm(5)=   0.000000  celldm(6)=   0.000000

     crystal axes: (cart. coord. in units of alat)
               a(1) = (   0.500000   0.550000   0.600000 )  
               a(2) = (  -0.500000   0.550000   0.600000 )  
               a(3) = (  -0.500000  -0.550000   0.600000 )  

     reciprocal axes: (cart. coord. in units 2 pi/alat)
               b(1) = (  1.000000  0.000000  0.833333 )  
               b(2) = ( -1.000000  0.909091  0.000000 )  
               b(3) = (  0.000000 -0.909091  0.833333 )  


     PseudoPot. # 1 for Si read from file:
     ./Si.GGA-PBE-paw.UPF
     MD5 check sum: 41374bf13e57aa3ce95dd2eef56016b4
     Pseudo is Projector augmented-wave + core cor, Zval =  4.0
     Generated using ATOMPAW code
     Shape of augmentation charge: BESSEL
     Using radial grid of 2342 points,  4 beta functions with: 
                l(1) =   0
                l(2) =   0
                l(3) =   1
                l(4) =   1
     Q(r) pseudized with 0 coefficients 


     atomic species   valence    mass     pseudopotential
        Si             4.00    28.08550     Si( 1.00)

      8 Sym. Ops., with inversion, found



   Cartesian axes

     site n.     atom                  positions (alat units)
         1           Si  tau(   1) = (   0.0000000   0.0000000   0.0000000  )

     number of k points=     1  Fermi-Dirac smearing, width (Ry)=  0.0020
                       cart. coord. in units 2pi/alat
        k(    1) = (   0.0000000   0.0000000   0.0000000), wk =   2.0000000

     Dense  grid:     6803 G-vectors     FFT dimensions: (  25,  25,  25)

     Smooth grid:     4879 G-vectors     FFT dimensions: (  24,  24,  24)

     Estimated max dynamical RAM per process >       2.96 MB

     Estimated total dynamical RAM >      11.82 MB

     Initial potential from superposition of free atoms
     Check: negative starting charge=   -0.002055

     starting charge    3.99937, renormalised to    4.00000

     negative rho (up, down):  2.055E-03 0.000E+00
     Starting wfcs are    8 randomized atomic wfcs
     Checking if some PAW data can be deallocated... 

     total cpu time spent up to now is        1.0 secs

     Self-consistent Calculation

     iteration #  1     ecut=    40.00 Ry     beta= 0.70
     Davidson diagonalization with overlap
     ethr =  1.00E-02,  avg # of iterations =  9.0

     negative rho (up, down):  3.198E-03 0.000E+00

     total cpu time spent up to now is        1.0 secs

     total energy              =     -45.92133756 Ry
     Harris-Foulkes estimate   =     -45.95034000 Ry
     estimated scf accuracy    <       0.11895310 Ry

     iteration #  2     ecut=    40.00 Ry     beta= 0.70
     Davidson diagonalization with overlap
     ethr =  2.97E-03,  avg # of iterations =  1.0

     negative rho (up, down):  2.319E-03 0.000E+00

     total cpu time spent up to now is        1.0 secs

     total energy              =     -45.93320342 Ry
     Harris-Foulkes estimate   =     -45.97225551 Ry
     estimated scf accuracy    <       0.34572464 Ry

     iteration #  3     ecut=    40.00 Ry     beta= 0.70
     Davidson diagonalization with overlap
     ethr =  2.97E-03,  avg # of iterations =  1.0

     negative rho (up, down):  1.940E-03 0.000E+00

     total cpu time spent up to now is        1.1 secs

     total energy              =     -45.93868295 Ry
     Harris-Foulkes estimate   =     -45.93908671 Ry
     estimated scf accuracy    <       0.00571639 Ry

     iteration #  4     ecut=    40.00 Ry     beta= 0.70
     Davidson diagonalization with overlap
     ethr =  1.43E-04,  avg # of iterations =  2.0

     negative rho (up, down):  2.195E-03 0.000E+00

     total cpu time spent up to now is        1.1 secs

     total energy              =     -45.93463357 Ry
     Harris-Foulkes estimate   =     -45.94125821 Ry
     estimated scf accuracy    <       0.04898351 Ry

     iteration #  5     ecut=    40.00 Ry     beta= 0.70
     Davidson diagonalization with overlap
     ethr =  1.43E-04,  avg # of iterations =  1.0

     negative rho (up, down):  1.839E-03 0.000E+00

     total cpu time spent up to now is        1.1 secs

     total energy              =     -45.93580651 Ry
     Harris-Foulkes estimate   =     -45.94409203 Ry
     estimated scf accuracy    <       0.12973509 Ry

     iteration #  6     ecut=    40.00 Ry     beta= 0.70
     Davidson diagonalization with overlap
     ethr =  1.43E-04,  avg # of iterations =  1.0

     negative rho (up, down):  1.767E-03 0.000E+00

     total cpu time spent up to now is        1.1 secs

     total energy              =     -45.93975860 Ry
     Harris-Foulkes estimate   =     -45.93999623 Ry
     estimated scf accuracy    <       0.00321454 Ry

     iteration #  7     ecut=    40.00 Ry     beta= 0.70
     Davidson diagonalization with overlap
     ethr =  8.04E-05,  avg # of iterations =  1.0

     negative rho (up, down):  1.666E-03 0.000E+00

     total cpu time spent up to now is        1.2 secs

     total energy              =     -45.93985871 Ry
     Harris-Foulkes estimate   =     -45.93997426 Ry
     estimated scf accuracy    <       0.00101450 Ry

     iteration #  8     ecut=    40.00 Ry     beta= 0.70
     Davidson diagonalization with overlap
     ethr =  2.54E-05,  avg # of iterations =  1.0

     negative rho (up, down):  1.635E-03 0.000E+00

     total cpu time spent up to now is        1.2 secs

     total energy              =     -45.93986461 Ry
     Harris-Foulkes estimate   =     -45.94002908 Ry
     estimated scf accuracy    <       0.00226232 Ry

     iteration #  9     ecut=    40.00 Ry     beta= 0.70
     Davidson diagonalization with overlap
     ethr =  2.54E-05,  avg # of iterations =  1.0

     negative rho (up, down):  1.557E-03 0.000E+00

     total cpu time spent up to now is        1.2 secs

     total energy              =     -45.93997119 Ry
     Harris-Foulkes estimate   =     -45.93999938 Ry
     estimated scf accuracy    <       0.00062385 Ry

     iteration # 10     ecut=    40.00 Ry     beta= 0.70
     Davidson diagonalization with overlap
     ethr =  1.56E-05,  avg # of iterations =  1.0

     negative rho (up, down):  1.552E-03 0.000E+00

     total cpu time spent up to now is        1.2 secs

     total energy              =     -45.93999227 Ry
     Harris-Foulkes estimate   =     -45.93999242 Ry
     estimated scf accuracy    <       0.00000184 Ry

     iteration # 11     ecut=    40.00 Ry     beta= 0.70
     Davidson diagonalization with overlap
     ethr =  4.61E-08,  avg # of iterations =  8.0

     negative rho (up, down):  1.552E-03 0.000E+00

     total cpu time spent up to now is        1.3 secs

     total energy              =     -45.94000736 Ry
     Harris-Foulkes estimate   =     -45.94000714 Ry
     estimated scf accuracy    <       0.00001579 Ry

     iteration # 12     ecut=    40.00 Ry     beta= 0.70
     Davidson diagonalization with overlap
     ethr =  4.61E-08,  avg # of iterations =  1.0

     negative rho (up, down):  1.543E-03 0.000E+00

     total cpu time spent up to now is        1.3 secs

     total energy              =     -45.94000752 Ry
     Harris-Foulkes estimate   =     -45.94000740 Ry
     estimated scf accuracy    <       0.00002584 Ry

     iteration # 13     ecut=    40.00 Ry     beta= 0.70
     Davidson diagonalization with overlap
     ethr =  4.61E-08,  avg # of iterations =  1.0

     negative rho (up, down):  1.539E-03 0.000E+00

     total cpu time spent up to now is        1.3 secs

     total energy              =     -45.94000599 Ry
     Harris-Foulkes estimate   =     -45.94000753 Ry
     estimated scf accuracy    <       0.00003248 Ry

     iteration # 14     ecut=    40.00 Ry     beta= 0.70
     Davidson diagonalization with overlap
     ethr =  4.61E-08,  avg # of iterations =  1.0

     negative rho (up, down):  1.712E-03 0.000E+00

     total cpu time spent up to now is        1.3 secs

     total energy              =     -45.94000664 Ry
     Harris-Foulkes estimate   =     -45.94000650 Ry
     estimated scf accuracy    <       0.00000111 Ry

     iteration # 15     ecut=    40.00 Ry     beta= 0.70
     Davidson diagonalization with overlap
     ethr =  2.76E-08,  avg # of iterations =  2.0

     negative rho (up, down):  1.547E-03 0.000E+00

     total cpu time spent up to now is        1.4 secs

     total energy              =     -45.94000620 Ry
     Harris-Foulkes estimate   =     -45.94000712 Ry
     estimated scf accuracy    <       0.00000134 Ry

     iteration # 16     ecut=    40.00 Ry     beta= 0.70
     Davidson diagonalization with overlap
     ethr =  2.76E-08,  avg # of iterations =  2.0

     negative rho (up, down):  1.515E-03 0.000E+00

     total cpu time spent up to now is        1.4 secs

     total energy              =     -45.94000645 Ry
     Harris-Foulkes estimate   =     -45.94000657 Ry
     estimated scf accuracy    <       0.00000019 Ry

     iteration # 17     ecut=    40.00 Ry     beta= 0.70
     Davidson diagonalization with overlap
     ethr =  4.86E-09,  avg # of iterations =  1.0

     negative rho (up, down):  1.545E-03 0.000E+00

     total cpu time spent up to now is        1.4 secs

     total energy              =     -45.94000672 Ry
     Harris-Foulkes estimate   =     -45.94000646 Ry
     estimated scf accuracy    <       0.00000015 Ry

     iteration # 18     ecut=    40.00 Ry     beta= 0.70
     Davidson diagonalization with overlap
     ethr =  3.68E-09,  avg # of iterations =  2.0

     negative rho (up, down):  1.481E-03 0.000E+00

     total cpu time spent up to now is        1.5 secs

     total energy              =     -45.94000664 Ry
     Harris-Foulkes estimate   =     -45.94000675 Ry
     estimated scf accuracy    <       0.00000009 Ry

     iteration # 19     ecut=    40.00 Ry     beta= 0.70
     Davidson diagonalization with overlap
     ethr =  2.25E-09,  avg # of iterations =  1.0

     negative rho (up, down):  1.440E-03 0.000E+00

     total cpu time spent up to now is        1.5 secs

     total energy              =     -45.94000664 Ry
     Harris-Foulkes estimate   =     -45.94000665 Ry
     estimated scf accuracy    <       0.00000001 Ry

     iteration # 20     ecut=    40.00 Ry     beta= 0.70
     Davidson diagonalization with overlap
     ethr =  3.33E-10,  avg # of iterations =  2.0

     negative rho (up, down):  1.448E-03 0.000E+00

     total cpu time spent up to now is        1.5 secs

     total energy              =     -45.94000666 Ry
     Harris-Foulkes estimate   =     -45.94000665 Ry
     estimated scf accuracy    <       0.00000003 Ry

     iteration # 21     ecut=    40.00 Ry     beta= 0.70
     Davidson diagonalization with overlap
     ethr =  3.33E-10,  avg # of iterations =  1.0

     negative rho (up, down):  1.446E-03 0.000E+00

     total cpu time spent up to now is        1.5 secs

     End of self-consistent calculation

          k = 0.0000 0.0000 0.0000 (   595 PWs)   bands (ev):

    -4.7317  13.8138  13.8272  14.5640  16.5490  18.3219

     the Fermi energy is    13.8205 ev

!    total energy              =     -45.94000666 Ry
     Harris-Foulkes estimate   =     -45.94000666 Ry
     estimated scf accuracy    <          3.6E-09 Ry

     convergence has been achieved in  21 iterations

     negative rho (up, down):  1.446E-03 0.000E+00

     Forces acting on atoms (cartesian axes, Ry/au):

     atom    1 type  1   force =     0.00000000    0.00000000    0.00000000

     Total force =     0.000000     Total SCF correction =     0.000000


     Computing stress (Cartesian axis) and pressure


     negative rho (up, down):  1.446E-03 0.000E+00
          total   stress  (Ry/bohr**3)                   (kbar)     P=  712.86
  -0.00093603   0.00000000   0.00000000       -137.69      0.00      0.00
   0.00000000   0.00854595   0.00000000          0.00   1257.15      0.00
   0.00000000   0.00000000   0.00692789          0.00      0.00   1019.13


     Beeman Damped Dynamics Minimization:
     convergence thresholds EPSE = 1.00E-04  EPSF = 1.00E-03

     Entering Dynamics;  it =     1   time =  0.00000 pico-seconds

  new lattice vectors (alat unit) :
   0.500000000   0.550000000   0.600000000
  -0.500000000   0.550000000   0.600000000
  -0.500000000  -0.550000000   0.600000000
  new unit-cell volume =    142.5600 (a.u.)^3
  new positions in cryst coord
Si       0.000000000   0.000000000   0.000000000
  new positions in cart coord (alat unit)
Si       0.000000000   0.000000000   0.000000000

     Ekin =     0.00000000 Ry    T =    0.0 K  Etot =   -45.94000666
     new unit-cell volume =    142.56000 a.u.^3 (    21.12521 Ang^3 )
     density =      2.20765 g/cm^3

CELL_PARAMETERS (alat=  6.00000000)
   0.500000000   0.550000000   0.600000000
  -0.500000000   0.550000000   0.600000000
  -0.500000000  -0.550000000   0.600000000

ATOMIC_POSITIONS (alat)
Si       0.000000000   0.000000000   0.000000000



     Maximum number of iterations reached, stopping

     Writing output data file relax.save/
     Check: negative starting charge=   -0.002055
     NEW-OLD atomic charge density approx. for the potential
     Check: negative starting charge=   -0.002055

     negative rho (up, down):  1.446E-03 0.000E+00

     Writing output data file relax.save/
 
     init_run     :      0.19s CPU      0.20s WALL (       1 calls)
     electrons    :      0.54s CPU      0.56s WALL (       1 calls)
     update_pot   :      0.12s CPU      0.12s WALL (       1 calls)
     forces       :      0.05s CPU      0.05s WALL (       1 calls)
     stress       :      0.10s CPU      0.10s WALL (       1 calls)

     Called by init_run:
     wfcinit      :      0.00s CPU      0.00s WALL (       1 calls)
     potinit      :      0.05s CPU      0.05s WALL (       1 calls)
     hinit0       :      0.14s CPU      0.14s WALL (       1 calls)

     Called by electrons:
     c_bands      :      0.02s CPU      0.03s WALL (      21 calls)
     sum_band     :      0.02s CPU      0.03s WALL (      21 calls)
     v_of_rho     :      0.03s CPU      0.03s WALL (      23 calls)
     newd         :      0.02s CPU      0.02s WALL (      23 calls)
     PAW_pot      :      0.50s CPU      0.51s WALL (      24 calls)
     mix_rho      :      0.01s CPU      0.01s WALL (      21 calls)

     Called by c_bands:
     init_us_2    :      0.00s CPU      0.00s WALL (      44 calls)
     cegterg      :      0.02s CPU      0.02s WALL (      21 calls)

     Called by sum_band:
     sum_band:bec :      0.00s CPU      0.00s WALL (      22 calls)
     addusdens    :      0.01s CPU      0.01s WALL (      21 calls)

     Called by *egterg:
     h_psi        :      0.01s CPU      0.02s WALL (      63 calls)
     s_psi        :      0.00s CPU      0.00s WALL (      63 calls)
     g_psi        :      0.00s CPU      0.00s WALL (      41 calls)
     cdiaghg      :      0.00s CPU      0.01s WALL (      62 calls)

     Called by h_psi:
     h_psi:pot    :      0.01s CPU      0.02s WALL (      63 calls)
     h_psi:calbec :      0.00s CPU      0.00s WALL (      63 calls)
     vloc_psi     :      0.01s CPU      0.01s WALL (      63 calls)
     add_vuspsi   :      0.00s CPU      0.00s WALL (      63 calls)

     General routines
     calbec       :      0.00s CPU      0.00s WALL (      90 calls)
     fft          :      0.02s CPU      0.02s WALL (     325 calls)
     ffts         :      0.00s CPU      0.00s WALL (      44 calls)
     fftw         :      0.01s CPU      0.02s WALL (     720 calls)
     interpolate  :      0.00s CPU      0.00s WALL (      23 calls)
 
     Parallel routines
     fft_scatt_xy :      0.00s CPU      0.00s WALL (    1089 calls)
     fft_scatt_yz :      0.02s CPU      0.02s WALL (    1089 calls)
 
     PWSCF        :     1.80s CPU         1.85s WALL

 
   This run was terminated on:  14:34: 0  18Jul2019            

=------------------------------------------------------------------------------=
   JOB DONE.
=------------------------------------------------------------------------------=
