===== VARIABLES =====
EXE_PATH = /scr/szymansk/2019-3/qe-bin/bin/pw.x
tpp = 4
Parallel keywords = -nimage 1
MPIRUN_EXE = orterun
PATH = /scr/szymansk/2019-3/mmshare-v4.7/lib/Linux-x86_64/openmpi/bin:/scr/szymansk/2019-3/internal/bin:/scr/szymansk/2019-3/mmshare-v4.7/bin/Linux-x86_64:/home/szymansk/bin:/scr/szymansk/dakota/bin:/scr/szymansk/atompaw-4.1.0.5/src/:/usr/lib64/qt-3.3/bin:/usr/local/bin:/usr/local/sbin:/usr/bin:/usr/sbin:/bin:/sbin
LD_LIBRARY_PATH = /scr/szymansk/2019-3/mmshare-v4.7/lib/Linux-x86_64/openmpi/lib:/scr/szymansk/2019-3/internal/lib/ssl:/scr/szymansk/2019-3/internal/lib:/scr/szymansk/2019-3/mmshare-v4.7/lib/Linux-x86_64:/scr/szymansk/2019-3/internal/lib/python3.6/site-packages:/scr/szymansk/dakota/bin:/software/lib/Linux-x86_64/ifort_2017.1.132/mkl/lib/intel64
===== END VARIABLES =====
Invoking: exe_cmd () 
{ 
    "$MPIRUN_EXE" -np $tpp "$EXE_PATH" -in $input_file "${P_KEYWORDS[@]}"
}

     Program PWSCF v.6.3MaX starts on 16Jul2019 at 15:14: 0 

     This program is part of the open-source Quantum ESPRESSO suite
     for quantum simulation of materials; please cite
         "P. Giannozzi et al., J. Phys.:Condens. Matter 21 395502 (2009);
         "P. Giannozzi et al., J. Phys.:Condens. Matter 29 465901 (2017);
          URL http://www.quantum-espresso.org", 
     in publications or presentations arising from this work. More details at
     http://www.quantum-espresso.org/quote

     Parallel version (MPI), running on     4 processors

     MPI processes distributed on     1 nodes
     R & G space division:  proc/nbgrp/npool/nimage =       4
     Reading input from Si.ortho.relax.in

     Current dimensions of program PWSCF are:
     Max number of different atomic species (ntypx) = 10
     Max number of k-points (npk) =  40000
     Max angular momentum in pseudopotentials (lmaxx) =  3
               file Si.GGA-PBE-paw.UPF: wavefunction(s)  Xn Xn renormalized

     Subspace diagonalization in iterative solution of the eigenvalue problem:
     a serial algorithm will be used

 
     Parallelization info
     --------------------
     sticks:   dense  smooth     PW     G-vecs:    dense   smooth      PW
     Min         136     110     27                 3584     2570     321
     Max         138     111     28                 3586     2573     322
     Sum         547     443    111                14341    10289    1287
 


     bravais-lattice index     =            0
     lattice parameter (alat)  =       5.5823  a.u.
     unit-cell volume          =     300.8632 (a.u.)^3
     number of atoms/cell      =            1
     number of atomic types    =            1
     number of electrons       =         4.00
     number of Kohn-Sham states=            6
     kinetic-energy cutoff     =      40.0000  Ry
     charge density cutoff     =     200.0000  Ry
     convergence threshold     =      1.0E-08
     mixing beta               =       0.7000
     number of iterations used =            8  plain     mixing
     Exchange-correlation      = SLA PW PBX PBC ( 1  4  3  4 0 0)
     nstep                     =            1


     celldm(1)=   5.582251  celldm(2)=   0.000000  celldm(3)=   0.000000
     celldm(4)=   0.000000  celldm(5)=   0.000000  celldm(6)=   0.000000

     crystal axes: (cart. coord. in units of alat)
               a(1) = (   1.000000   0.000000   0.000000 )  
               a(2) = (   0.000000   1.114083   0.000000 )  
               a(3) = (   0.000000   0.000000   1.552471 )  

     reciprocal axes: (cart. coord. in units 2 pi/alat)
               b(1) = (  1.000000  0.000000  0.000000 )  
               b(2) = (  0.000000  0.897600  0.000000 )  
               b(3) = (  0.000000  0.000000  0.644134 )  


     PseudoPot. # 1 for Si read from file:
     ./Si.GGA-PBE-paw.UPF
     MD5 check sum: 55a399ac9c9f37f95204fc9e5818eb3e
     Pseudo is Projector augmented-wave + core cor, Zval =  4.0
     Generated using ATOMPAW code
     Shape of augmentation charge: BESSEL
     Using radial grid of 2342 points,  4 beta functions with: 
                l(1) =   0
                l(2) =   0
                l(3) =   1
                l(4) =   1
     Q(r) pseudized with 0 coefficients 


     atomic species   valence    mass     pseudopotential
        Si             4.00    28.08550     Si( 1.00)

      8 Sym. Ops., with inversion, found



   Cartesian axes

     site n.     atom                  positions (alat units)
         1           Si  tau(   1) = (   0.0000000   0.0000000   0.0000000  )

     number of k points=     1  Fermi-Dirac smearing, width (Ry)=  0.0020
                       cart. coord. in units 2pi/alat
        k(    1) = (   0.0000000   0.0000000   0.0000000), wk =   2.0000000

     Dense  grid:    14341 G-vectors     FFT dimensions: (  25,  27,  40)

     Smooth grid:    10289 G-vectors     FFT dimensions: (  24,  25,  36)

     Estimated max dynamical RAM per process >       5.33 MB

     Estimated total dynamical RAM >      21.31 MB

     Initial potential from superposition of free atoms
     Check: negative starting charge=   -0.002563

     starting charge    3.99937, renormalised to    4.00000

     negative rho (up, down):  2.564E-03 0.000E+00
     Starting wfcs are    8 randomized atomic wfcs
     Checking if some PAW data can be deallocated... 

     total cpu time spent up to now is        0.9 secs

     Self-consistent Calculation

     iteration #  1     ecut=    40.00 Ry     beta= 0.70
     Davidson diagonalization with overlap
     ethr =  1.00E-02,  avg # of iterations = 10.0

     negative rho (up, down):  2.683E-03 0.000E+00

     total cpu time spent up to now is        0.9 secs

     total energy              =     -46.69984419 Ry
     Harris-Foulkes estimate   =     -46.72400466 Ry
     estimated scf accuracy    <       0.07422362 Ry

     iteration #  2     ecut=    40.00 Ry     beta= 0.70
     Davidson diagonalization with overlap
     ethr =  1.86E-03,  avg # of iterations =  1.0

     negative rho (up, down):  3.142E-03 0.000E+00

     total cpu time spent up to now is        1.0 secs

     total energy              =     -46.70579667 Ry
     Harris-Foulkes estimate   =     -46.70575525 Ry
     estimated scf accuracy    <       0.00182972 Ry

     iteration #  3     ecut=    40.00 Ry     beta= 0.70
     Davidson diagonalization with overlap
     ethr =  4.57E-05,  avg # of iterations =  3.0

     negative rho (up, down):  3.337E-03 0.000E+00

     total cpu time spent up to now is        1.0 secs

     total energy              =     -46.70596781 Ry
     Harris-Foulkes estimate   =     -46.70594599 Ry
     estimated scf accuracy    <       0.00005487 Ry

     iteration #  4     ecut=    40.00 Ry     beta= 0.70
     Davidson diagonalization with overlap
     ethr =  1.37E-06,  avg # of iterations =  3.0

     negative rho (up, down):  3.302E-03 0.000E+00

     total cpu time spent up to now is        1.1 secs

     total energy              =     -46.70598143 Ry
     Harris-Foulkes estimate   =     -46.70598086 Ry
     estimated scf accuracy    <       0.00000116 Ry

     iteration #  5     ecut=    40.00 Ry     beta= 0.70
     Davidson diagonalization with overlap
     ethr =  2.89E-08,  avg # of iterations =  4.0

     negative rho (up, down):  3.244E-03 0.000E+00

     total cpu time spent up to now is        1.1 secs

     total energy              =     -46.70598346 Ry
     Harris-Foulkes estimate   =     -46.70598350 Ry
     estimated scf accuracy    <       0.00000007 Ry

     iteration #  6     ecut=    40.00 Ry     beta= 0.70
     Davidson diagonalization with overlap
     ethr =  1.71E-09,  avg # of iterations =  2.0

     negative rho (up, down):  3.224E-03 0.000E+00

     total cpu time spent up to now is        1.1 secs

     End of self-consistent calculation

          k = 0.0000 0.0000 0.0000 (  1287 PWs)   bands (ev):

    -8.7215   0.0642   3.1145   4.9547   5.5879   6.7872

     the Fermi energy is     0.9851 ev

!    total energy              =     -46.70598347 Ry
     Harris-Foulkes estimate   =     -46.70598347 Ry
     estimated scf accuracy    <          2.5E-09 Ry

     total all-electron energy =       -46.705983 Ry

     The total energy is the sum of the following terms:

     one-electron contribution =       0.17441342 Ry
     hartree contribution      =       0.82276707 Ry
     xc contribution           =      -2.46021455 Ry
     ewald contribution        =      -6.38605468 Ry
     one-center paw contrib.   =     -38.85689473 Ry
     smearing contrib. (-TS)   =      -0.00000000 Ry

     convergence has been achieved in   6 iterations

     negative rho (up, down):  3.224E-03 0.000E+00

     Forces acting on atoms (cartesian axes, Ry/au):

     atom    1 type  1   force =     0.00000000    0.00000000    0.00000000

     Total force =     0.000000     Total SCF correction =     0.000000


     Computing stress (Cartesian axis) and pressure


     negative rho (up, down):  3.224E-03 0.000E+00
          total   stress  (Ry/bohr**3)                   (kbar)     P= -231.76
  -0.00359405   0.00000000   0.00000000       -528.70      0.00      0.00
   0.00000000  -0.00287547   0.00000000          0.00   -423.00      0.00
   0.00000000   0.00000000   0.00174307          0.00      0.00    256.41


     BFGS Geometry Optimization

     number of scf cycles    =   1
     number of bfgs steps    =   0

     enthalpy new            =     -46.7059834697 Ry

     new trust radius        =       0.3117016620 bohr
     new conv_thr            =       0.0000000100 Ry

     new unit-cell volume =    265.22028 a.u.^3 (    39.30159 Ang^3 )
     density =      1.18665 g/cm^3

CELL_PARAMETERS (angstrom)
   2.688579109   0.000000000   0.000000000
   0.000000000   3.054420635   0.000000000
   0.000000000   0.000000000   4.785843180

ATOMIC_POSITIONS (crystal)
Si       0.000000000   0.000000000   0.000000000



     Writing output data file relax.save/
     Check: negative starting charge=   -0.002563
     NEW-OLD atomic charge density approx. for the potential
     Check: negative starting charge=   -0.002335

     negative rho (up, down):  5.001E-03 0.000E+00
     extrapolated charge    3.46253, renormalised to    4.00000

     Writing output data file relax.save/
 
     init_run     :      0.35s CPU      0.36s WALL (       1 calls)
     electrons    :      0.25s CPU      0.26s WALL (       1 calls)
     update_pot   :      0.24s CPU      0.24s WALL (       1 calls)
     forces       :      0.15s CPU      0.15s WALL (       1 calls)
     stress       :      0.29s CPU      0.29s WALL (       1 calls)

     Called by init_run:
     wfcinit      :      0.00s CPU      0.00s WALL (       1 calls)
     potinit      :      0.08s CPU      0.08s WALL (       1 calls)
     hinit0       :      0.26s CPU      0.26s WALL (       1 calls)

     Called by electrons:
     c_bands      :      0.02s CPU      0.02s WALL (       6 calls)
     sum_band     :      0.02s CPU      0.02s WALL (       6 calls)
     v_of_rho     :      0.02s CPU      0.02s WALL (       8 calls)
     newd         :      0.02s CPU      0.02s WALL (       8 calls)
     PAW_pot      :      0.25s CPU      0.26s WALL (       9 calls)
     mix_rho      :      0.00s CPU      0.00s WALL (       6 calls)

     Called by c_bands:
     init_us_2    :      0.00s CPU      0.00s WALL (      14 calls)
     cegterg      :      0.02s CPU      0.02s WALL (       6 calls)

     Called by sum_band:
     sum_band:bec :      0.00s CPU      0.00s WALL (       7 calls)
     addusdens    :      0.01s CPU      0.01s WALL (       6 calls)

     Called by *egterg:
     h_psi        :      0.01s CPU      0.01s WALL (      30 calls)
     s_psi        :      0.00s CPU      0.00s WALL (      30 calls)
     g_psi        :      0.00s CPU      0.00s WALL (      23 calls)
     cdiaghg      :      0.00s CPU      0.00s WALL (      29 calls)

     Called by h_psi:
     h_psi:pot    :      0.01s CPU      0.01s WALL (      30 calls)
     h_psi:calbec :      0.00s CPU      0.00s WALL (      30 calls)
     vloc_psi     :      0.01s CPU      0.01s WALL (      30 calls)
     add_vuspsi   :      0.00s CPU      0.00s WALL (      30 calls)

     General routines
     calbec       :      0.00s CPU      0.00s WALL (      42 calls)
     fft          :      0.03s CPU      0.03s WALL (     130 calls)
     ffts         :      0.00s CPU      0.00s WALL (      14 calls)
     fftw         :      0.01s CPU      0.01s WALL (     256 calls)
     interpolate  :      0.00s CPU      0.00s WALL (       8 calls)
 
     Parallel routines
     fft_scatt_xy :      0.00s CPU      0.00s WALL (     400 calls)
     fft_scatt_yz :      0.03s CPU      0.03s WALL (     400 calls)
 
     PWSCF        :     1.83s CPU         1.88s WALL

 
   This run was terminated on:  15:14: 2  16Jul2019            

=------------------------------------------------------------------------------=
   JOB DONE.
=------------------------------------------------------------------------------=
