===== VARIABLES =====
EXE_PATH = /scr/szymansk/2019-3/qe-bin/bin/pw.x
tpp = 4
Parallel keywords = -nimage 1
MPIRUN_EXE = orterun
PATH = /scr/szymansk/2019-3/mmshare-v4.7/lib/Linux-x86_64/openmpi/bin:/scr/szymansk/2019-3/internal/bin:/scr/szymansk/2019-3/mmshare-v4.7/bin/Linux-x86_64:/home/szymansk/bin:/scr/szymansk/dakota/bin:/scr/szymansk/atompaw-4.1.0.5/src/:/usr/lib64/qt-3.3/bin:/usr/local/bin:/usr/local/sbin:/usr/bin:/usr/sbin:/bin:/sbin
LD_LIBRARY_PATH = /scr/szymansk/2019-3/mmshare-v4.7/lib/Linux-x86_64/openmpi/lib:/scr/szymansk/2019-3/internal/lib/ssl:/scr/szymansk/2019-3/internal/lib:/scr/szymansk/2019-3/mmshare-v4.7/lib/Linux-x86_64:/scr/szymansk/2019-3/internal/lib/python3.6/site-packages:/scr/szymansk/dakota/bin:/software/lib/Linux-x86_64/ifort_2017.1.132/mkl/lib/intel64
===== END VARIABLES =====
Invoking: exe_cmd () 
{ 
    "$MPIRUN_EXE" -np $tpp "$EXE_PATH" -in $input_file "${P_KEYWORDS[@]}"
}

     Program PWSCF v.6.3MaX starts on 13Jun2019 at 12:19: 5 

     This program is part of the open-source Quantum ESPRESSO suite
     for quantum simulation of materials; please cite
         "P. Giannozzi et al., J. Phys.:Condens. Matter 21 395502 (2009);
         "P. Giannozzi et al., J. Phys.:Condens. Matter 29 465901 (2017);
          URL http://www.quantum-espresso.org", 
     in publications or presentations arising from this work. More details at
     http://www.quantum-espresso.org/quote

     Parallel version (MPI), running on     4 processors

     MPI processes distributed on     1 nodes
     R & G space division:  proc/nbgrp/npool/nimage =       4
     Reading input from ZnO.ZB.relax.in
Warning: card &CELL ignored
Warning: card   CELL_DYNAMICS='BFGS' ignored
Warning: card / ignored

     Current dimensions of program PWSCF are:
     Max number of different atomic species (ntypx) = 10
     Max number of k-points (npk) =  40000
     Max angular momentum in pseudopotentials (lmaxx) =  3

     Subspace diagonalization in iterative solution of the eigenvalue problem:
     a serial algorithm will be used

 
     Parallelization info
     --------------------
     sticks:   dense  smooth     PW     G-vecs:    dense   smooth      PW
     Min         135     108     34                 2072     1489     266
     Max         138     109     35                 2073     1492     267
     Sum         547     433    139                 8291     5961    1067
 


     bravais-lattice index     =            0
     lattice parameter (alat)  =       6.2501  a.u.
     unit-cell volume          =     172.6455 (a.u.)^3
     number of atoms/cell      =            2
     number of atomic types    =            2
     number of electrons       =        26.00
     number of Kohn-Sham states=           17
     kinetic-energy cutoff     =      40.0000  Ry
     charge density cutoff     =     200.0000  Ry
     convergence threshold     =      1.0E-08
     mixing beta               =       0.7000
     number of iterations used =            8  plain     mixing
     Exchange-correlation      = SLA  PW   PBE  PBE ( 1  4  3  4 0 0)
     nstep                     =           50


     celldm(1)=   6.250144  celldm(2)=   0.000000  celldm(3)=   0.000000
     celldm(4)=   0.000000  celldm(5)=   0.000000  celldm(6)=   0.000000

     crystal axes: (cart. coord. in units of alat)
               a(1) = (  -0.707107   0.000000   0.707107 )  
               a(2) = (   0.000000   0.707107   0.707107 )  
               a(3) = (  -0.707107   0.707107   0.000000 )  

     reciprocal axes: (cart. coord. in units 2 pi/alat)
               b(1) = ( -0.707107 -0.707107  0.707107 )  
               b(2) = (  0.707107  0.707107  0.707107 )  
               b(3) = ( -0.707107  0.707107 -0.707107 )  


     PseudoPot. # 1 for Zn read from file:
     ./Zn.GGA-PBE-paw.UPF
     MD5 check sum: df62231357ef9e81f77b2b3087fa5675
     Pseudo is Ultrasoft, Zval = 20.0
     Generated by new atomic code, or converted to UPF format
     Using radial grid of  943 points,  6 beta functions with: 
                l(1) =   0
                l(2) =   0
                l(3) =   1
                l(4) =   1
                l(5) =   2
                l(6) =   2
     Q(r) pseudized with  8 coefficients,  rinner =    1.100   1.100   1.100
                                                       1.100   1.100

     PseudoPot. # 2 for O  read from file:
     ./O.GGA-PBE-paw.UPF
     MD5 check sum: 734c27235a0248c51dbae37a1fbe46ec
     Pseudo is Ultrasoft + core correction, Zval =  6.0
     Generated by new atomic code, or converted to UPF format
     Using radial grid of  737 points,  5 beta functions with: 
                l(1) =   0
                l(2) =   0
                l(3) =   1
                l(4) =   1
                l(5) =   2
     Q(r) pseudized with  8 coefficients,  rinner =    0.900   0.900   0.900
                                                       0.900   0.900

     atomic species   valence    mass     pseudopotential
        Zn            20.00    65.39000     Zn( 1.00)
        O              6.00    15.99940     O ( 1.00)

     24 Sym. Ops. (no inversion) found



   Cartesian axes

     site n.     atom                  positions (alat units)
         1           Zn  tau(   1) = (   0.0000000   0.0000000   0.0000000  )
         2           O   tau(   2) = (  -0.3535534   0.3535534   0.3535534  )

     number of k points=    29  Fermi-Dirac smearing, width (Ry)=  0.0020
                       cart. coord. in units 2pi/alat
        k(    1) = (   0.0000000   0.0000000   0.0000000), wk =   0.0039062
        k(    2) = (  -0.0883883   0.0883883  -0.0883883), wk =   0.0312500
        k(    3) = (  -0.1767767   0.1767767  -0.1767767), wk =   0.0312500
        k(    4) = (  -0.2651650   0.2651650  -0.2651650), wk =   0.0312500
        k(    5) = (   0.3535534  -0.3535534   0.3535534), wk =   0.0156250
        k(    6) = (   0.0000000   0.1767767   0.0000000), wk =   0.0234375
        k(    7) = (  -0.0883883   0.2651650  -0.0883883), wk =   0.0937500
        k(    8) = (  -0.1767767   0.3535534  -0.1767767), wk =   0.0937500
        k(    9) = (   0.4419417  -0.2651650   0.4419417), wk =   0.0937500
        k(   10) = (   0.3535534  -0.1767767   0.3535534), wk =   0.0937500
        k(   11) = (   0.2651650  -0.0883883   0.2651650), wk =   0.0937500
        k(   12) = (   0.1767767   0.0000000   0.1767767), wk =   0.0468750
        k(   13) = (   0.0000000   0.3535534   0.0000000), wk =   0.0234375
        k(   14) = (  -0.0883883   0.4419417  -0.0883883), wk =   0.0937500
        k(   15) = (   0.5303301  -0.1767767   0.5303301), wk =   0.0937500
        k(   16) = (   0.4419417  -0.0883883   0.4419417), wk =   0.0937500
        k(   17) = (   0.3535534   0.0000000   0.3535534), wk =   0.0468750
        k(   18) = (   0.0000000   0.5303301   0.0000000), wk =   0.0234375
        k(   19) = (   0.6187184  -0.0883883   0.6187184), wk =   0.0937500
        k(   20) = (   0.5303301   0.0000000   0.5303301), wk =   0.0468750
        k(   21) = (   0.0000000  -0.7071068   0.0000000), wk =   0.0117188
        k(   22) = (  -0.1767767   0.3535534   0.0000000), wk =   0.0937500
        k(   23) = (   0.4419417  -0.2651650   0.6187184), wk =   0.1875000
        k(   24) = (   0.3535534  -0.1767767   0.5303301), wk =   0.0937500
        k(   25) = (   0.5303301  -0.1767767   0.7071068), wk =   0.0937500
        k(   26) = (   0.4419417  -0.0883883   0.6187184), wk =   0.1875000
        k(   27) = (   0.3535534   0.0000000   0.5303301), wk =   0.0937500
        k(   28) = (  -0.1767767  -0.7071068   0.0000000), wk =   0.0468750
        k(   29) = (  -0.3535534  -0.7071068   0.0000000), wk =   0.0234375

     Dense  grid:     8291 G-vectors     FFT dimensions: (  30,  30,  30)

     Smooth grid:     5961 G-vectors     FFT dimensions: (  25,  25,  25)

     Estimated max dynamical RAM per process >      11.23 MB

     Estimated total dynamical RAM >      44.91 MB

     Check: negative/imaginary core charge=   -0.000003    0.000000

     Initial potential from superposition of free atoms

     starting charge   25.99986, renormalised to   26.00000
     Starting wfcs are   17 randomized atomic wfcs

     total cpu time spent up to now is        0.2 secs

     Self-consistent Calculation

     iteration #  1     ecut=    40.00 Ry     beta= 0.70
     Davidson diagonalization with overlap
     ethr =  1.00E-02,  avg # of iterations =  2.9

     total cpu time spent up to now is        0.4 secs

     total energy              =    -493.68398345 Ry
     Harris-Foulkes estimate   =    -494.03095193 Ry
     estimated scf accuracy    <       0.45225434 Ry

     iteration #  2     ecut=    40.00 Ry     beta= 0.70
     Davidson diagonalization with overlap
     ethr =  1.74E-03,  avg # of iterations =  2.2

     total cpu time spent up to now is        0.6 secs

     total energy              =    -493.74471325 Ry
     Harris-Foulkes estimate   =    -494.13168860 Ry
     estimated scf accuracy    <       0.89957136 Ry

     iteration #  3     ecut=    40.00 Ry     beta= 0.70
     Davidson diagonalization with overlap
     ethr =  1.74E-03,  avg # of iterations =  2.0

     total cpu time spent up to now is        0.7 secs

     total energy              =    -493.91198342 Ry
     Harris-Foulkes estimate   =    -493.91458217 Ry
     estimated scf accuracy    <       0.00525899 Ry

     iteration #  4     ecut=    40.00 Ry     beta= 0.70
     Davidson diagonalization with overlap
     ethr =  2.02E-05,  avg # of iterations =  2.0

     total cpu time spent up to now is        0.9 secs

     total energy              =    -493.91315394 Ry
     Harris-Foulkes estimate   =    -493.91392849 Ry
     estimated scf accuracy    <       0.00187922 Ry

     iteration #  5     ecut=    40.00 Ry     beta= 0.70
     Davidson diagonalization with overlap
     ethr =  7.23E-06,  avg # of iterations =  2.0

     total cpu time spent up to now is        1.1 secs

     total energy              =    -493.91348040 Ry
     Harris-Foulkes estimate   =    -493.91350120 Ry
     estimated scf accuracy    <       0.00004877 Ry

     iteration #  6     ecut=    40.00 Ry     beta= 0.70
     Davidson diagonalization with overlap
     ethr =  1.88E-07,  avg # of iterations =  1.6

     total cpu time spent up to now is        1.2 secs

     total energy              =    -493.91348630 Ry
     Harris-Foulkes estimate   =    -493.91348590 Ry
     estimated scf accuracy    <       0.00000052 Ry

     iteration #  7     ecut=    40.00 Ry     beta= 0.70
     Davidson diagonalization with overlap
     ethr =  2.01E-09,  avg # of iterations =  2.0

     total cpu time spent up to now is        1.5 secs

     total energy              =    -493.91348641 Ry
     Harris-Foulkes estimate   =    -493.91348643 Ry
     estimated scf accuracy    <       0.00000005 Ry

     iteration #  8     ecut=    40.00 Ry     beta= 0.70
     Davidson diagonalization with overlap
     ethr =  2.07E-10,  avg # of iterations =  1.0

     total cpu time spent up to now is        1.6 secs

     End of self-consistent calculation

          k = 0.0000 0.0000 0.0000 (   725 PWs)   bands (ev):

  -115.7187 -69.9114 -69.9114 -69.9114  -9.8240   2.2145   2.2145   2.2145
     3.2903   3.2903   7.6626   7.6626   7.6626   8.2648  20.6944  20.6944
    20.6944

          k =-0.0884 0.0884-0.0884 (   734 PWs)   bands (ev):

  -115.7187 -69.9117 -69.9115 -69.9115  -9.7402   2.1609   2.2560   2.2560
     3.2848   3.2848   6.6630   7.5596   7.5596   9.3601  19.5138  20.8023
    20.8023

          k =-0.1768 0.1768-0.1768 (   745 PWs)   bands (ev):

  -115.7187 -69.9123 -69.9116 -69.9116  -9.5317   2.1155   2.3472   2.3472
     3.2906   3.2906   5.4198   7.3091   7.3091  10.8123  17.6004  20.8369
    20.8369

          k =-0.2652 0.2652-0.2652 (   748 PWs)   bands (ev):

  -115.7186 -69.9130 -69.9117 -69.9117  -9.3139   2.2763   2.4184   2.4184
     3.3333   3.3333   4.2465   7.0514   7.0514  12.1755  16.0749  20.5960
    20.5960

          k = 0.3536-0.3536 0.3536 (   754 PWs)   bands (ev):

  -115.7186 -69.9132 -69.9117 -69.9117  -9.2208   2.4400   2.4400   2.5312
     3.3650   3.3650   3.6030   6.9410   6.9410  12.8734  15.3730  20.4476
    20.4476

          k = 0.0000 0.1768 0.0000 (   737 PWs)   bands (ev):

  -115.7187 -69.9117 -69.9115 -69.9115  -9.7125   2.1094   2.2898   2.2898
     3.2532   3.3087   6.6696   7.3953   7.3953   9.6377  19.5359  20.6672
    20.6672

          k =-0.0884 0.2652-0.0884 (   738 PWs)   bands (ev):

  -115.7187 -69.9122 -69.9117 -69.9116  -9.5463   2.0454   2.3766   2.3870
     3.2325   3.3267   5.7940   7.0979   7.1644  10.7877  18.1483  20.3435
    20.7083

          k =-0.1768 0.3536-0.1768 (   736 PWs)   bands (ev):

  -115.7186 -69.9128 -69.9118 -69.9117  -9.3316   2.1483   2.4634   2.4748
     3.2779   3.3573   4.6613   6.8349   6.8438  12.1784  16.5983  19.6895
    20.6553

          k = 0.4419-0.2652 0.4419 (   738 PWs)   bands (ev):

  -115.7186 -69.9131 -69.9119 -69.9118  -9.1961   2.3700   2.5043   2.6180
     3.3672   3.4002   3.7063   6.5464   6.7664  13.3317  15.4506  19.3560
    20.5827

          k = 0.3536-0.1768 0.3536 (   745 PWs)   bands (ev):

  -115.7186 -69.9130 -69.9119 -69.9117  -9.2267   2.4169   2.4731   2.4808
     3.3133   3.3910   3.9764   6.4480   6.9412  13.0752  15.7530  19.1976
    20.7398

          k = 0.2652-0.0884 0.2652 (   741 PWs)   bands (ev):

  -115.7186 -69.9126 -69.9118 -69.9116  -9.4032   2.1613   2.4030   2.4070
     3.2556   3.3492   5.0203   6.6389   7.2454  11.7591  17.1708  19.2816
    21.1167

          k = 0.1768 0.0000 0.1768 (   753 PWs)   bands (ev):

  -115.7187 -69.9120 -69.9117 -69.9115  -9.6149   2.1058   2.3090   2.3328
     3.2546   3.3094   6.0248   7.0991   7.4982  10.3440  18.6507  19.9543
    21.1578

          k = 0.0000 0.3536 0.0000 (   729 PWs)   bands (ev):

  -115.7186 -69.9123 -69.9118 -69.9118  -9.4385   1.9303   2.5081   2.5081
     3.1830   3.3534   5.7500   6.7287   6.7287  11.3687  17.6755  20.8182
    20.8297

          k =-0.0884 0.4419-0.0884 (   734 PWs)   bands (ev):

  -115.7186 -69.9127 -69.9120 -69.9119  -9.2676   1.9595   2.6320   2.6339
     3.2205   3.3782   5.0566   6.3192   6.4075  12.3894  16.8047  19.1498
    20.9213

          k = 0.5303-0.1768 0.5303 (   735 PWs)   bands (ev):

  -115.7186 -69.9130 -69.9122 -69.9119  -9.1339   2.1653   2.6776   2.8012
     3.3760   3.4181   4.0994   5.8456   6.3336  13.6898  15.8714  18.3600
    20.9107

          k = 0.4419-0.0884 0.4419 (   731 PWs)   bands (ev):

  -115.7186 -69.9129 -69.9124 -69.9118  -9.1194   2.3231   2.6349   2.9408
     3.3139   3.3886   3.8559   5.5438   6.5627  14.5328  15.3252  17.8421
    20.9342

          k = 0.3536 0.0000 0.3536 (   742 PWs)   bands (ev):

  -115.7186 -69.9127 -69.9122 -69.9117  -9.2325   2.3907   2.4412   2.5272
     3.2561   3.3940   4.5576   5.7631   6.9414  13.2145  16.7338  17.6499
    21.0920

          k = 0.0000 0.5303 0.0000 (   741 PWs)   bands (ev):

  -115.7186 -69.9129 -69.9120 -69.9120  -9.1578   1.8701   2.8093   2.8093
     3.2051   3.3982   4.9695   6.0002   6.0002  12.6090  16.3486  19.2715
    21.1828

          k = 0.6187-0.0884 0.6187 (   739 PWs)   bands (ev):

  -115.7185 -69.9131 -69.9122 -69.9121  -9.0682   1.9653   2.8831   2.9264
     3.3668   3.3974   4.4998   5.5461   5.8694  13.2612  16.0464  18.6896
    21.2457

          k = 0.5303 0.0000 0.5303 (   740 PWs)   bands (ev):

  -115.7185 -69.9129 -69.9125 -69.9120  -9.0531   2.1579   2.8054   3.0852
     3.3500   3.6385   3.8534   5.1685   6.1167  14.2909  15.6775  17.9679
    21.1216

          k = 0.0000-0.7071 0.0000 (   740 PWs)   bands (ev):

  -115.7185 -69.9132 -69.9121 -69.9121  -9.0398   1.8838   2.9786   2.9786
     3.3143   3.4168   4.5427   5.6597   5.6597  12.9378  15.9966  18.8948
    21.3878

          k =-0.1768 0.3536 0.0000 (   737 PWs)   bands (ev):

  -115.7186 -69.9125 -69.9119 -69.9117  -9.3773   2.0524   2.4600   2.5096
     3.2253   3.3608   5.2469   6.4055   6.9901  11.9087  17.4391  18.8998
    21.0245

          k = 0.4419-0.2652 0.6187 (   738 PWs)   bands (ev):

  -115.7186 -69.9129 -69.9121 -69.9118  -9.2035   2.2533   2.4936   2.6775
     3.2893   3.3958   4.3777   5.9599   6.6775  13.3036  16.2860  18.2707
    20.7360

          k = 0.3536-0.1768 0.5303 (   740 PWs)   bands (ev):

  -115.7186 -69.9130 -69.9122 -69.9119  -9.1301   2.3682   2.5368   2.9100
     3.3010   3.5894   3.5949   5.8748   6.4943  14.3513  15.2580  18.2865
    20.5321

          k = 0.5303-0.1768 0.7071 (   734 PWs)   bands (ev):

  -115.7186 -69.9129 -69.9122 -69.9120  -9.1377   2.0447   2.6847   2.8459
     3.2995   3.3975   4.6405   5.7019   6.1401  13.2952  16.3251  18.4707
    20.5276

          k = 0.4419-0.0884 0.6187 (   731 PWs)   bands (ev):

  -115.7185 -69.9129 -69.9124 -69.9120  -9.0650   2.2267   2.7266   3.0281
     3.3009   3.5856   4.0181   5.3011   5.9930  14.4403  15.8111  18.0063
    19.9777

          k = 0.3536 0.0000 0.5303 (   732 PWs)   bands (ev):

  -115.7186 -69.9128 -69.9125 -69.9119  -9.0928   2.3290   2.6092   3.0339
     3.2542   3.4544   4.0936   5.2682   6.2778  14.6243  15.7678  17.5731
    20.2850

          k =-0.1768-0.7071 0.0000 (   742 PWs)   bands (ev):

  -115.7185 -69.9131 -69.9123 -69.9121  -9.0383   2.0513   2.9132   2.9604
     3.3696   3.4972   4.3402   5.3559   5.6773  13.7294  15.9991  18.6675
    20.0079

          k =-0.3536-0.7071 0.0000 (   724 PWs)   bands (ev):

  -115.7185 -69.9128 -69.9126 -69.9122  -9.0367   2.2834   2.8722   2.9082
     3.2880   3.6985   4.1484   5.0277   5.6898  14.8237  16.0026  18.4869
    18.5191

     the Fermi energy is     7.9803 ev

!    total energy              =    -493.91348642 Ry
     Harris-Foulkes estimate   =    -493.91348642 Ry
     estimated scf accuracy    <          5.4E-10 Ry

     The total energy is the sum of the following terms:

     one-electron contribution =    -412.72213017 Ry
     hartree contribution      =     216.28748358 Ry
     xc contribution           =     -49.54866323 Ry
     ewald contribution        =    -247.93017659 Ry
     smearing contrib. (-TS)   =      -0.00000001 Ry

     convergence has been achieved in   8 iterations

     Forces acting on atoms (cartesian axes, Ry/au):

     atom    1 type  1   force =    -0.00000000   -0.00000000    0.00000000
     atom    2 type  2   force =    -0.00000000    0.00000000   -0.00000000

     Total force =     0.000000     Total SCF correction =     0.000000

     BFGS Geometry Optimization

     bfgs converged in   1 scf cycles and   0 bfgs steps
     (criteria: energy <  1.0E-04 Ry, force <  1.0E-03 Ry/Bohr)

     End of BFGS Geometry Optimization

     Final energy   =    -493.9134864178 Ry
Begin final coordinates

ATOMIC_POSITIONS (crystal)
Zn       0.000000000   0.000000000   0.000000000
O        0.250000000   0.250000000   0.250000000
End final coordinates



     Writing output data file ZnO.ZB.relax.save/
 
     init_run     :      0.11s CPU      0.15s WALL (       1 calls)
     electrons    :      1.28s CPU      1.39s WALL (       1 calls)
     forces       :      0.02s CPU      0.02s WALL (       1 calls)

     Called by init_run:
     wfcinit      :      0.05s CPU      0.08s WALL (       1 calls)
     potinit      :      0.00s CPU      0.00s WALL (       1 calls)
     hinit0       :      0.05s CPU      0.06s WALL (       1 calls)

     Called by electrons:
     c_bands      :      1.01s CPU      1.09s WALL (       8 calls)
     sum_band     :      0.22s CPU      0.23s WALL (       8 calls)
     v_of_rho     :      0.02s CPU      0.02s WALL (       9 calls)
     newd         :      0.04s CPU      0.04s WALL (       9 calls)
     mix_rho      :      0.00s CPU      0.00s WALL (       8 calls)

     Called by c_bands:
     init_us_2    :      0.02s CPU      0.03s WALL (     522 calls)
     cegterg      :      0.93s CPU      1.01s WALL (     232 calls)

     Called by sum_band:
     sum_band:bec :      0.00s CPU      0.00s WALL (     232 calls)
     addusdens    :      0.04s CPU      0.04s WALL (       8 calls)

     Called by *egterg:
     h_psi        :      0.68s CPU      0.75s WALL (     718 calls)
     s_psi        :      0.01s CPU      0.02s WALL (     718 calls)
     g_psi        :      0.00s CPU      0.00s WALL (     457 calls)
     cdiaghg      :      0.20s CPU      0.24s WALL (     689 calls)

     Called by h_psi:
     h_psi:pot    :      0.68s CPU      0.74s WALL (     718 calls)
     h_psi:calbec :      0.03s CPU      0.03s WALL (     718 calls)
     vloc_psi     :      0.63s CPU      0.69s WALL (     718 calls)
     add_vuspsi   :      0.01s CPU      0.02s WALL (     718 calls)

     General routines
     calbec       :      0.05s CPU      0.05s WALL (    1066 calls)
     fft          :      0.01s CPU      0.01s WALL (     127 calls)
     ffts         :      0.00s CPU      0.00s WALL (      17 calls)
     fftw         :      0.70s CPU      0.76s WALL (   23340 calls)
     interpolate  :      0.00s CPU      0.00s WALL (       9 calls)
 
     Parallel routines
     fft_scatt_xy :      0.10s CPU      0.11s WALL (   23484 calls)
     fft_scatt_yz :      0.26s CPU      0.28s WALL (   23484 calls)
 
     PWSCF        :     1.48s CPU         1.65s WALL

 
   This run was terminated on:  12:19: 7  13Jun2019            

=------------------------------------------------------------------------------=
   JOB DONE.
=------------------------------------------------------------------------------=
