===== VARIABLES =====
EXE_PATH = /scr/szymansk/2019-3/qe-bin/bin/pw.x
tpp = 4
Parallel keywords = -nimage 1
MPIRUN_EXE = orterun
PATH = /scr/szymansk/2019-3/mmshare-v4.7/lib/Linux-x86_64/openmpi/bin:/scr/szymansk/2019-3/internal/bin:/scr/szymansk/2019-3/mmshare-v4.7/bin/Linux-x86_64:/home/szymansk/bin:/scr/szymansk/dakota/bin:/scr/szymansk/atompaw-4.1.0.5/src/:/usr/lib64/qt-3.3/bin:/usr/local/bin:/usr/local/sbin:/usr/bin:/usr/sbin:/bin:/sbin
LD_LIBRARY_PATH = /scr/szymansk/2019-3/mmshare-v4.7/lib/Linux-x86_64/openmpi/lib:/scr/szymansk/2019-3/internal/lib/ssl:/scr/szymansk/2019-3/internal/lib:/scr/szymansk/2019-3/mmshare-v4.7/lib/Linux-x86_64:/scr/szymansk/2019-3/internal/lib/python3.6/site-packages:/scr/szymansk/dakota/bin:/software/lib/Linux-x86_64/ifort_2017.1.132/mkl/lib/intel64
SCHRODINGER_MPI_NODEFILE = /scr/szymansk/qe_runner#nyc-desk-l205-0-5d30ba50/nyc-desk-l205-0-5d30ba50.mpinodes:
localhost
SCHRODINGER_NODEFILE = /scr/szymansk/qe_runner#nyc-desk-l205-0-5d30ba50/nyc-desk-l205-0-5d30ba50.nodes:
localhost
===== END VARIABLES =====
Invoking: exe_cmd () 
{ 
    "$MPIRUN_EXE" -hostfile "$SCHRODINGER_MPI_NODEFILE" -np $tpp "$EXE_PATH" -in $input_file "${P_KEYWORDS[@]}"
}

     Program PWSCF v.6.3MaX starts on 18Jul2019 at 14:28:35 

     This program is part of the open-source Quantum ESPRESSO suite
     for quantum simulation of materials; please cite
         "P. Giannozzi et al., J. Phys.:Condens. Matter 21 395502 (2009);
         "P. Giannozzi et al., J. Phys.:Condens. Matter 29 465901 (2017);
          URL http://www.quantum-espresso.org", 
     in publications or presentations arising from this work. More details at
     http://www.quantum-espresso.org/quote

     Parallel version (MPI), running on     4 processors

     MPI processes distributed on     1 nodes
     R & G space division:  proc/nbgrp/npool/nimage =       4
     Reading input from pw.in

     Current dimensions of program PWSCF are:
     Max number of different atomic species (ntypx) = 10
     Max number of k-points (npk) =  40000
     Max angular momentum in pseudopotentials (lmaxx) =  3
               file Si.GGA-PBE-paw.UPF: wavefunction(s)  Xn Xn renormalized

     Subspace diagonalization in iterative solution of the eigenvalue problem:
     a serial algorithm will be used

 
     Parallelization info
     --------------------
     sticks:   dense  smooth     PW     G-vecs:    dense   smooth      PW
     Min          77      61     16                 1691     1207     154
     Max          78      62     17                 1692     1208     156
     Sum         311     245     65                 6767     4829     619
 


     bravais-lattice index     =            9
     lattice parameter (alat)  =       6.0000  a.u.
     unit-cell volume          =     142.5600 (a.u.)^3
     number of atoms/cell      =            1
     number of atomic types    =            1
     number of electrons       =         4.00
     number of Kohn-Sham states=            6
     kinetic-energy cutoff     =      40.0000  Ry
     charge density cutoff     =     200.0000  Ry
     convergence threshold     =      1.0E-08
     mixing beta               =       0.7000
     number of iterations used =            8  plain     mixing
     Exchange-correlation      = SLA PW PBX PBC ( 1  4  3  4 0 0)
     nstep                     =            1


     celldm(1)=   6.000000  celldm(2)=   1.100000  celldm(3)=   1.200000
     celldm(4)=   0.000000  celldm(5)=   0.000000  celldm(6)=   0.000000

     crystal axes: (cart. coord. in units of alat)
               a(1) = (   0.500000   0.550000   0.000000 )  
               a(2) = (  -0.500000   0.550000   0.000000 )  
               a(3) = (   0.000000   0.000000   1.200000 )  

     reciprocal axes: (cart. coord. in units 2 pi/alat)
               b(1) = (  1.000000  0.909091  0.000000 )  
               b(2) = ( -1.000000  0.909091  0.000000 )  
               b(3) = (  0.000000  0.000000  0.833333 )  


     PseudoPot. # 1 for Si read from file:
     ./Si.GGA-PBE-paw.UPF
     MD5 check sum: 41374bf13e57aa3ce95dd2eef56016b4
     Pseudo is Projector augmented-wave + core cor, Zval =  4.0
     Generated using ATOMPAW code
     Shape of augmentation charge: BESSEL
     Using radial grid of 2342 points,  4 beta functions with: 
                l(1) =   0
                l(2) =   0
                l(3) =   1
                l(4) =   1
     Q(r) pseudized with 0 coefficients 


     atomic species   valence    mass     pseudopotential
        Si             4.00    28.08550     Si( 1.00)

      8 Sym. Ops., with inversion, found



   Cartesian axes

     site n.     atom                  positions (alat units)
         1           Si  tau(   1) = (   0.0000000   0.0000000   0.0000000  )

     number of k points=     1  Fermi-Dirac smearing, width (Ry)=  0.0020
                       cart. coord. in units 2pi/alat
        k(    1) = (   0.0000000   0.0000000   0.0000000), wk =   2.0000000

     Dense  grid:     6767 G-vectors     FFT dimensions: (  24,  24,  36)

     Smooth grid:     4829 G-vectors     FFT dimensions: (  18,  18,  30)

     Estimated max dynamical RAM per process >       3.00 MB

     Estimated total dynamical RAM >      11.99 MB

     Initial potential from superposition of free atoms
     Check: negative starting charge=   -0.001387

     starting charge    3.99937, renormalised to    4.00000

     negative rho (up, down):  1.387E-03 0.000E+00
     Starting wfcs are    8 randomized atomic wfcs
     Checking if some PAW data can be deallocated... 

     total cpu time spent up to now is        0.7 secs

     Self-consistent Calculation

     iteration #  1     ecut=    40.00 Ry     beta= 0.70
     Davidson diagonalization with overlap
     ethr =  1.00E-02,  avg # of iterations =  3.0

     Threshold (ethr) on eigenvalues was too large:
     Diagonalizing with lowered threshold

     Davidson diagonalization with overlap
     ethr =  9.29E-04,  avg # of iterations =  7.0

     negative rho (up, down):  2.162E-03 0.000E+00

     total cpu time spent up to now is        0.7 secs

     total energy              =     -47.21591931 Ry
     Harris-Foulkes estimate   =     -47.21472693 Ry
     estimated scf accuracy    <       0.03750929 Ry

     iteration #  2     ecut=    40.00 Ry     beta= 0.70
     Davidson diagonalization with overlap
     ethr =  9.38E-04,  avg # of iterations =  1.0

     negative rho (up, down):  2.970E-03 0.000E+00

     total cpu time spent up to now is        0.7 secs

     total energy              =     -47.21933740 Ry
     Harris-Foulkes estimate   =     -47.21862835 Ry
     estimated scf accuracy    <       0.00197562 Ry

     iteration #  3     ecut=    40.00 Ry     beta= 0.70
     Davidson diagonalization with overlap
     ethr =  4.94E-05,  avg # of iterations =  2.0

     negative rho (up, down):  3.104E-03 0.000E+00

     total cpu time spent up to now is        0.8 secs

     total energy              =     -47.21937708 Ry
     Harris-Foulkes estimate   =     -47.21940751 Ry
     estimated scf accuracy    <       0.00007774 Ry

     iteration #  4     ecut=    40.00 Ry     beta= 0.70
     Davidson diagonalization with overlap
     ethr =  1.94E-06,  avg # of iterations =  3.0

     negative rho (up, down):  2.930E-03 0.000E+00

     total cpu time spent up to now is        0.8 secs

     total energy              =     -47.21945458 Ry
     Harris-Foulkes estimate   =     -47.21945716 Ry
     estimated scf accuracy    <       0.00000110 Ry

     iteration #  5     ecut=    40.00 Ry     beta= 0.70
     Davidson diagonalization with overlap
     ethr =  2.75E-08,  avg # of iterations =  2.0

     negative rho (up, down):  2.748E-03 0.000E+00

     total cpu time spent up to now is        0.8 secs

     total energy              =     -47.21945413 Ry
     Harris-Foulkes estimate   =     -47.21945474 Ry
     estimated scf accuracy    <       0.00000022 Ry

     iteration #  6     ecut=    40.00 Ry     beta= 0.70
     Davidson diagonalization with overlap
     ethr =  5.45E-09,  avg # of iterations =  3.0

     negative rho (up, down):  2.747E-03 0.000E+00

     total cpu time spent up to now is        0.9 secs

     End of self-consistent calculation

          k = 0.0000 0.0000 0.0000 (   619 PWs)   bands (ev):

    -7.4733   3.8152   9.1289  14.3008  16.2088  16.6919

     the Fermi energy is     4.6093 ev

!    total energy              =     -47.21945421 Ry
     Harris-Foulkes estimate   =     -47.21945421 Ry
     estimated scf accuracy    <          5.5E-09 Ry

     convergence has been achieved in   6 iterations

     negative rho (up, down):  2.747E-03 0.000E+00

     Forces acting on atoms (cartesian axes, Ry/au):

     atom    1 type  1   force =     0.00000000    0.00000000    0.00000000

     Total force =     0.000000     Total SCF correction =     0.000000


     Computing stress (Cartesian axis) and pressure


     negative rho (up, down):  2.747E-03 0.000E+00
          total   stress  (Ry/bohr**3)                   (kbar)     P= -491.71
  -0.00888285   0.00000000   0.00000000      -1306.71      0.00      0.00
   0.00000000  -0.00831606   0.00000000          0.00  -1223.34      0.00
   0.00000000   0.00000000   0.00717122          0.00      0.00   1054.92


     Beeman Damped Dynamics Minimization:
     convergence thresholds EPSE = 1.00E-04  EPSF = 1.00E-03

     Entering Dynamics;  it =     1   time =  0.00000 pico-seconds

  new lattice vectors (alat unit) :
   0.500000000   0.550000000   0.000000000
  -0.500000000   0.550000000   0.000000000
   0.000000000   0.000000000   1.200000000
  new unit-cell volume =    142.5600 (a.u.)^3
  new positions in cryst coord
Si       0.000000000   0.000000000   0.000000000
  new positions in cart coord (alat unit)
Si       0.000000000   0.000000000   0.000000000

     Ekin =     0.00000000 Ry    T =    0.0 K  Etot =   -47.21945421
     new unit-cell volume =    142.56000 a.u.^3 (    21.12521 Ang^3 )
     density =      2.20765 g/cm^3

CELL_PARAMETERS (alat=  6.00000000)
   0.500000000   0.550000000   0.000000000
  -0.500000000   0.550000000   0.000000000
   0.000000000   0.000000000   1.200000000

ATOMIC_POSITIONS (alat)
Si       0.000000000   0.000000000   0.000000000



     Maximum number of iterations reached, stopping

     Writing output data file relax.save/
     Check: negative starting charge=   -0.001387
     NEW-OLD atomic charge density approx. for the potential
     Check: negative starting charge=   -0.001387

     negative rho (up, down):  2.747E-03 0.000E+00

     Writing output data file relax.save/
 
     init_run     :      0.19s CPU      0.19s WALL (       1 calls)
     electrons    :      0.16s CPU      0.17s WALL (       1 calls)
     update_pot   :      0.12s CPU      0.12s WALL (       1 calls)
     forces       :      0.05s CPU      0.05s WALL (       1 calls)
     stress       :      0.11s CPU      0.11s WALL (       1 calls)

     Called by init_run:
     wfcinit      :      0.00s CPU      0.00s WALL (       1 calls)
     potinit      :      0.05s CPU      0.05s WALL (       1 calls)
     hinit0       :      0.14s CPU      0.14s WALL (       1 calls)

     Called by electrons:
     c_bands      :      0.01s CPU      0.01s WALL (       7 calls)
     sum_band     :      0.01s CPU      0.01s WALL (       7 calls)
     v_of_rho     :      0.01s CPU      0.01s WALL (       8 calls)
     newd         :      0.01s CPU      0.01s WALL (       8 calls)
     PAW_pot      :      0.19s CPU      0.20s WALL (       9 calls)
     mix_rho      :      0.00s CPU      0.00s WALL (       7 calls)

     Called by c_bands:
     init_us_2    :      0.00s CPU      0.00s WALL (      16 calls)
     cegterg      :      0.01s CPU      0.01s WALL (       7 calls)

     Called by sum_band:
     sum_band:bec :      0.00s CPU      0.00s WALL (       8 calls)
     addusdens    :      0.00s CPU      0.00s WALL (       7 calls)

     Called by *egterg:
     h_psi        :      0.01s CPU      0.01s WALL (      29 calls)
     s_psi        :      0.00s CPU      0.00s WALL (      29 calls)
     g_psi        :      0.00s CPU      0.00s WALL (      21 calls)
     cdiaghg      :      0.00s CPU      0.00s WALL (      27 calls)

     Called by h_psi:
     h_psi:pot    :      0.01s CPU      0.01s WALL (      29 calls)
     h_psi:calbec :      0.00s CPU      0.00s WALL (      29 calls)
     vloc_psi     :      0.00s CPU      0.01s WALL (      29 calls)
     add_vuspsi   :      0.00s CPU      0.00s WALL (      29 calls)

     General routines
     calbec       :      0.00s CPU      0.00s WALL (      42 calls)
     fft          :      0.01s CPU      0.01s WALL (     131 calls)
     ffts         :      0.00s CPU      0.00s WALL (      15 calls)
     fftw         :      0.01s CPU      0.01s WALL (     276 calls)
     interpolate  :      0.00s CPU      0.00s WALL (       8 calls)
 
     Parallel routines
     fft_scatt_xy :      0.00s CPU      0.00s WALL (     422 calls)
     fft_scatt_yz :      0.01s CPU      0.01s WALL (     422 calls)
 
     PWSCF        :     1.14s CPU         1.18s WALL

 
   This run was terminated on:  14:28:36  18Jul2019            

=------------------------------------------------------------------------------=
   JOB DONE.
=------------------------------------------------------------------------------=
