===== VARIABLES =====
EXE_PATH = /scr/szymansk/2019-3/qe-bin/bin/pw.x
tpp = 4
Parallel keywords = -nimage 1
MPIRUN_EXE = orterun
PATH = /scr/szymansk/2019-3/mmshare-v4.7/lib/Linux-x86_64/openmpi/bin:/scr/szymansk/2019-3/internal/bin:/scr/szymansk/2019-3/mmshare-v4.7/bin/Linux-x86_64:/home/szymansk/bin:/scr/szymansk/dakota/bin:/scr/szymansk/atompaw-4.1.0.5/src/:/usr/lib64/qt-3.3/bin:/usr/local/bin:/usr/local/sbin:/usr/bin:/usr/sbin:/bin:/sbin
LD_LIBRARY_PATH = /scr/szymansk/2019-3/mmshare-v4.7/lib/Linux-x86_64/openmpi/lib:/scr/szymansk/2019-3/internal/lib/ssl:/scr/szymansk/2019-3/internal/lib:/scr/szymansk/2019-3/mmshare-v4.7/lib/Linux-x86_64:/scr/szymansk/2019-3/internal/lib/python3.6/site-packages:/scr/szymansk/dakota/bin:/software/lib/Linux-x86_64/ifort_2017.1.132/mkl/lib/intel64
===== END VARIABLES =====
Invoking: exe_cmd () 
{ 
    "$MPIRUN_EXE" -np $tpp "$EXE_PATH" -in $input_file "${P_KEYWORDS[@]}"
}

     Program PWSCF v.6.3MaX starts on 13Jun2019 at 12:19:10 

     This program is part of the open-source Quantum ESPRESSO suite
     for quantum simulation of materials; please cite
         "P. Giannozzi et al., J. Phys.:Condens. Matter 21 395502 (2009);
         "P. Giannozzi et al., J. Phys.:Condens. Matter 29 465901 (2017);
          URL http://www.quantum-espresso.org", 
     in publications or presentations arising from this work. More details at
     http://www.quantum-espresso.org/quote

     Parallel version (MPI), running on     4 processors

     MPI processes distributed on     1 nodes
     R & G space division:  proc/nbgrp/npool/nimage =       4
     Reading input from ZnO.ZB.relax.in
Warning: card &CELL ignored
Warning: card   CELL_DYNAMICS='BFGS' ignored
Warning: card / ignored

     Current dimensions of program PWSCF are:
     Max number of different atomic species (ntypx) = 10
     Max number of k-points (npk) =  40000
     Max angular momentum in pseudopotentials (lmaxx) =  3

     Subspace diagonalization in iterative solution of the eigenvalue problem:
     a serial algorithm will be used

 
     Parallelization info
     --------------------
     sticks:   dense  smooth     PW     G-vecs:    dense   smooth      PW
     Min         136     108     37                 2097     1495     284
     Max         137     109     38                 2100     1498     285
     Sum         547     433    151                 8393     5985    1139
 


     bravais-lattice index     =            0
     lattice parameter (alat)  =       6.2900  a.u.
     unit-cell volume          =     175.9656 (a.u.)^3
     number of atoms/cell      =            2
     number of atomic types    =            2
     number of electrons       =        26.00
     number of Kohn-Sham states=           17
     kinetic-energy cutoff     =      40.0000  Ry
     charge density cutoff     =     200.0000  Ry
     convergence threshold     =      1.0E-08
     mixing beta               =       0.7000
     number of iterations used =            8  plain     mixing
     Exchange-correlation      = SLA  PW   PBE  PBE ( 1  4  3  4 0 0)
     nstep                     =           50


     celldm(1)=   6.289955  celldm(2)=   0.000000  celldm(3)=   0.000000
     celldm(4)=   0.000000  celldm(5)=   0.000000  celldm(6)=   0.000000

     crystal axes: (cart. coord. in units of alat)
               a(1) = (  -0.707107   0.000000   0.707107 )  
               a(2) = (   0.000000   0.707107   0.707107 )  
               a(3) = (  -0.707107   0.707107   0.000000 )  

     reciprocal axes: (cart. coord. in units 2 pi/alat)
               b(1) = ( -0.707107 -0.707107  0.707107 )  
               b(2) = (  0.707107  0.707107  0.707107 )  
               b(3) = ( -0.707107  0.707107 -0.707107 )  


     PseudoPot. # 1 for Zn read from file:
     ./Zn.GGA-PBE-paw.UPF
     MD5 check sum: df62231357ef9e81f77b2b3087fa5675
     Pseudo is Ultrasoft, Zval = 20.0
     Generated by new atomic code, or converted to UPF format
     Using radial grid of  943 points,  6 beta functions with: 
                l(1) =   0
                l(2) =   0
                l(3) =   1
                l(4) =   1
                l(5) =   2
                l(6) =   2
     Q(r) pseudized with  8 coefficients,  rinner =    1.100   1.100   1.100
                                                       1.100   1.100

     PseudoPot. # 2 for O  read from file:
     ./O.GGA-PBE-paw.UPF
     MD5 check sum: 734c27235a0248c51dbae37a1fbe46ec
     Pseudo is Ultrasoft + core correction, Zval =  6.0
     Generated by new atomic code, or converted to UPF format
     Using radial grid of  737 points,  5 beta functions with: 
                l(1) =   0
                l(2) =   0
                l(3) =   1
                l(4) =   1
                l(5) =   2
     Q(r) pseudized with  8 coefficients,  rinner =    0.900   0.900   0.900
                                                       0.900   0.900

     atomic species   valence    mass     pseudopotential
        Zn            20.00    65.39000     Zn( 1.00)
        O              6.00    15.99940     O ( 1.00)

     24 Sym. Ops. (no inversion) found



   Cartesian axes

     site n.     atom                  positions (alat units)
         1           Zn  tau(   1) = (   0.0000000   0.0000000   0.0000000  )
         2           O   tau(   2) = (  -0.3535534   0.3535534   0.3535534  )

     number of k points=    29  Fermi-Dirac smearing, width (Ry)=  0.0020
                       cart. coord. in units 2pi/alat
        k(    1) = (   0.0000000   0.0000000   0.0000000), wk =   0.0039062
        k(    2) = (  -0.0883883   0.0883883  -0.0883883), wk =   0.0312500
        k(    3) = (  -0.1767767   0.1767767  -0.1767767), wk =   0.0312500
        k(    4) = (  -0.2651650   0.2651650  -0.2651650), wk =   0.0312500
        k(    5) = (   0.3535534  -0.3535534   0.3535534), wk =   0.0156250
        k(    6) = (   0.0000000   0.1767767   0.0000000), wk =   0.0234375
        k(    7) = (  -0.0883883   0.2651650  -0.0883883), wk =   0.0937500
        k(    8) = (  -0.1767767   0.3535534  -0.1767767), wk =   0.0937500
        k(    9) = (   0.4419417  -0.2651650   0.4419417), wk =   0.0937500
        k(   10) = (   0.3535534  -0.1767767   0.3535534), wk =   0.0937500
        k(   11) = (   0.2651650  -0.0883883   0.2651650), wk =   0.0937500
        k(   12) = (   0.1767767   0.0000000   0.1767767), wk =   0.0468750
        k(   13) = (   0.0000000   0.3535534   0.0000000), wk =   0.0234375
        k(   14) = (  -0.0883883   0.4419417  -0.0883883), wk =   0.0937500
        k(   15) = (   0.5303301  -0.1767767   0.5303301), wk =   0.0937500
        k(   16) = (   0.4419417  -0.0883883   0.4419417), wk =   0.0937500
        k(   17) = (   0.3535534   0.0000000   0.3535534), wk =   0.0468750
        k(   18) = (   0.0000000   0.5303301   0.0000000), wk =   0.0234375
        k(   19) = (   0.6187184  -0.0883883   0.6187184), wk =   0.0937500
        k(   20) = (   0.5303301   0.0000000   0.5303301), wk =   0.0468750
        k(   21) = (   0.0000000  -0.7071068   0.0000000), wk =   0.0117188
        k(   22) = (  -0.1767767   0.3535534   0.0000000), wk =   0.0937500
        k(   23) = (   0.4419417  -0.2651650   0.6187184), wk =   0.1875000
        k(   24) = (   0.3535534  -0.1767767   0.5303301), wk =   0.0937500
        k(   25) = (   0.5303301  -0.1767767   0.7071068), wk =   0.0937500
        k(   26) = (   0.4419417  -0.0883883   0.6187184), wk =   0.1875000
        k(   27) = (   0.3535534   0.0000000   0.5303301), wk =   0.0937500
        k(   28) = (  -0.1767767  -0.7071068   0.0000000), wk =   0.0468750
        k(   29) = (  -0.3535534  -0.7071068   0.0000000), wk =   0.0234375

     Dense  grid:     8393 G-vectors     FFT dimensions: (  30,  30,  30)

     Smooth grid:     5985 G-vectors     FFT dimensions: (  25,  25,  25)

     Estimated max dynamical RAM per process >      11.36 MB

     Estimated total dynamical RAM >      45.46 MB

     Check: negative/imaginary core charge=   -0.000003    0.000000

     Initial potential from superposition of free atoms

     starting charge   25.99986, renormalised to   26.00000
     Starting wfcs are   17 randomized atomic wfcs

     total cpu time spent up to now is        0.2 secs

     Self-consistent Calculation

     iteration #  1     ecut=    40.00 Ry     beta= 0.70
     Davidson diagonalization with overlap
     ethr =  1.00E-02,  avg # of iterations =  3.0

     total cpu time spent up to now is        0.4 secs

     total energy              =    -493.67962728 Ry
     Harris-Foulkes estimate   =    -494.03016503 Ry
     estimated scf accuracy    <       0.45668106 Ry

     iteration #  2     ecut=    40.00 Ry     beta= 0.70
     Davidson diagonalization with overlap
     ethr =  1.76E-03,  avg # of iterations =  2.1

     total cpu time spent up to now is        0.6 secs

     total energy              =    -493.73747753 Ry
     Harris-Foulkes estimate   =    -494.13762849 Ry
     estimated scf accuracy    <       0.93722967 Ry

     iteration #  3     ecut=    40.00 Ry     beta= 0.70
     Davidson diagonalization with overlap
     ethr =  1.76E-03,  avg # of iterations =  2.0

     total cpu time spent up to now is        0.8 secs

     total energy              =    -493.91085726 Ry
     Harris-Foulkes estimate   =    -493.91345898 Ry
     estimated scf accuracy    <       0.00531554 Ry

     iteration #  4     ecut=    40.00 Ry     beta= 0.70
     Davidson diagonalization with overlap
     ethr =  2.04E-05,  avg # of iterations =  2.0

     total cpu time spent up to now is        0.9 secs

     total energy              =    -493.91202029 Ry
     Harris-Foulkes estimate   =    -493.91281594 Ry
     estimated scf accuracy    <       0.00192671 Ry

     iteration #  5     ecut=    40.00 Ry     beta= 0.70
     Davidson diagonalization with overlap
     ethr =  7.41E-06,  avg # of iterations =  2.0

     total cpu time spent up to now is        1.1 secs

     total energy              =    -493.91235359 Ry
     Harris-Foulkes estimate   =    -493.91237576 Ry
     estimated scf accuracy    <       0.00005198 Ry

     iteration #  6     ecut=    40.00 Ry     beta= 0.70
     Davidson diagonalization with overlap
     ethr =  2.00E-07,  avg # of iterations =  1.7

     total cpu time spent up to now is        1.3 secs

     total energy              =    -493.91235995 Ry
     Harris-Foulkes estimate   =    -493.91235953 Ry
     estimated scf accuracy    <       0.00000057 Ry

     iteration #  7     ecut=    40.00 Ry     beta= 0.70
     Davidson diagonalization with overlap
     ethr =  2.19E-09,  avg # of iterations =  2.0

     total cpu time spent up to now is        1.6 secs

     total energy              =    -493.91236007 Ry
     Harris-Foulkes estimate   =    -493.91236009 Ry
     estimated scf accuracy    <       0.00000006 Ry

     iteration #  8     ecut=    40.00 Ry     beta= 0.70
     Davidson diagonalization with overlap
     ethr =  2.45E-10,  avg # of iterations =  1.0

     total cpu time spent up to now is        1.8 secs

     End of self-consistent calculation

          k = 0.0000 0.0000 0.0000 (   749 PWs)   bands (ev):

  -115.9945 -70.1866 -70.1866 -70.1866  -9.9768   1.9983   1.9983   1.9983
     3.0194   3.0194   7.3753   7.3753   7.3753   7.9498  20.2946  20.2946
    20.2946

          k =-0.0884 0.0884-0.0884 (   743 PWs)   bands (ev):

  -115.9945 -70.1868 -70.1866 -70.1866  -9.8963   1.9506   2.0385   2.0385
     3.0144   3.0144   6.3755   7.2751   7.2751   9.0440  19.1231  20.3988
    20.3988

          k =-0.1768 0.1768-0.1768 (   754 PWs)   bands (ev):

  -115.9945 -70.1874 -70.1867 -70.1867  -9.6964   1.9179   2.1265   2.1265
     3.0200   3.0200   5.1462   7.0317   7.0317  10.4796  17.2279  20.4339
    20.4339

          k =-0.2652 0.2652-0.2652 (   763 PWs)   bands (ev):

  -115.9944 -70.1880 -70.1868 -70.1868  -9.4879   2.0937   2.1949   2.1949
     3.0609   3.0609   3.9844   6.7821   6.7821  11.8230  15.7175  20.2036
    20.2036

          k = 0.3536-0.3536 0.3536 (   754 PWs)   bands (ev):

  -115.9944 -70.1882 -70.1868 -70.1868  -9.3989   2.2156   2.2156   2.3698
     3.0912   3.0912   3.3308   6.6755   6.6755  12.5080  15.0253  20.0606
    20.0606

          k = 0.0000 0.1768 0.0000 (   761 PWs)   bands (ev):

  -115.9945 -70.1868 -70.1867 -70.1867  -9.8698   1.9011   2.0714   2.0714
     2.9843   3.0371   6.3774   7.1150   7.1150   9.3203  19.1377  20.2658
    20.2658

          k =-0.0884 0.2652-0.0884 (   757 PWs)   bands (ev):

  -115.9945 -70.1872 -70.1868 -70.1868  -9.7104   1.8460   2.1559   2.1654
     2.9647   3.0544   5.5127   6.8258   6.8889  10.4587  17.7609  19.9546
    20.3043

          k =-0.1768 0.3536-0.1768 (   746 PWs)   bands (ev):

  -115.9944 -70.1878 -70.1869 -70.1869  -9.5048   1.9559   2.2436   2.2498
     3.0086   3.0838   4.3978   6.5710   6.5755  11.8306  16.2307  19.3104
    20.2551

          k = 0.4419-0.2652 0.4419 (   755 PWs)   bands (ev):

  -115.9944 -70.1882 -70.1870 -70.1869  -9.3751   2.1593   2.2778   2.4292
     3.0933   3.1301   3.4436   6.2858   6.5053  12.9610  15.1050  18.9753
    20.1884

          k = 0.3536-0.1768 0.3536 (   756 PWs)   bands (ev):

  -115.9944 -70.1881 -70.1870 -70.1868  -9.4044   2.1979   2.2550   2.2880
     3.0420   3.1175   3.7161   6.1905   6.6749  12.7088  15.4029  18.8193
    20.3437

          k = 0.2652-0.0884 0.2652 (   754 PWs)   bands (ev):

  -115.9944 -70.1876 -70.1870 -70.1867  -9.5734   1.9675   2.1821   2.1839
     2.9868   3.0761   4.7505   6.3774   6.9699  11.4146  16.7973  18.9090
    20.7071

          k = 0.1768 0.0000 0.1768 (   759 PWs)   bands (ev):

  -115.9945 -70.1871 -70.1868 -70.1866  -9.7762   1.9025   2.0894   2.1135
     2.9857   3.0379   5.7410   6.8268   7.2155  10.0180  18.2598  19.5739
    20.7429

          k = 0.0000 0.3536 0.0000 (   729 PWs)   bands (ev):

  -115.9944 -70.1874 -70.1869 -70.1869  -9.6070   1.7373   2.2825   2.2825
     2.9179   3.0798   5.4624   6.4665   6.4665  11.0413  17.2783  20.4063
    20.4911

          k =-0.0884 0.4419-0.0884 (   757 PWs)   bands (ev):

  -115.9944 -70.1878 -70.1871 -70.1870  -9.4434   1.7709   2.4016   2.4052
     2.9548   3.1036   4.7858   6.0642   6.1551  12.0568  16.4067  18.7980
    20.5054

          k = 0.5303-0.1768 0.5303 (   748 PWs)   bands (ev):

  -115.9944 -70.1880 -70.1873 -70.1870  -9.3155   1.9696   2.4450   2.5736
     3.1016   3.1487   3.8563   5.5960   6.0842  13.3444  15.4891  17.9909
    20.4986

          k = 0.4419-0.0884 0.4419 (   748 PWs)   bands (ev):

  -115.9944 -70.1880 -70.1874 -70.1870  -9.3017   2.1136   2.4038   2.7266
     3.0425   3.1333   3.5988   5.3007   6.3065  14.1407  14.9944  17.4649
    20.5266

          k = 0.3536 0.0000 0.3536 (   754 PWs)   bands (ev):

  -115.9944 -70.1878 -70.1873 -70.1868  -9.4099   2.1767   2.2417   2.3000
     2.9873   3.1203   4.2930   5.5215   6.6743  12.8496  16.3667  17.2912
    20.6831

          k = 0.0000 0.5303 0.0000 (   753 PWs)   bands (ev):

  -115.9944 -70.1880 -70.1871 -70.1871  -9.3382   1.6868   2.5716   2.5716
     2.9409   3.1226   4.6964   5.7603   5.7603  12.2972  15.9302  18.9429
    20.7538

          k = 0.6187-0.0884 0.6187 (   751 PWs)   bands (ev):

  -115.9944 -70.1881 -70.1873 -70.1872  -9.2525   1.7797   2.6420   2.6823
     3.0983   3.1219   4.2484   5.3131   5.6343  12.9570  15.6141  18.3448
    20.8154

          k = 0.5303 0.0000 0.5303 (   746 PWs)   bands (ev):

  -115.9944 -70.1880 -70.1876 -70.1871  -9.2382   1.9612   2.5677   2.8288
     3.0769   3.3527   3.6568   4.9305   5.8735  13.9828  15.2483  17.6006
    20.7008

          k = 0.0000-0.7071 0.0000 (   740 PWs)   bands (ev):

  -115.9943 -70.1882 -70.1872 -70.1872  -9.2254   1.7023   2.7327   2.7327
     3.0461   3.1404   4.2832   5.4322   5.4322  12.6474  15.5549  18.5650
    20.9498

          k =-0.1768 0.3536 0.0000 (   755 PWs)   bands (ev):

  -115.9944 -70.1876 -70.1870 -70.1868  -9.5484   1.8586   2.2371   2.2849
     2.9583   3.0871   4.9714   6.1514   6.7198  11.5683  17.0455  18.5460
    20.6100

          k = 0.4419-0.2652 0.6187 (   753 PWs)   bands (ev):

  -115.9944 -70.1879 -70.1872 -70.1869  -9.3821   2.0550   2.2721   2.4535
     3.0201   3.1221   4.1200   5.7130   6.4162  12.9447  15.9171  17.9057
    20.3294

          k = 0.3536-0.1768 0.5303 (   750 PWs)   bands (ev):

  -115.9944 -70.1881 -70.1873 -70.1870  -9.3119   2.1563   2.3156   2.6963
     3.0318   3.3101   3.3535   5.6264   6.2391  13.9604  14.9265  17.9086
    20.1303

          k = 0.5303-0.1768 0.7071 (   755 PWs)   bands (ev):

  -115.9944 -70.1879 -70.1873 -70.1871  -9.3191   1.8553   2.4529   2.6090
     3.0319   3.1230   4.3802   5.4689   5.8906  12.9654  15.9136  18.1243
    20.1118

          k = 0.4419-0.0884 0.6187 (   749 PWs)   bands (ev):

  -115.9944 -70.1879 -70.1875 -70.1871  -9.2495   2.0266   2.4940   2.7837
     3.0323   3.3080   3.7894   5.0712   5.7469  14.1133  15.3956  17.6398
    19.5750

          k = 0.3536 0.0000 0.5303 (   747 PWs)   bands (ev):

  -115.9944 -70.1879 -70.1876 -70.1871  -9.2761   2.1210   2.3847   2.7992
     2.9871   3.1899   3.8437   5.0370   6.0258  14.2610  15.3951  17.2035
    19.8811

          k =-0.1768-0.7071 0.0000 (   746 PWs)   bands (ev):

  -115.9943 -70.1881 -70.1874 -70.1872  -9.2239   1.8618   2.6661   2.7195
     3.0958   3.2223   4.0968   5.1407   5.4355  13.4275  15.5573  18.3219
    19.5877

          k =-0.3536-0.7071 0.0000 (   744 PWs)   bands (ev):

  -115.9943 -70.1878 -70.1876 -70.1873  -9.2224   2.0791   2.6249   2.6818
     3.0179   3.4088   3.9138   4.8313   5.4376  14.5102  15.5606  18.0836
    18.1663

     the Fermi energy is     7.6794 ev

!    total energy              =    -493.91236007 Ry
     Harris-Foulkes estimate   =    -493.91236007 Ry
     estimated scf accuracy    <          6.3E-10 Ry

     The total energy is the sum of the following terms:

     one-electron contribution =    -415.39381256 Ry
     hartree contribution      =     217.37297569 Ry
     xc contribution           =     -49.53056697 Ry
     ewald contribution        =    -246.36095622 Ry
     smearing contrib. (-TS)   =      -0.00000001 Ry

     convergence has been achieved in   8 iterations

     Forces acting on atoms (cartesian axes, Ry/au):

     atom    1 type  1   force =    -0.00000000   -0.00000000   -0.00000000
     atom    2 type  2   force =     0.00000000    0.00000000    0.00000000

     Total force =     0.000000     Total SCF correction =     0.000000

     BFGS Geometry Optimization

     bfgs converged in   1 scf cycles and   0 bfgs steps
     (criteria: energy <  1.0E-04 Ry, force <  1.0E-03 Ry/Bohr)

     End of BFGS Geometry Optimization

     Final energy   =    -493.9123600699 Ry
Begin final coordinates

ATOMIC_POSITIONS (crystal)
Zn       0.000000000   0.000000000   0.000000000
O        0.250000000   0.250000000   0.250000000
End final coordinates



     Writing output data file ZnO.ZB.relax.save/
 
     init_run     :      0.12s CPU      0.15s WALL (       1 calls)
     electrons    :      1.53s CPU      1.63s WALL (       1 calls)
     forces       :      0.03s CPU      0.03s WALL (       1 calls)

     Called by init_run:
     wfcinit      :      0.05s CPU      0.08s WALL (       1 calls)
     potinit      :      0.00s CPU      0.00s WALL (       1 calls)
     hinit0       :      0.05s CPU      0.06s WALL (       1 calls)

     Called by electrons:
     c_bands      :      1.22s CPU      1.29s WALL (       8 calls)
     sum_band     :      0.25s CPU      0.27s WALL (       8 calls)
     v_of_rho     :      0.02s CPU      0.02s WALL (       9 calls)
     newd         :      0.04s CPU      0.04s WALL (       9 calls)
     mix_rho      :      0.00s CPU      0.00s WALL (       8 calls)

     Called by c_bands:
     init_us_2    :      0.03s CPU      0.03s WALL (     522 calls)
     cegterg      :      1.13s CPU      1.19s WALL (     232 calls)

     Called by sum_band:
     sum_band:bec :      0.00s CPU      0.00s WALL (     232 calls)
     addusdens    :      0.04s CPU      0.05s WALL (       8 calls)

     Called by *egterg:
     h_psi        :      0.85s CPU      0.90s WALL (     718 calls)
     s_psi        :      0.02s CPU      0.02s WALL (     718 calls)
     g_psi        :      0.00s CPU      0.00s WALL (     457 calls)
     cdiaghg      :      0.21s CPU      0.24s WALL (     689 calls)

     Called by h_psi:
     h_psi:pot    :      0.84s CPU      0.90s WALL (     718 calls)
     h_psi:calbec :      0.03s CPU      0.04s WALL (     718 calls)
     vloc_psi     :      0.79s CPU      0.84s WALL (     718 calls)
     add_vuspsi   :      0.02s CPU      0.02s WALL (     718 calls)

     General routines
     calbec       :      0.05s CPU      0.06s WALL (    1066 calls)
     fft          :      0.01s CPU      0.01s WALL (     127 calls)
     ffts         :      0.00s CPU      0.00s WALL (      17 calls)
     fftw         :      0.87s CPU      0.93s WALL (   23342 calls)
     interpolate  :      0.00s CPU      0.00s WALL (       9 calls)
 
     Parallel routines
     fft_scatt_xy :      0.11s CPU      0.12s WALL (   23486 calls)
     fft_scatt_yz :      0.34s CPU      0.37s WALL (   23486 calls)
 
     PWSCF        :     1.74s CPU         1.90s WALL

 
   This run was terminated on:  12:19:12  13Jun2019            

=------------------------------------------------------------------------------=
   JOB DONE.
=------------------------------------------------------------------------------=
