===== VARIABLES =====
EXE_PATH = /scr/szymansk/2019-3/qe-bin/bin/pw.x
tpp = 4
Parallel keywords = -nimage 1
MPIRUN_EXE = orterun
PATH = /scr/szymansk/2019-3/mmshare-v4.7/lib/Linux-x86_64/openmpi/bin:/scr/szymansk/2019-3/internal/bin:/scr/szymansk/2019-3/mmshare-v4.7/bin/Linux-x86_64:/home/szymansk/bin:/scr/szymansk/dakota/bin:/scr/szymansk/atompaw-4.1.0.5/src/:/usr/lib64/qt-3.3/bin:/usr/local/bin:/usr/local/sbin:/usr/bin:/usr/sbin:/bin:/sbin
LD_LIBRARY_PATH = /scr/szymansk/2019-3/mmshare-v4.7/lib/Linux-x86_64/openmpi/lib:/scr/szymansk/2019-3/internal/lib/ssl:/scr/szymansk/2019-3/internal/lib:/scr/szymansk/2019-3/mmshare-v4.7/lib/Linux-x86_64:/scr/szymansk/2019-3/internal/lib/python3.6/site-packages:/scr/szymansk/dakota/bin:/software/lib/Linux-x86_64/ifort_2017.1.132/mkl/lib/intel64
===== END VARIABLES =====
Invoking: exe_cmd () 
{ 
    "$MPIRUN_EXE" -np $tpp "$EXE_PATH" -in $input_file "${P_KEYWORDS[@]}"
}

     Program PWSCF v.6.3MaX starts on 13Jun2019 at 12:18:51 

     This program is part of the open-source Quantum ESPRESSO suite
     for quantum simulation of materials; please cite
         "P. Giannozzi et al., J. Phys.:Condens. Matter 21 395502 (2009);
         "P. Giannozzi et al., J. Phys.:Condens. Matter 29 465901 (2017);
          URL http://www.quantum-espresso.org", 
     in publications or presentations arising from this work. More details at
     http://www.quantum-espresso.org/quote

     Parallel version (MPI), running on     4 processors

     MPI processes distributed on     1 nodes
     R & G space division:  proc/nbgrp/npool/nimage =       4
     Reading input from ZnO.ZB.relax.in
Warning: card &CELL ignored
Warning: card   CELL_DYNAMICS='BFGS' ignored
Warning: card / ignored

     Current dimensions of program PWSCF are:
     Max number of different atomic species (ntypx) = 10
     Max number of k-points (npk) =  40000
     Max angular momentum in pseudopotentials (lmaxx) =  3

     Subspace diagonalization in iterative solution of the eigenvalue problem:
     a serial algorithm will be used

 
     Parallelization info
     --------------------
     sticks:   dense  smooth     PW     G-vecs:    dense   smooth      PW
     Min         127     105     34                 1948     1399     259
     Max         129     106     35                 1952     1402     260
     Sum         511     421    139                 7799     5601    1037
 


     bravais-lattice index     =            0
     lattice parameter (alat)  =       6.1276  a.u.
     unit-cell volume          =     162.6851 (a.u.)^3
     number of atoms/cell      =            2
     number of atomic types    =            2
     number of electrons       =        26.00
     number of Kohn-Sham states=           17
     kinetic-energy cutoff     =      40.0000  Ry
     charge density cutoff     =     200.0000  Ry
     convergence threshold     =      1.0E-08
     mixing beta               =       0.7000
     number of iterations used =            8  plain     mixing
     Exchange-correlation      = SLA  PW   PBE  PBE ( 1  4  3  4 0 0)
     nstep                     =           50


     celldm(1)=   6.127561  celldm(2)=   0.000000  celldm(3)=   0.000000
     celldm(4)=   0.000000  celldm(5)=   0.000000  celldm(6)=   0.000000

     crystal axes: (cart. coord. in units of alat)
               a(1) = (  -0.707107   0.000000   0.707107 )  
               a(2) = (   0.000000   0.707107   0.707107 )  
               a(3) = (  -0.707107   0.707107   0.000000 )  

     reciprocal axes: (cart. coord. in units 2 pi/alat)
               b(1) = ( -0.707107 -0.707107  0.707107 )  
               b(2) = (  0.707107  0.707107  0.707107 )  
               b(3) = ( -0.707107  0.707107 -0.707107 )  


     PseudoPot. # 1 for Zn read from file:
     ./Zn.GGA-PBE-paw.UPF
     MD5 check sum: df62231357ef9e81f77b2b3087fa5675
     Pseudo is Ultrasoft, Zval = 20.0
     Generated by new atomic code, or converted to UPF format
     Using radial grid of  943 points,  6 beta functions with: 
                l(1) =   0
                l(2) =   0
                l(3) =   1
                l(4) =   1
                l(5) =   2
                l(6) =   2
     Q(r) pseudized with  8 coefficients,  rinner =    1.100   1.100   1.100
                                                       1.100   1.100

     PseudoPot. # 2 for O  read from file:
     ./O.GGA-PBE-paw.UPF
     MD5 check sum: 734c27235a0248c51dbae37a1fbe46ec
     Pseudo is Ultrasoft + core correction, Zval =  6.0
     Generated by new atomic code, or converted to UPF format
     Using radial grid of  737 points,  5 beta functions with: 
                l(1) =   0
                l(2) =   0
                l(3) =   1
                l(4) =   1
                l(5) =   2
     Q(r) pseudized with  8 coefficients,  rinner =    0.900   0.900   0.900
                                                       0.900   0.900

     atomic species   valence    mass     pseudopotential
        Zn            20.00    65.39000     Zn( 1.00)
        O              6.00    15.99940     O ( 1.00)

     24 Sym. Ops. (no inversion) found



   Cartesian axes

     site n.     atom                  positions (alat units)
         1           Zn  tau(   1) = (   0.0000000   0.0000000   0.0000000  )
         2           O   tau(   2) = (  -0.3535534   0.3535534   0.3535534  )

     number of k points=    29  Fermi-Dirac smearing, width (Ry)=  0.0020
                       cart. coord. in units 2pi/alat
        k(    1) = (   0.0000000   0.0000000   0.0000000), wk =   0.0039062
        k(    2) = (  -0.0883883   0.0883883  -0.0883883), wk =   0.0312500
        k(    3) = (  -0.1767767   0.1767767  -0.1767767), wk =   0.0312500
        k(    4) = (  -0.2651650   0.2651650  -0.2651650), wk =   0.0312500
        k(    5) = (   0.3535534  -0.3535534   0.3535534), wk =   0.0156250
        k(    6) = (   0.0000000   0.1767767   0.0000000), wk =   0.0234375
        k(    7) = (  -0.0883883   0.2651650  -0.0883883), wk =   0.0937500
        k(    8) = (  -0.1767767   0.3535534  -0.1767767), wk =   0.0937500
        k(    9) = (   0.4419417  -0.2651650   0.4419417), wk =   0.0937500
        k(   10) = (   0.3535534  -0.1767767   0.3535534), wk =   0.0937500
        k(   11) = (   0.2651650  -0.0883883   0.2651650), wk =   0.0937500
        k(   12) = (   0.1767767   0.0000000   0.1767767), wk =   0.0468750
        k(   13) = (   0.0000000   0.3535534   0.0000000), wk =   0.0234375
        k(   14) = (  -0.0883883   0.4419417  -0.0883883), wk =   0.0937500
        k(   15) = (   0.5303301  -0.1767767   0.5303301), wk =   0.0937500
        k(   16) = (   0.4419417  -0.0883883   0.4419417), wk =   0.0937500
        k(   17) = (   0.3535534   0.0000000   0.3535534), wk =   0.0468750
        k(   18) = (   0.0000000   0.5303301   0.0000000), wk =   0.0234375
        k(   19) = (   0.6187184  -0.0883883   0.6187184), wk =   0.0937500
        k(   20) = (   0.5303301   0.0000000   0.5303301), wk =   0.0468750
        k(   21) = (   0.0000000  -0.7071068   0.0000000), wk =   0.0117188
        k(   22) = (  -0.1767767   0.3535534   0.0000000), wk =   0.0937500
        k(   23) = (   0.4419417  -0.2651650   0.6187184), wk =   0.1875000
        k(   24) = (   0.3535534  -0.1767767   0.5303301), wk =   0.0937500
        k(   25) = (   0.5303301  -0.1767767   0.7071068), wk =   0.0937500
        k(   26) = (   0.4419417  -0.0883883   0.6187184), wk =   0.1875000
        k(   27) = (   0.3535534   0.0000000   0.5303301), wk =   0.0937500
        k(   28) = (  -0.1767767  -0.7071068   0.0000000), wk =   0.0468750
        k(   29) = (  -0.3535534  -0.7071068   0.0000000), wk =   0.0234375

     Dense  grid:     7799 G-vectors     FFT dimensions: (  27,  27,  27)

     Smooth grid:     5601 G-vectors     FFT dimensions: (  25,  25,  25)

     Estimated max dynamical RAM per process >      10.54 MB

     Estimated total dynamical RAM >      42.17 MB

     Check: negative/imaginary core charge=   -0.000003    0.000000

     Initial potential from superposition of free atoms

     starting charge   25.99986, renormalised to   26.00000
     Starting wfcs are   17 randomized atomic wfcs

     total cpu time spent up to now is        0.3 secs

     Self-consistent Calculation

     iteration #  1     ecut=    40.00 Ry     beta= 0.70
     Davidson diagonalization with overlap
     ethr =  1.00E-02,  avg # of iterations =  3.0

     total cpu time spent up to now is        0.5 secs

     total energy              =    -493.69330727 Ry
     Harris-Foulkes estimate   =    -494.03033788 Ry
     estimated scf accuracy    <       0.44009563 Ry

     iteration #  2     ecut=    40.00 Ry     beta= 0.70
     Davidson diagonalization with overlap
     ethr =  1.69E-03,  avg # of iterations =  2.2

     total cpu time spent up to now is        0.8 secs

     total energy              =    -493.76260966 Ry
     Harris-Foulkes estimate   =    -494.11108888 Ry
     estimated scf accuracy    <       0.79120507 Ry

     iteration #  3     ecut=    40.00 Ry     beta= 0.70
     Davidson diagonalization with overlap
     ethr =  1.69E-03,  avg # of iterations =  2.0

     total cpu time spent up to now is        1.0 secs

     total energy              =    -493.91218070 Ry
     Harris-Foulkes estimate   =    -493.91489917 Ry
     estimated scf accuracy    <       0.00534223 Ry

     iteration #  4     ecut=    40.00 Ry     beta= 0.70
     Davidson diagonalization with overlap
     ethr =  2.05E-05,  avg # of iterations =  2.0

     total cpu time spent up to now is        1.3 secs

     total energy              =    -493.91345079 Ry
     Harris-Foulkes estimate   =    -493.91415573 Ry
     estimated scf accuracy    <       0.00175373 Ry

     iteration #  5     ecut=    40.00 Ry     beta= 0.70
     Davidson diagonalization with overlap
     ethr =  6.75E-06,  avg # of iterations =  2.0

     total cpu time spent up to now is        1.6 secs

     total energy              =    -493.91374889 Ry
     Harris-Foulkes estimate   =    -493.91376567 Ry
     estimated scf accuracy    <       0.00003896 Ry

     iteration #  6     ecut=    40.00 Ry     beta= 0.70
     Davidson diagonalization with overlap
     ethr =  1.50E-07,  avg # of iterations =  1.6

     total cpu time spent up to now is        1.7 secs

     total energy              =    -493.91375358 Ry
     Harris-Foulkes estimate   =    -493.91375320 Ry
     estimated scf accuracy    <       0.00000045 Ry

     iteration #  7     ecut=    40.00 Ry     beta= 0.70
     Davidson diagonalization with overlap
     ethr =  1.72E-09,  avg # of iterations =  2.0

     total cpu time spent up to now is        1.9 secs

     total energy              =    -493.91375367 Ry
     Harris-Foulkes estimate   =    -493.91375368 Ry
     estimated scf accuracy    <       0.00000004 Ry

     iteration #  8     ecut=    40.00 Ry     beta= 0.70
     Davidson diagonalization with overlap
     ethr =  1.49E-10,  avg # of iterations =  1.1

     total cpu time spent up to now is        2.1 secs

     End of self-consistent calculation

          k = 0.0000 0.0000 0.0000 (   725 PWs)   bands (ev):

  -114.8341 -69.0289 -69.0289 -69.0289  -9.3322   2.9006   2.9006   2.9006
     4.1581   4.1581   8.6023   8.6023   8.6023   9.2885  21.9820  21.9820
    21.9820

          k =-0.0884 0.0884-0.0884 (   697 PWs)   bands (ev):

  -114.8340 -69.0293 -69.0290 -69.0290  -9.2373   2.8280   2.9466   2.9466
     4.1515   4.1515   7.6031   8.4904   8.4904  10.3871  20.7718  22.1025
    22.1025

          k =-0.1768 0.1768-0.1768 (   691 PWs)   bands (ev):

  -114.8340 -69.0302 -69.0292 -69.0292  -9.0004   2.7403   3.0480   3.0480
     4.1574   4.1574   6.3167   8.2170   8.2170  11.8902  18.8014  22.1351
    22.1351

          k =-0.2652 0.2652-0.2652 (   688 PWs)   bands (ev):

  -114.8339 -69.0311 -69.0293 -69.0293  -8.7517   2.8501   3.1276   3.1276
     4.2063   4.2063   5.1075   7.9330   7.9330  13.3152  17.2297  21.8592
    21.8592

          k = 0.3536-0.3536 0.3536 (   700 PWs)   bands (ev):

  -114.8339 -69.0315 -69.0294 -69.0294  -8.6449   3.0455   3.1521   3.1521
     4.2430   4.2430   4.4875   7.8102   7.8102  14.0531  16.4989  21.6934
    21.6934

          k = 0.0000 0.1768 0.0000 (   697 PWs)   bands (ev):

  -114.8340 -69.0293 -69.0291 -69.0291  -9.2060   2.7699   2.9829   2.9829
     4.1146   4.1793   7.6256   8.3126   8.3126  10.6677  20.8195  21.9607
    21.9607

          k =-0.0884 0.2652-0.0884 (   688 PWs)   bands (ev):

  -114.8340 -69.0300 -69.0293 -69.0292  -9.0171   2.6763   3.0769   3.0903
     4.0898   4.1996   6.7150   7.9888   8.0670  11.8532  19.3983  21.5948
    22.0099

          k =-0.1768 0.3536-0.1768 (   697 PWs)   bands (ev):

  -114.8339 -69.0309 -69.0294 -69.0294  -8.7722   2.7521   3.1625   3.1888
     4.1404   4.2345   5.5262   7.6993   7.7230  13.3021  17.7856  20.9129
    21.9442

          k = 0.4419-0.2652 0.4419 (   695 PWs)   bands (ev):

  -114.8339 -69.0313 -69.0296 -69.0295  -8.6170   3.0082   3.2230   3.2372
     4.2456   4.2667   4.5715   7.4008   7.6214  14.5263  16.5697  20.5857
    21.8520

          k = 0.3536-0.1768 0.3536 (   698 PWs)   bands (ev):

  -114.8339 -69.0312 -69.0296 -69.0294  -8.6521   3.0318   3.1310   3.1974
     4.1830   4.2684   4.8333   7.2926   7.8134  14.2575  16.8849  20.4203
    22.0148

          k = 0.2652-0.0884 0.2652 (   697 PWs)   bands (ev):

  -114.8340 -69.0306 -69.0295 -69.0292  -8.8541   2.7725   3.1035   3.1153
     4.1166   4.2248   5.9054   7.4956   8.1472  12.8738  18.3756  20.4842
    22.4362

          k = 0.1768 0.0000 0.1768 (   682 PWs)   bands (ev):

  -114.8340 -69.0298 -69.0292 -69.0290  -9.0951   2.7494   3.0062   3.0287
     4.1159   4.1796   6.9543   7.9904   8.4232  11.4014  19.9117  21.1788
    22.4965

          k = 0.0000 0.3536 0.0000 (   681 PWs)   bands (ev):

  -114.8340 -69.0302 -69.0294 -69.0294  -8.8945   2.5415   3.2237   3.2237
     4.0314   4.2305   6.6917   7.5879   7.5879  12.4265  18.9632  21.9229
    22.1461

          k =-0.0884 0.4419-0.0884 (   691 PWs)   bands (ev):

  -114.8339 -69.0308 -69.0297 -69.0296  -8.6996   2.5551   3.3588   3.3627
     4.0706   4.2588   5.9422   7.1575   7.2354  13.4613  18.0975  20.2809
    22.2622

          k = 0.5303-0.1768 0.5303 (   697 PWs)   bands (ev):

  -114.8339 -69.0311 -69.0300 -69.0297  -8.5465   2.7789   3.4155   3.5163
     4.2558   4.2783   4.9067   6.6680   7.1518  14.7961  17.1152  19.5545
    22.2380

          k = 0.4419-0.0884 0.4419 (   694 PWs)   bands (ev):

  -114.8339 -69.0310 -69.0303 -69.0296  -8.5299   2.9812   3.3682   3.5910
     4.1837   4.2148   4.7202   6.3442   7.4028  15.7857  16.4054  19.0648
    22.2463

          k = 0.3536 0.0000 0.3536 (   688 PWs)   bands (ev):

  -114.8339 -69.0308 -69.0300 -69.0294  -8.6592   3.0324   3.1019   3.2485
     4.1171   4.2716   5.4299   6.5562   7.8165  14.3912  17.9153  18.8165
    22.4081

          k = 0.0000 0.5303 0.0000 (   700 PWs)   bands (ev):

  -114.8339 -69.0311 -69.0298 -69.0298  -8.5741   2.4491   3.5626   3.5626
     4.0502   4.2819   5.8633   6.7883   6.7883  13.6146  17.7093  20.3340
    22.5673

          k = 0.6187-0.0884 0.6187 (   699 PWs)   bands (ev):

  -114.8338 -69.0312 -69.0301 -69.0299  -8.4715   2.5500   3.6479   3.6993
     4.2238   4.2807   5.3211   6.3172   6.6421  14.2458  17.4481  19.8000
    22.6339

          k = 0.5303 0.0000 0.5303 (   694 PWs)   bands (ev):

  -114.8338 -69.0310 -69.0304 -69.0298  -8.4543   2.7763   3.5593   3.8984
     4.2256   4.4923   4.5584   5.9575   6.9152  15.2896  17.0631  19.1541
    22.4776

          k = 0.0000-0.7071 0.0000 (   692 PWs)   bands (ev):

  -114.8338 -69.0314 -69.0300 -69.0300  -8.4391   2.4563   3.7587   3.7587
     4.1719   4.3033   5.3919   6.4080   6.4080  13.8825  17.4248  19.9629
    22.8025

          k =-0.1768 0.3536 0.0000 (   690 PWs)   bands (ev):

  -114.8339 -69.0305 -69.0296 -69.0293  -8.8246   2.6644   3.1667   3.2230
     4.0803   4.2385   6.1502   7.2382   7.8758  13.0087  18.7153  20.0363
    22.3609

          k = 0.4419-0.2652 0.6187 (   696 PWs)   bands (ev):

  -114.8339 -69.0310 -69.0299 -69.0295  -8.6260   2.8723   3.1941   3.3905
     4.1511   4.2739   5.2266   6.7710   7.5346  14.4589  17.4803  19.4527
    22.0461

          k = 0.3536-0.1768 0.5303 (   702 PWs)   bands (ev):

  -114.8339 -69.0312 -69.0300 -69.0296  -8.5420   3.0299   3.2300   3.5779
     4.1629   4.3923   4.5036   6.6909   7.3316  15.6072  16.3340  19.5110
    21.8270

          k = 0.5303-0.1768 0.7071 (   691 PWs)   bands (ev):

  -114.8339 -69.0310 -69.0300 -69.0298  -8.5511   2.6415   3.4182   3.5965
     4.1555   4.2777   5.4947   6.4674   6.9613  14.3557  17.6659  19.5843
    21.8705

          k = 0.4419-0.0884 0.6187 (   701 PWs)   bands (ev):

  -114.8338 -69.0310 -69.0303 -69.0298  -8.4678   2.8548   3.4597   3.7966
     4.1592   4.4643   4.7909   6.0588   6.8039  15.4883  17.1636  19.1887
    21.2802

          k = 0.3536 0.0000 0.5303 (   695 PWs)   bands (ev):

  -114.8338 -69.0309 -69.0304 -69.0297  -8.4996   2.9823   3.3148   3.7635
     4.1085   4.3022   4.9358   6.0290   7.1062  15.7733  16.9958  18.7694
    21.5890

          k =-0.1768-0.7071 0.0000 (   706 PWs)   bands (ev):

  -114.8338 -69.0312 -69.0302 -69.0300  -8.4373   2.6474   3.6989   3.7204
     4.2474   4.3744   5.1392   6.0652   6.4751  14.7099  17.4281  19.7814
    21.3654

          k =-0.3536-0.7071 0.0000 (   700 PWs)   bands (ev):

  -114.8338 -69.0308 -69.0305 -69.0300  -8.4355   2.9250   3.6138   3.6595
     4.1540   4.6307   4.9300   5.6685   6.5204  15.8404  17.4330  19.6556
    19.7908

     the Fermi energy is     8.9616 ev

!    total energy              =    -493.91375367 Ry
     Harris-Foulkes estimate   =    -493.91375367 Ry
     estimated scf accuracy    <          4.3E-10 Ry

     The total energy is the sum of the following terms:

     one-electron contribution =    -404.29652170 Ry
     hartree contribution      =     212.88054029 Ry
     xc contribution           =     -49.60768230 Ry
     ewald contribution        =    -252.89008997 Ry
     smearing contrib. (-TS)   =      -0.00000000 Ry

     convergence has been achieved in   8 iterations

     Forces acting on atoms (cartesian axes, Ry/au):

     atom    1 type  1   force =     0.00000000    0.00000000    0.00000000
     atom    2 type  2   force =    -0.00000000   -0.00000000   -0.00000000

     Total force =     0.000000     Total SCF correction =     0.000000

     BFGS Geometry Optimization

     bfgs converged in   1 scf cycles and   0 bfgs steps
     (criteria: energy <  1.0E-04 Ry, force <  1.0E-03 Ry/Bohr)

     End of BFGS Geometry Optimization

     Final energy   =    -493.9137536745 Ry
Begin final coordinates

ATOMIC_POSITIONS (crystal)
Zn       0.000000000   0.000000000   0.000000000
O        0.250000000   0.250000000   0.250000000
End final coordinates



     Writing output data file ZnO.ZB.relax.save/
 
     init_run     :      0.17s CPU      0.20s WALL (       1 calls)
     electrons    :      1.68s CPU      1.78s WALL (       1 calls)
     forces       :      0.02s CPU      0.02s WALL (       1 calls)

     Called by init_run:
     wfcinit      :      0.07s CPU      0.09s WALL (       1 calls)
     potinit      :      0.00s CPU      0.01s WALL (       1 calls)
     hinit0       :      0.09s CPU      0.09s WALL (       1 calls)

     Called by electrons:
     c_bands      :      1.34s CPU      1.42s WALL (       8 calls)
     sum_band     :      0.28s CPU      0.29s WALL (       8 calls)
     v_of_rho     :      0.02s CPU      0.02s WALL (       9 calls)
     newd         :      0.04s CPU      0.05s WALL (       9 calls)
     mix_rho      :      0.00s CPU      0.00s WALL (       8 calls)

     Called by c_bands:
     init_us_2    :      0.03s CPU      0.03s WALL (     522 calls)
     cegterg      :      1.24s CPU      1.32s WALL (     232 calls)

     Called by sum_band:
     sum_band:bec :      0.00s CPU      0.00s WALL (     232 calls)
     addusdens    :      0.05s CPU      0.05s WALL (       8 calls)

     Called by *egterg:
     h_psi        :      0.94s CPU      1.00s WALL (     718 calls)
     s_psi        :      0.02s CPU      0.02s WALL (     718 calls)
     g_psi        :      0.00s CPU      0.00s WALL (     457 calls)
     cdiaghg      :      0.22s CPU      0.25s WALL (     689 calls)

     Called by h_psi:
     h_psi:pot    :      0.94s CPU      1.00s WALL (     718 calls)
     h_psi:calbec :      0.03s CPU      0.04s WALL (     718 calls)
     vloc_psi     :      0.88s CPU      0.94s WALL (     718 calls)
     add_vuspsi   :      0.02s CPU      0.02s WALL (     718 calls)

     General routines
     calbec       :      0.05s CPU      0.05s WALL (    1066 calls)
     fft          :      0.01s CPU      0.01s WALL (     127 calls)
     ffts         :      0.00s CPU      0.00s WALL (      17 calls)
     fftw         :      0.97s CPU      1.03s WALL (   23326 calls)
     interpolate  :      0.00s CPU      0.00s WALL (       9 calls)
 
     Parallel routines
     fft_scatt_xy :      0.13s CPU      0.14s WALL (   23470 calls)
     fft_scatt_yz :      0.36s CPU      0.38s WALL (   23470 calls)
 
     PWSCF        :     1.94s CPU         2.11s WALL

 
   This run was terminated on:  12:18:53  13Jun2019            

=------------------------------------------------------------------------------=
   JOB DONE.
=------------------------------------------------------------------------------=
