===== VARIABLES =====
EXE_PATH = /scr/szymansk/2019-3/qe-bin/bin/pw.x
tpp = 4
Parallel keywords = -nimage 1
MPIRUN_EXE = orterun
PATH = /scr/szymansk/2019-3/mmshare-v4.7/lib/Linux-x86_64/openmpi/bin:/scr/szymansk/2019-3/internal/bin:/scr/szymansk/2019-3/mmshare-v4.7/bin/Linux-x86_64:/scr/szymansk/gaopaw/Examples/Be/workdir_pp.2:.:/scr/szymansk/gaopaw/Examples/Be:/home/szymansk/bin:/scr/szymansk/dakota/bin:/scr/szymansk/atompaw-4.1.0.5/src/:/usr/lib64/qt-3.3/bin:/usr/local/bin:/usr/local/sbin:/usr/bin:/usr/sbin:/bin:/sbin
LD_LIBRARY_PATH = /scr/szymansk/2019-3/mmshare-v4.7/lib/Linux-x86_64/openmpi/lib:/scr/szymansk/2019-3/internal/lib/ssl:/scr/szymansk/2019-3/internal/lib:/scr/szymansk/2019-3/mmshare-v4.7/lib/Linux-x86_64:/scr/szymansk/2019-3/internal/lib/python3.6/site-packages:/scr/szymansk/dakota/bin:/software/lib/Linux-x86_64/ifort_2017.1.132/mkl/lib/intel64
===== END VARIABLES =====
Invoking: exe_cmd () 
{ 
    "$MPIRUN_EXE" -np $tpp "$EXE_PATH" -in $input_file "${P_KEYWORDS[@]}"
}

     Program PWSCF v.6.3MaX starts on 16Jul2019 at 14:11:11 

     This program is part of the open-source Quantum ESPRESSO suite
     for quantum simulation of materials; please cite
         "P. Giannozzi et al., J. Phys.:Condens. Matter 21 395502 (2009);
         "P. Giannozzi et al., J. Phys.:Condens. Matter 29 465901 (2017);
          URL http://www.quantum-espresso.org", 
     in publications or presentations arising from this work. More details at
     http://www.quantum-espresso.org/quote

     Parallel version (MPI), running on     4 processors

     MPI processes distributed on     1 nodes
     R & G space division:  proc/nbgrp/npool/nimage =       4
     Reading input from BeO.RS.scf.in

     Current dimensions of program PWSCF are:
     Max number of different atomic species (ntypx) = 10
     Max number of k-points (npk) =  40000
     Max angular momentum in pseudopotentials (lmaxx) =  3
               file O.GGA-PBE-paw.UPF: wavefunction(s)  Xn Xn Xn renormalized
               file Be.GGA-PBE-paw.UPF: wavefunction(s)  Xn Xn renormalized

     Subspace diagonalization in iterative solution of the eigenvalue problem:
     a serial algorithm will be used

 
     Parallelization info
     --------------------
     sticks:   dense  smooth     PW     G-vecs:    dense   smooth      PW
     Min          78      63     22                  959      682     140
     Max          79      64     23                  962      686     141
     Sum         313     253     91                 3839     2733     561
 


     bravais-lattice index     =            0
     lattice parameter (alat)  =       4.8440  a.u.
     unit-cell volume          =      80.3704 (a.u.)^3
     number of atoms/cell      =            2
     number of atomic types    =            2
     number of electrons       =        10.00
     number of Kohn-Sham states=           24
     kinetic-energy cutoff     =      40.0000  Ry
     charge density cutoff     =     200.0000  Ry
     convergence threshold     =      1.0E-08
     mixing beta               =       0.7000
     number of iterations used =            8  plain     mixing
     Exchange-correlation      = SLA PW PBX PBC ( 1  4  3  4 0 0)

     celldm(1)=   4.843994  celldm(2)=   0.000000  celldm(3)=   0.000000
     celldm(4)=   0.000000  celldm(5)=   0.000000  celldm(6)=   0.000000

     crystal axes: (cart. coord. in units of alat)
               a(1) = (  -0.707107   0.000000   0.707107 )  
               a(2) = (   0.000000   0.707107   0.707107 )  
               a(3) = (  -0.707107   0.707107   0.000000 )  

     reciprocal axes: (cart. coord. in units 2 pi/alat)
               b(1) = ( -0.707107 -0.707107  0.707107 )  
               b(2) = (  0.707107  0.707107  0.707107 )  
               b(3) = ( -0.707107  0.707107 -0.707107 )  


     PseudoPot. # 1 for O  read from file:
     ./O.GGA-PBE-paw.UPF
     MD5 check sum: 2c1db26b783d58193643af60ca72eab2
     Pseudo is Projector augmented-wave + core cor, Zval =  6.0
     Generated using ATOMPAW code
     Shape of augmentation charge: SINC**2
     Using radial grid of 2342 points,  4 beta functions with: 
                l(1) =   0
                l(2) =   0
                l(3) =   1
                l(4) =   1
     Q(r) pseudized with 0 coefficients 


     PseudoPot. # 2 for Be read from file:
     ./Be.GGA-PBE-paw.UPF
     MD5 check sum: 77d0fc34c2c508c4ac39018e9d9803b4
     Pseudo is Projector augmented-wave + core cor, Zval =  4.0
     Generated using ATOMPAW code
     Shape of augmentation charge: SINC**2
     Using radial grid of 2342 points,  4 beta functions with: 
                l(1) =   0
                l(2) =   0
                l(3) =   1
                l(4) =   1
     Q(r) pseudized with 0 coefficients 


     atomic species   valence    mass     pseudopotential
        O              6.00    15.99940     O ( 1.00)
        Be             4.00     9.01218     Be( 1.00)

     48 Sym. Ops., with inversion, found



   Cartesian axes

     site n.     atom                  positions (alat units)
         1           O   tau(   1) = (   0.0000000   0.0000000   0.0000000  )
         2           Be  tau(   2) = (  -0.7071068   0.7071068   0.7071068  )

     number of k points=    72
                       cart. coord. in units 2pi/alat
        k(    1) = (   0.0000000   0.0000000   0.0000000), wk =   0.0011574
        k(    2) = (  -0.0589256   0.0589256  -0.0589256), wk =   0.0092593
        k(    3) = (  -0.1178511   0.1178511  -0.1178511), wk =   0.0092593
        k(    4) = (  -0.1767767   0.1767767  -0.1767767), wk =   0.0092593
        k(    5) = (  -0.2357023   0.2357023  -0.2357023), wk =   0.0092593
        k(    6) = (  -0.2946278   0.2946278  -0.2946278), wk =   0.0092593
        k(    7) = (   0.3535534  -0.3535534   0.3535534), wk =   0.0046296
        k(    8) = (   0.0000000   0.1178511   0.0000000), wk =   0.0069444
        k(    9) = (  -0.0589256   0.1767767  -0.0589256), wk =   0.0277778
        k(   10) = (  -0.1178511   0.2357023  -0.1178511), wk =   0.0277778
        k(   11) = (  -0.1767767   0.2946278  -0.1767767), wk =   0.0277778
        k(   12) = (  -0.2357023   0.3535534  -0.2357023), wk =   0.0277778
        k(   13) = (   0.4124790  -0.2946278   0.4124790), wk =   0.0277778
        k(   14) = (   0.3535534  -0.2357023   0.3535534), wk =   0.0277778
        k(   15) = (   0.2946278  -0.1767767   0.2946278), wk =   0.0277778
        k(   16) = (   0.2357023  -0.1178511   0.2357023), wk =   0.0277778
        k(   17) = (   0.1767767  -0.0589256   0.1767767), wk =   0.0277778
        k(   18) = (   0.1178511  -0.0000000   0.1178511), wk =   0.0138889
        k(   19) = (   0.0000000   0.2357023   0.0000000), wk =   0.0069444
        k(   20) = (  -0.0589256   0.2946278  -0.0589256), wk =   0.0277778
        k(   21) = (  -0.1178511   0.3535534  -0.1178511), wk =   0.0277778
        k(   22) = (  -0.1767767   0.4124790  -0.1767767), wk =   0.0277778
        k(   23) = (   0.4714045  -0.2357023   0.4714045), wk =   0.0277778
        k(   24) = (   0.4124790  -0.1767767   0.4124790), wk =   0.0277778
        k(   25) = (   0.3535534  -0.1178511   0.3535534), wk =   0.0277778
        k(   26) = (   0.2946278  -0.0589256   0.2946278), wk =   0.0277778
        k(   27) = (   0.2357023   0.0000000   0.2357023), wk =   0.0138889
        k(   28) = (   0.0000000   0.3535534   0.0000000), wk =   0.0069444
        k(   29) = (  -0.0589256   0.4124790  -0.0589256), wk =   0.0277778
        k(   30) = (  -0.1178511   0.4714045  -0.1178511), wk =   0.0277778
        k(   31) = (   0.5303301  -0.1767767   0.5303301), wk =   0.0277778
        k(   32) = (   0.4714045  -0.1178511   0.4714045), wk =   0.0277778
        k(   33) = (   0.4124790  -0.0589256   0.4124790), wk =   0.0277778
        k(   34) = (   0.3535534   0.0000000   0.3535534), wk =   0.0138889
        k(   35) = (   0.0000000   0.4714045   0.0000000), wk =   0.0069444
        k(   36) = (  -0.0589256   0.5303301  -0.0589256), wk =   0.0277778
        k(   37) = (   0.5892557  -0.1178511   0.5892557), wk =   0.0277778
        k(   38) = (   0.5303301  -0.0589256   0.5303301), wk =   0.0277778
        k(   39) = (   0.4714045  -0.0000000   0.4714045), wk =   0.0138889
        k(   40) = (   0.0000000   0.5892557   0.0000000), wk =   0.0069444
        k(   41) = (   0.6481812  -0.0589256   0.6481812), wk =   0.0277778
        k(   42) = (   0.5892557   0.0000000   0.5892557), wk =   0.0138889
        k(   43) = (   0.0000000  -0.7071068   0.0000000), wk =   0.0034722
        k(   44) = (  -0.1178511   0.2357023  -0.0000000), wk =   0.0277778
        k(   45) = (  -0.1767767   0.2946278  -0.0589256), wk =   0.0555556
        k(   46) = (  -0.2357023   0.3535534  -0.1178511), wk =   0.0555556
        k(   47) = (   0.4124790  -0.2946278   0.5303301), wk =   0.0555556
        k(   48) = (   0.3535534  -0.2357023   0.4714045), wk =   0.0277778
        k(   49) = (  -0.1178511   0.3535534   0.0000000), wk =   0.0277778
        k(   50) = (  -0.1767767   0.4124790  -0.0589256), wk =   0.0555556
        k(   51) = (   0.4714045  -0.2357023   0.5892557), wk =   0.0555556
        k(   52) = (   0.4124790  -0.1767767   0.5303301), wk =   0.0555556
        k(   53) = (   0.3535534  -0.1178511   0.4714045), wk =   0.0555556
        k(   54) = (   0.2946278  -0.0589256   0.4124790), wk =   0.0555556
        k(   55) = (   0.2357023   0.0000000   0.3535534), wk =   0.0277778
        k(   56) = (  -0.1178511   0.4714045   0.0000000), wk =   0.0277778
        k(   57) = (   0.5303301  -0.1767767   0.6481812), wk =   0.0555556
        k(   58) = (   0.4714045  -0.1178511   0.5892557), wk =   0.0555556
        k(   59) = (   0.4124790  -0.0589256   0.5303301), wk =   0.0555556
        k(   60) = (   0.3535534  -0.0000000   0.4714045), wk =   0.0277778
        k(   61) = (   0.5892557  -0.1178511   0.7071068), wk =   0.0277778
        k(   62) = (   0.5303301  -0.0589256   0.6481812), wk =   0.0555556
        k(   63) = (   0.4714045  -0.0000000   0.5892557), wk =   0.0277778
        k(   64) = (  -0.1178511  -0.7071068   0.0000000), wk =   0.0138889
        k(   65) = (   0.4714045  -0.2357023   0.7071068), wk =   0.0277778
        k(   66) = (   0.4124790  -0.1767767   0.6481812), wk =   0.0555556
        k(   67) = (   0.3535534  -0.1178511   0.5892557), wk =   0.0277778
        k(   68) = (   0.4714045  -0.1178511   0.7071068), wk =   0.0277778
        k(   69) = (   0.4124790  -0.0589256   0.6481812), wk =   0.0555556
        k(   70) = (   0.3535534   0.0000000   0.5892557), wk =   0.0277778
        k(   71) = (  -0.2357023  -0.7071068   0.0000000), wk =   0.0138889
        k(   72) = (  -0.3535534  -0.7071068   0.0000000), wk =   0.0069444

     Dense  grid:     3839 G-vectors     FFT dimensions: (  24,  24,  24)

     Smooth grid:     2733 G-vectors     FFT dimensions: (  20,  20,  20)

     Estimated max dynamical RAM per process >       4.26 MB

     Estimated total dynamical RAM >      17.03 MB

     Initial potential from superposition of free atoms

     starting charge    9.99981, renormalised to   10.00000
     Starting wfcs are   16 randomized atomic wfcs +    8 random wfcs
     Checking if some PAW data can be deallocated... 

     total cpu time spent up to now is        2.2 secs

     Self-consistent Calculation

     iteration #  1     ecut=    40.00 Ry     beta= 0.70
     Davidson diagonalization with overlap
     ethr =  1.00E-02,  avg # of iterations =  4.3

     total cpu time spent up to now is        3.3 secs

     total energy              =     -71.29040309 Ry
     Harris-Foulkes estimate   =     -71.44260424 Ry
     estimated scf accuracy    <       0.19935390 Ry

     iteration #  2     ecut=    40.00 Ry     beta= 0.70
     Davidson diagonalization with overlap
     ethr =  1.99E-03,  avg # of iterations =  1.0

     total cpu time spent up to now is        3.7 secs

     total energy              =     -71.35093546 Ry
     Harris-Foulkes estimate   =     -71.42087153 Ry
     estimated scf accuracy    <       0.12886299 Ry

     iteration #  3     ecut=    40.00 Ry     beta= 0.70
     Davidson diagonalization with overlap
     ethr =  1.29E-03,  avg # of iterations =  1.0

     total cpu time spent up to now is        4.0 secs

     total energy              =     -71.37840572 Ry
     Harris-Foulkes estimate   =     -71.37825461 Ry
     estimated scf accuracy    <       0.00063983 Ry

     iteration #  4     ecut=    40.00 Ry     beta= 0.70
     Davidson diagonalization with overlap
     ethr =  6.40E-06,  avg # of iterations =  2.3

     total cpu time spent up to now is        4.4 secs

     total energy              =     -71.37846000 Ry
     Harris-Foulkes estimate   =     -71.37846225 Ry
     estimated scf accuracy    <       0.00000974 Ry

     iteration #  5     ecut=    40.00 Ry     beta= 0.70
     Davidson diagonalization with overlap
     ethr =  9.74E-08,  avg # of iterations =  1.2

     total cpu time spent up to now is        4.7 secs

     total energy              =     -71.37845942 Ry
     Harris-Foulkes estimate   =     -71.37846034 Ry
     estimated scf accuracy    <       0.00000333 Ry

     iteration #  6     ecut=    40.00 Ry     beta= 0.70
     Davidson diagonalization with overlap
     ethr =  3.33E-08,  avg # of iterations =  1.0

     total cpu time spent up to now is        5.2 secs

     total energy              =     -71.37845957 Ry
     Harris-Foulkes estimate   =     -71.37845958 Ry
     estimated scf accuracy    <       0.00000003 Ry

     iteration #  7     ecut=    40.00 Ry     beta= 0.70
     Davidson diagonalization with overlap
     ethr =  3.34E-10,  avg # of iterations =  1.7

     total cpu time spent up to now is        5.6 secs

     End of self-consistent calculation

          k = 0.0000 0.0000 0.0000 (   331 PWs)   bands (ev):

   -89.1319 -10.6500   9.4791   9.4791   9.4791  18.0721  28.3965  28.3965
    28.3965  31.4234  31.4234  31.4234  35.8347  39.8033  39.8033  54.6984
    63.2642  63.2642  63.2642  81.1197  81.1197  81.1197  84.9177  84.9177

          k =-0.0589 0.0589-0.0589 (   335 PWs)   bands (ev):

   -89.1335 -10.5235   8.8966   9.4477   9.4477  18.4100  27.4208  27.6190
    27.6190  31.3058  32.0093  32.0093  38.0220  40.7523  40.7523  54.1301
    62.8401  63.0401  63.0401  78.0187  78.0187  80.6391  84.1168  84.1168

          k =-0.1179 0.1179-0.1179 (   338 PWs)   bands (ev):

   -89.1318 -10.1567   7.4715   9.3681   9.3681  18.9805  25.9538  26.0893
    26.0893  31.7141  33.3725  33.3725  42.4294  43.1147  43.1147  52.4368
    62.1314  62.1314  62.1774  73.4392  73.4392  79.8483  83.0460  83.0460

          k =-0.1768 0.1768-0.1768 (   344 PWs)   bands (ev):

   -89.1326  -9.5963   5.7221   9.2692   9.2692  19.0427  24.5559  24.5559
    25.4858  32.5865  35.3267  35.3267  46.0250  46.0250  47.2687  50.3725
    60.1396  60.1396  61.9398  70.2561  70.2561  78.9672  81.2833  81.2833

          k =-0.2357 0.2357-0.2357 (   344 PWs)   bands (ev):

   -89.1306  -8.9408   4.0522   9.1825   9.1825  18.5769  23.3249  23.3249
    25.9631  33.7680  37.8023  37.8023  46.3763  48.2861  48.2861  54.3932
    57.9805  57.9805  62.1090  68.2088  68.2088  77.8076  79.8376  79.8376

          k =-0.2946 0.2946-0.2946 (   347 PWs)   bands (ev):

   -89.1306  -8.3723   2.8132   9.1266   9.1266  18.1066  22.5396  22.5396
    26.6020  35.0381  40.5758  40.5758  43.9645  47.9379  47.9379  58.0755
    58.0755  60.4346  62.7287  66.2552  66.2552  74.7565  79.2065  79.2065

          k = 0.3536-0.3536 0.3536 (   344 PWs)   bands (ev):

   -89.1285  -8.1374   2.3454   9.1077   9.1077  17.9262  22.2705  22.2705
    26.8736  35.7079  42.4078  42.4078  42.8645  46.5128  46.5128  59.1231
    59.1231  62.0462  65.0050  65.0050  66.5787  69.9527  79.1533  79.1533

          k = 0.0000 0.1179 0.0000 (   335 PWs)   bands (ev):

   -89.1332 -10.4806   9.0410   9.2568   9.2568  18.5667  26.9205  27.7202
    27.7202  29.5389  33.0752  33.0752  38.3531  40.1027  41.8386  54.0029
    62.5987  62.5987  63.3693  78.2039  78.2039  79.1283  81.3904  83.0277

          k =-0.0589 0.1768-0.0589 (   335 PWs)   bands (ev):

   -89.1302 -10.1914   7.9347   9.0411   9.2595  19.1790  25.5164  26.3699
    26.9069  29.5892  34.2510  34.6083  41.3551  41.6183  44.0534  52.7850
    61.5336  61.8299  63.2873  73.7104  75.1820  79.0648  80.2509  81.7119

          k =-0.1179 0.2357-0.1179 (   339 PWs)   bands (ev):

   -89.1299  -9.6903   6.3015   8.8612   9.1818  19.5482  24.1257  25.3470
    25.6524  30.7407  35.5111  36.4716  43.9699  46.3220  46.7114  50.6419
    59.2991  61.4563  62.7387  70.5062  71.2444  78.5023  79.4473  80.7849

          k =-0.1768 0.2946-0.1768 (   344 PWs)   bands (ev):

   -89.1309  -9.0555   4.6138   8.7665   8.9938  19.2887  23.0029  24.3727
    25.5476  32.2600  37.2057  38.7774  46.8058  47.0360  49.0937  52.6998
    56.4164  61.2627  61.9627  68.2008  68.8558  76.8767  79.2868  79.6249

          k =-0.2357 0.3536-0.2357 (   342 PWs)   bands (ev):

   -89.1274  -8.4381   3.2270   8.7562   8.7799  18.8138  22.3355  23.3321
    26.2417  33.9916  39.1050  41.3290  44.7216  47.6581  49.6751  55.6054
    58.5265  60.5417  62.4938  66.1778  67.5300  75.5405  77.6397  78.9099

          k = 0.4125-0.2946 0.4125 (   344 PWs)   bands (ev):

   -89.1278  -8.0711   2.4898   8.5323   8.8944  18.5230  22.1817  22.6786
    26.6931  35.5392  39.9329  42.6312  44.4415  46.8200  48.1863  57.9214
    58.9571  62.5949  65.3352  65.8109  65.9142  71.2061  77.3995  78.4034

          k = 0.3536-0.2357 0.3536 (   344 PWs)   bands (ev):

   -89.1280  -8.1522   2.6512   8.3802   9.0780  18.5509  22.4987  22.5212
    26.5928  35.5324  40.4103  40.4285  45.1981  47.3387  48.5502  56.9573
    59.9146  61.9659  63.9526  65.1807  66.4997  72.9926  77.2615  78.1774

          k = 0.2946-0.1768 0.2946 (   346 PWs)   bands (ev):

   -89.1308  -8.6330   3.6517   8.3390   9.2833  18.8857  22.8363  23.2818
    26.0037  34.2187  37.5358  40.2496  45.3807  48.1800  49.6443  55.6269
    57.1577  60.3323  62.0880  66.8335  67.6684  76.2565  77.6278  79.5612

          k = 0.2357-0.1179 0.2357 (   339 PWs)   bands (ev):

   -89.1281  -9.2787   5.1786   8.4276   9.4603  19.3271  23.6875  24.3389
    25.3906  32.8713  35.0366  38.2415  46.0925  47.8544  48.2880  50.8925
    58.0359  61.5777  61.6258  68.8233  69.3333  77.8298  78.0561  81.3671

          k = 0.1768-0.0589 0.1768 (   339 PWs)   bands (ev):

   -89.1305  -9.8806   6.8580   8.6442   9.5621  19.3848  24.9753  25.3610
    25.6793  31.8029  33.1544  36.1150  43.4316  44.8592  45.5977  51.1846
    60.5994  61.6143  62.7741  70.8816  72.7364  79.0582  79.1735  82.2351

          k = 0.1179-0.0000 0.1179 (   333 PWs)   bands (ev):

   -89.1300 -10.3157   8.2480   9.0115   9.5596  18.8724  26.4762  26.5751
    26.7169  31.1533  32.0553  34.1060  40.5339  41.3438  42.8332  53.2068
    62.0989  62.3376  63.1495  74.3856  76.5148  80.1886  80.6105  82.7593

          k = 0.0000 0.2357 0.0000 (   335 PWs)   bands (ev):

   -89.1291  -9.9808   7.8536   8.6795   8.6795  19.8659  24.3306  26.9538
    27.1075  27.1075  36.4949  36.4949  40.9945  42.8401  45.8084  52.3718
    60.6680  60.6680  63.6874  72.5662  75.1319  75.1319  80.2313  82.1975

          k =-0.0589 0.2946-0.0589 (   340 PWs)   bands (ev):

   -89.1305  -9.5492   6.6296   8.3773   8.4873  20.5693  23.1950  25.2540
    26.6130  28.1571  38.1328  38.4090  42.5921  46.3968  47.7949  50.8738
    58.7901  59.8806  64.0016  69.4992  72.8371  74.8753  78.1741  80.9358

          k =-0.1179 0.3536-0.1179 (   335 PWs)   bands (ev):

   -89.1248  -8.9585   5.1089   8.1771   8.2057  20.6967  22.3859  24.8481
    25.6715  29.6264  39.5218  40.4065  45.4888  47.7460  49.8167  51.7847
    55.7149  60.1821  64.5959  68.1264  69.2075  74.9525  75.7468  79.5451

          k =-0.1768 0.4125-0.1768 (   340 PWs)   bands (ev):

   -89.1258  -8.3332   3.7390   7.7237   8.1989  20.2227  22.0308  24.6347
    25.4909  31.4073  40.6114  42.5717  45.6243  47.7292  50.5126  53.5763
    57.4902  61.0668  64.8413  66.2989  67.6590  73.8471  75.1802  77.2665

          k = 0.4714-0.2357 0.4714 (   347 PWs)   bands (ev):

   -89.1286  -7.8790   2.8640   7.2723   8.3600  19.7430  22.1265  23.7540
    26.1548  33.5367  39.8342  43.3366  45.7965  47.6858  50.0330  55.7181
    59.5251  63.3630  64.4591  66.7027  66.9268  72.1930  75.0727  76.1828

          k = 0.4125-0.1768 0.4125 (   344 PWs)   bands (ev):

   -89.1265  -7.8163   2.7778   6.9461   8.6570  19.5454  22.5702  23.1765
    26.2510  35.7590  38.1292  40.9211  47.4107  48.8612  49.3764  57.0975
    59.4358  62.7134  65.8470  66.4049  66.7540  71.4708  74.0774  76.1641

          k = 0.3536-0.1179 0.3536 (   347 PWs)   bands (ev):

   -89.1299  -8.1813   3.5125   6.8266   9.0195  19.6638  22.9911  23.2462
    25.7367  35.3327  38.0413  39.2402  46.4889  49.1542  50.7403  55.6634
    60.2320  61.9572  62.7030  65.5461  66.5413  73.7026  73.8003  78.4876

          k = 0.2946-0.0589 0.2946 (   341 PWs)   bands (ev):

   -89.1276  -8.7818   4.7729   6.9945   9.3539  19.9338  23.2476  23.9854
    25.0891  33.8551  35.6319  40.1940  46.3228  47.6281  50.2701  53.8244
    57.8426  60.6783  63.7053  66.9134  67.9803  73.0373  75.8872  81.1587

          k = 0.2357 0.0000 0.2357 (   341 PWs)   bands (ev):

   -89.1299  -9.3967   6.0241   7.6098   9.5570  19.9023  23.9429  24.5344
    25.1688  32.6227  33.9500  38.6748  45.0354  48.2260  48.8076  48.8576
    59.8540  60.2861  63.4236  68.3650  71.1026  74.7425  77.8076  81.8041

          k = 0.0000 0.3536 0.0000 (   343 PWs)   bands (ev):

   -89.1319  -9.1888   6.1527   7.9483   7.9483  21.4360  22.3841  24.8249
    27.0431  27.0431  40.8885  40.8885  42.4535  48.1382  48.8089  50.7229
    57.9615  57.9615  64.8016  66.6880  72.9132  72.9132  78.0139  83.1481

          k =-0.0589 0.4125-0.0589 (   339 PWs)   bands (ev):

   -89.1272  -8.6596   5.0400   7.5353   7.6679  21.2832  22.5479  24.0299
    26.7907  27.8025  42.5922  42.8238  44.8149  48.4568  50.2702  52.0054
    55.6381  57.5472  65.0651  66.0162  71.0113  71.9747  76.3408  79.7627

          k =-0.1179 0.4714-0.1179 (   338 PWs)   bands (ev):

   -89.1247  -8.0660   3.9327   6.8894   7.5879  20.8372  22.5590  24.4471
    26.0599  29.1460  43.5220  44.1199  46.9587  48.1549  50.3381  52.5608
    57.1811  58.8032  65.4437  67.0915  68.4501  71.0683  73.2381  77.1573

          k = 0.5303-0.1768 0.5303 (   346 PWs)   bands (ev):

   -89.1280  -7.5852   3.1895   6.1473   7.7207  20.3889  22.7392  25.1591
    25.3096  30.8134  41.6775  44.5956  47.8364  48.8949  50.1500  53.8038
    59.7902  62.7799  65.2935  66.1268  68.6107  69.9370  71.0650  75.9481

          k = 0.4714-0.1179 0.4714 (   346 PWs)   bands (ev):

   -89.1267  -7.4271   3.0855   5.5271   8.0487  20.1225  23.2053  24.3105
    25.6503  33.0529  39.2655  42.1922  48.7286  50.0865  50.5314  58.0296
    58.5235  63.1457  65.8397  66.7641  67.3934  71.7160  72.1917  73.3652

          k = 0.4125-0.0589 0.4125 (   344 PWs)   bands (ev):

   -89.1264  -7.6747   3.6770   5.2096   8.5075  20.1002  23.6455  23.7886
    25.2444  35.8774  37.1732  39.3694  47.9208  51.2727  51.3526  56.9014
    61.2809  62.5955  64.4948  65.5871  66.0977  70.5577  71.1856  77.4548

          k = 0.3536 0.0000 0.3536 (   343 PWs)   bands (ev):

   -89.1274  -8.1954   4.4241   5.6213   8.9911  20.1729  23.2596  24.1325
    24.7581  35.3247  37.1040  38.8807  46.7573  49.5748  51.4445  57.0862
    59.6683  59.6950  65.6552  65.8358  66.7689  68.8163  73.2756  80.4615

          k = 0.0000 0.4714 0.0000 (   343 PWs)   bands (ev):

   -89.1287  -8.2022   4.2560   7.2758   7.2758  20.6637  23.2799  23.6651
    27.3390  27.3390  44.4044  46.0210  46.0210  48.4647  50.2800  54.1180
    55.3160  55.3160  61.5764  67.5510  70.1116  70.1116  77.2621  80.0273

          k =-0.0589 0.5303-0.0589 (   335 PWs)   bands (ev):

   -89.1222  -7.6790   3.3921   6.7923   7.0983  20.3817  22.9034  24.3517
    27.1917  27.9360  45.5327  46.4810  48.9321  49.2897  49.7591  52.8418
    55.5085  58.2131  61.1428  67.5648  68.1450  69.1349  76.0187  77.6483

          k = 0.5893-0.1179 0.5893 (   346 PWs)   bands (ev):

   -89.1280  -7.2448   2.8889   5.9564   7.1587  20.2742  23.1681  24.8944
    26.5219  28.9197  43.9620  46.3547  49.2232  49.7858  50.9627  53.2671
    57.4502  62.6345  62.9555  65.5726  66.4355  69.0442  72.2264  77.1599

          k = 0.5303-0.0589 0.5303 (   347 PWs)   bands (ev):

   -89.1273  -7.0771   2.9942   5.0287   7.4527  20.1790  23.8513  25.1487
    25.5844  30.3949  41.3859  44.2778  48.8546  50.0539  52.8767  57.3729
    58.2508  62.8768  63.5752  66.3067  67.7398  68.4179  71.5242  75.7285

          k = 0.4714-0.0000 0.4714 (   347 PWs)   bands (ev):

   -89.1275  -7.2517   3.7258   4.3106   7.9333  20.1521  24.5401  24.5730
    24.7268  32.8087  39.0972  41.5088  48.5198  51.1139  53.3507  57.2319
    61.0391  62.8045  63.6283  65.5815  67.0459  70.9065  72.0792  73.0219

          k = 0.0000 0.5893 0.0000 (   335 PWs)   bands (ev):

   -89.1214  -7.2625   2.6463   6.8167   6.8167  19.9705  22.3473  25.1761
    27.7049  27.7049  46.5802  47.7136  49.1996  51.5897  51.5897  53.4460
    53.4460  57.5072  60.7499  65.3875  65.3875  70.3570  75.9117  77.8209

          k = 0.6482-0.0589 0.6482 (   342 PWs)   bands (ev):

   -89.1254  -6.9553   2.2548   6.4042   6.7843  19.9492  22.3889  25.5234
    27.5063  28.0523  46.2691  47.6924  48.6442  50.7597  54.0086  54.4372
    54.5923  58.6470  62.2405  63.0122  65.3265  70.5920  72.5063  76.0352

          k = 0.5893 0.0000 0.5893 (   353 PWs)   bands (ev):

   -89.1314  -6.8874   2.4292   5.6390   7.0065  20.0860  23.1397  25.4666
    26.7274  28.7741  43.7889  47.1236  48.6022  49.1205  54.9368  56.5737
    56.9520  60.7067  61.3456  63.1185  68.9722  69.3510  71.9826  73.4038

          k = 0.0000-0.7071 0.0000 (   342 PWs)   bands (ev):

   -89.1263  -6.8381   1.9757   6.6536   6.6536  19.7481  22.0356  25.7790
    27.8656  27.8656  47.6624  47.8242  48.3685  52.7176  52.7176  55.6312
    55.7053  55.7053  61.3617  61.3617  67.8141  68.2291  71.2957  77.2392

          k =-0.1179 0.2357-0.0000 (   343 PWs)   bands (ev):

   -89.1333  -9.8320   7.0828   8.3759   9.2577  19.8143  24.2786  25.4017
    26.3425  29.6129  35.2751  36.9315  42.5816  44.7819  46.3255  51.2866
    60.5173  60.6300  63.4896  70.7607  73.7904  76.7803  79.3936  79.6347

          k =-0.1768 0.2946-0.0589 (   337 PWs)   bands (ev):

   -89.1272  -9.2836   5.6977   7.8683   9.1706  20.1448  23.2431  24.6737
    25.5684  30.7352  36.5770  39.0642  45.0277  48.1632  48.9026  49.8802
    58.1533  60.5056  63.6442  68.4910  70.4905  75.6947  78.1369  78.4451

          k =-0.2357 0.3536-0.1179 (   342 PWs)   bands (ev):

   -89.1280  -8.6455   4.2067   7.6051   8.9568  19.8902  22.5305  24.2097
    25.4886  32.3491  38.3028  40.7370  46.0418  47.7229  50.2718  54.7278
    56.0922  61.1334  63.5243  66.7835  67.8432  74.5985  76.9324  78.3325

          k = 0.4125-0.2946 0.5303 (   344 PWs)   bands (ev):

   -89.1276  -8.0947   3.0600   7.4984   8.7344  19.5144  22.2304  23.4759
    26.1313  34.2690  39.2555  41.3495  46.0416  47.9677  50.1649  55.4394
    60.2019  62.4463  62.9679  65.7177  67.0250  73.4100  75.7204  77.7948

          k = 0.3536-0.2357 0.4714 (   352 PWs)   bands (ev):

   -89.1320  -7.8684   2.6223   7.4753   8.6373  19.3603  22.2013  23.1335
    26.4309  35.7433  38.0303  42.6724  45.8749  48.3802  48.8914  57.8432
    58.4836  62.8130  65.9391  66.4373  67.4393  70.4813  74.5155  77.1373

          k =-0.1179 0.3536 0.0000 (   339 PWs)   bands (ev):

   -89.1282  -9.0681   5.7074   7.5821   8.4135  21.2576  22.3882  24.3933
    26.4548  28.5320  39.7628  40.6208  44.3081  48.6023  49.8634  49.9154
    58.0085  58.0857  64.8116  67.4690  71.9122  73.2552  76.5712  78.7935

          k =-0.1768 0.4125-0.0589 (   339 PWs)   bands (ev):

   -89.1261  -8.4689   4.5469   6.9612   8.2170  21.2820  22.0642  24.2056
    25.9129  29.8431  41.2812  41.9790  46.8370  47.2027  50.4492  54.4910
    55.5540  58.8609  65.9615  66.7351  68.9295  72.8060  74.6571  76.6100

          k = 0.4714-0.2357 0.5893 (   342 PWs)   bands (ev):

   -89.1259  -7.8998   3.5075   6.5075   8.0412  20.7750  22.1176  24.4886
    25.5820  31.5981  40.5020  43.4178  46.8511  48.8627  50.5577  53.9579
    59.6916  61.2185  64.9413  66.7565  67.3117  71.1624  74.3538  75.7032

          k = 0.4125-0.1768 0.5303 (   349 PWs)   bands (ev):

   -89.1292  -7.5764   2.9766   6.1549   8.0682  20.4063  22.3596  24.1192
    25.8699  33.7813  37.9594  44.2473  47.2653  48.8926  50.4004  56.9436
    59.2727  62.9033  66.0573  66.4743  67.9833  70.0590  73.0431  76.0159

          k = 0.3536-0.1179 0.4714 (   348 PWs)   bands (ev):

   -89.1289  -7.6664   3.1909   5.9595   8.3127  20.3453  22.5569  23.9280
    25.7478  35.3227  36.6374  42.1239  47.9559  49.5214  50.8343  56.5753
    60.6009  62.3230  65.1838  66.1197  66.9729  70.2506  73.8604  75.8378

          k = 0.2946-0.0589 0.4125 (   345 PWs)   bands (ev):

   -89.1284  -8.1180   4.0331   6.0520   8.6770  20.5206  22.6103  24.0599
    25.3151  33.3566  39.2079  39.8976  46.8169  49.4937  51.1061  55.9473
    59.2465  60.3296  65.4135  66.0157  66.5157  71.2292  73.2217  78.5780

          k = 0.2357 0.0000 0.3536 (   338 PWs)   bands (ev):

   -89.1257  -8.7206   5.0024   6.6805   9.0141  20.5914  22.7748  24.1014
    25.3487  31.7419  37.9043  40.6219  46.6591  47.2569  50.4109  53.6827
    58.3999  58.7724  64.9575  66.8098  69.2932  71.8770  75.7812  78.1556

          k =-0.1179 0.4714 0.0000 (   336 PWs)   bands (ev):

   -89.1238  -8.1260   4.1659   6.8597   7.5054  20.9530  23.2221  23.4477
    26.8112  28.2940  43.7016  44.9952  46.7504  48.0764  50.2014  55.1412
    55.3361  56.1673  64.0396  67.4681  69.5085  70.4668  75.6038  76.8141

          k = 0.5303-0.1768 0.6482 (   341 PWs)   bands (ev):

   -89.1254  -7.5940   3.4423   6.1128   7.3572  20.8459  23.0852  24.0515
    26.2856  29.5160  42.3617  46.3899  47.7095  49.8278  50.5432  53.1308
    57.0582  60.8265  64.6752  66.6153  68.2288  69.8104  72.4260  76.0013

          k = 0.4714-0.1179 0.5893 (   348 PWs)   bands (ev):

   -89.1285  -7.2492   3.1526   5.3248   7.4289  20.7056  23.2742  24.7075
    25.5594  31.1400  39.6746  46.4352  48.6431  49.5687  50.9201  55.9800
    58.8503  62.7333  65.1394  66.3564  67.6944  69.6376  70.8615  76.3466

          k = 0.4125-0.0589 0.5303 (   347 PWs)   bands (ev):

   -89.1271  -7.2515   3.4878   4.6830   7.7421  20.6387  23.5135  24.6102
    25.1661  33.4034  37.1424  44.0112  48.4516  50.8235  52.2040  57.5232
    60.0646  62.7320  64.0803  65.8890  67.0872  70.8052  73.6180  74.1915

          k = 0.3536-0.0000 0.4714 (   347 PWs)   bands (ev):

   -89.1282  -7.5946   4.0577   4.7041   8.2072  20.6737  23.1724  24.2867
    25.0927  35.0085  36.3284  41.6249  47.8619  51.4011  51.8279  56.7322
    59.8112  63.8191  64.3362  65.9613  66.0803  69.4930  71.0981  78.1295

          k = 0.5893-0.1179 0.7071 (   340 PWs)   bands (ev):

   -89.1242  -7.2427   2.7892   6.3681   6.8957  20.3164  22.7737  24.8357
    27.0469  28.4351  44.5940  47.4105  49.2034  50.7263  52.1058  53.5577
    53.6634  61.3194  61.9467  64.9798  66.1343  69.7159  75.0321  76.6197

          k = 0.5303-0.0589 0.6482 (   345 PWs)   bands (ev):

   -89.1264  -6.9714   2.6565   5.6063   6.9208  20.4966  23.2381  25.0830
    26.2426  29.4303  41.9553  48.0175  49.0195  50.3415  52.8805  55.4533
    56.5627  60.7895  62.7928  65.9359  67.8089  68.6027  72.1930  75.5369

          k = 0.4714-0.0000 0.5893 (   344 PWs)   bands (ev):

   -89.1250  -6.9800   3.0875   4.7711   7.2330  20.6065  24.0276  25.0459
    25.1713  30.9584  39.3584  46.4650  48.2619  50.7647  53.9821  56.7605
    59.0753  60.5788  63.5816  65.7796  68.5156  69.1460  73.6193  75.4448

          k =-0.1179-0.7071 0.0000 (   346 PWs)   bands (ev):

   -89.1276  -6.8508   2.2035   6.1954   6.6869  20.1163  22.5337  25.6175
    27.0132  28.5349  44.5378  47.9733  49.0620  51.5523  52.9972  55.1075
    56.4598  60.0133  60.1197  62.7194  68.7776  70.2157  70.2319  75.5466

          k = 0.4714-0.2357 0.7071 (   343 PWs)   bands (ev):

   -89.1272  -7.9102   4.0357   5.8543   7.9601  21.6749  22.1431  23.8286
    25.8545  30.9973  40.4956  43.1654  47.0659  49.8868  50.7368  55.9120
    56.8995  59.6801  65.7655  67.0325  67.9601  71.6367  72.4804  74.7680

          k = 0.4125-0.1768 0.6482 (   344 PWs)   bands (ev):

   -89.1260  -7.4402   3.5656   5.1821   7.6572  21.6352  22.3097  24.2534
    25.5289  32.7360  37.6558  45.2276  47.9674  50.3210  51.4784  55.7904
    58.9267  63.1766  65.2439  66.0165  67.2359  68.8736  73.4272  76.3041

          k = 0.3536-0.1179 0.5893 (   346 PWs)   bands (ev):

   -89.1261  -7.2513   3.3458   4.9841   7.5282  21.5267  22.4312  24.5940
    25.3206  34.8891  35.0124  46.8984  48.3234  48.9555  51.5587  58.3613
    59.0098  62.5538  63.9519  65.9726  67.7213  71.6468  72.4738  75.7394

          k = 0.4714-0.1179 0.7071 (   347 PWs)   bands (ev):

   -89.1282  -7.1837   3.2179   5.3020   7.0761  21.3433  23.6262  23.6494
    25.9120  30.7431  39.5453  47.8526  49.0264  50.3043  52.2480  54.4161
    56.6815  62.3158  64.8384  66.5816  67.1011  70.4766  71.1792  75.1124

          k = 0.4125-0.0589 0.6482 (   349 PWs)   bands (ev):

   -89.1280  -6.9875   3.4029   4.5429   6.9995  21.7457  23.4751  24.3403
    25.0977  32.4708  36.8244  47.8426  49.7882  51.1705  51.9267  56.2620
    58.8794  60.0932  64.7448  65.5287  68.1908  72.1339  72.6543  74.6305

          k = 0.3536 0.0000 0.5893 (   347 PWs)   bands (ev):

   -89.1266  -7.0902   3.9083   4.1000   7.2314  21.9199  22.9834  24.4174
    25.0690  34.5371  34.7659  47.4725  47.9587  51.3332  52.9889  55.5943
    60.4263  61.1824  63.6934  66.5431  66.8653  70.9049  73.8741  75.8501

          k =-0.2357-0.7071 0.0000 (   344 PWs)   bands (ev):

   -89.1250  -6.8756   2.8671   5.1099   6.7562  21.2108  23.5455  25.0590
    25.1624  30.7060  39.2226  47.6836  51.0432  51.7534  53.7849  53.8364
    57.8515  58.6221  63.5779  67.1803  68.8365  69.8043  73.2829  74.3124

          k =-0.3536-0.7071 0.0000 (   360 PWs)   bands (ev):

   -89.1346  -6.8881   3.8896   3.8896   6.7876  22.8797  22.9896  24.4636
    24.4636  34.3984  34.3984  47.5393  52.0162  52.5995  52.5995  54.5233
    56.5930  61.0081  64.2640  66.8383  66.8383  73.4760  74.3203  74.3203

     highest occupied, lowest unoccupied level (ev):     9.5621   17.9262

!    total energy              =     -71.37845958 Ry
     Harris-Foulkes estimate   =     -71.37845958 Ry
     estimated scf accuracy    <          6.9E-10 Ry

     total all-electron energy =       -71.378460 Ry

     The total energy is the sum of the following terms:

     one-electron contribution =     -17.55926232 Ry
     hartree contribution      =       8.01569835 Ry
     xc contribution           =     -11.35922963 Ry
     ewald contribution        =     -42.43813506 Ry
     one-center paw contrib.   =      -8.03753091 Ry

     convergence has been achieved in   7 iterations

     Writing output data file BeO.RS.scf.save/
 
     init_run     :      0.32s CPU      0.36s WALL (       1 calls)
     electrons    :      3.14s CPU      3.44s WALL (       1 calls)

     Called by init_run:
     wfcinit      :      0.12s CPU      0.15s WALL (       1 calls)
     potinit      :      0.05s CPU      0.06s WALL (       1 calls)
     hinit0       :      0.15s CPU      0.15s WALL (       1 calls)

     Called by electrons:
     c_bands      :      2.53s CPU      2.78s WALL (       7 calls)
     sum_band     :      0.31s CPU      0.35s WALL (       7 calls)
     v_of_rho     :      0.01s CPU      0.01s WALL (       8 calls)
     newd         :      0.00s CPU      0.01s WALL (       8 calls)
     PAW_pot      :      0.32s CPU      0.33s WALL (       8 calls)
     mix_rho      :      0.00s CPU      0.00s WALL (       7 calls)

     Called by c_bands:
     init_us_2    :      0.02s CPU      0.02s WALL (    1080 calls)
     cegterg      :      2.48s CPU      2.73s WALL (     504 calls)

     Called by sum_band:
     sum_band:bec :      0.00s CPU      0.00s WALL (     504 calls)
     addusdens    :      0.00s CPU      0.00s WALL (       7 calls)

     Called by *egterg:
     h_psi        :      1.48s CPU      1.64s WALL (    1478 calls)
     s_psi        :      0.01s CPU      0.01s WALL (    1478 calls)
     g_psi        :      0.00s CPU      0.00s WALL (     902 calls)
     cdiaghg      :      0.88s CPU      0.98s WALL (    1406 calls)

     Called by h_psi:
     h_psi:pot    :      1.47s CPU      1.63s WALL (    1478 calls)
     h_psi:calbec :      0.05s CPU      0.05s WALL (    1478 calls)
     vloc_psi     :      1.40s CPU      1.56s WALL (    1478 calls)
     add_vuspsi   :      0.01s CPU      0.02s WALL (    1478 calls)

     General routines
     calbec       :      0.06s CPU      0.06s WALL (    1982 calls)
     fft          :      0.01s CPU      0.01s WALL (     103 calls)
     ffts         :      0.00s CPU      0.00s WALL (      15 calls)
     fftw         :      1.54s CPU      1.70s WALL (   70582 calls)
     interpolate  :      0.00s CPU      0.00s WALL (       8 calls)
 
     Parallel routines
     fft_scatt_xy :      0.17s CPU      0.19s WALL (   70700 calls)
     fft_scatt_yz :      0.88s CPU      0.98s WALL (   70700 calls)
 
     PWSCF        :     5.33s CPU         5.77s WALL

 
   This run was terminated on:  14:11:16  16Jul2019            

=------------------------------------------------------------------------------=
   JOB DONE.
=------------------------------------------------------------------------------=
