===== VARIABLES =====
EXE_PATH = /scr/szymansk/2019-3/qe-bin/bin/ph.x
tpp = 4
Parallel keywords = -nimage 1
MPIRUN_EXE = orterun
PATH = /scr/szymansk/2019-3/mmshare-v4.7/lib/Linux-x86_64/openmpi/bin:/scr/szymansk/2019-3/internal/bin:/scr/szymansk/2019-3/mmshare-v4.7/bin/Linux-x86_64:/scr/szymansk/gaopaw/Examples/Be/workdir_pp.2:.:/scr/szymansk/gaopaw/Examples/Be:/home/szymansk/bin:/scr/szymansk/dakota/bin:/scr/szymansk/atompaw-4.1.0.5/src/:/usr/lib64/qt-3.3/bin:/usr/local/bin:/usr/local/sbin:/usr/bin:/usr/sbin:/bin:/sbin
LD_LIBRARY_PATH = /scr/szymansk/2019-3/mmshare-v4.7/lib/Linux-x86_64/openmpi/lib:/scr/szymansk/2019-3/internal/lib/ssl:/scr/szymansk/2019-3/internal/lib:/scr/szymansk/2019-3/mmshare-v4.7/lib/Linux-x86_64:/scr/szymansk/2019-3/internal/lib/python3.6/site-packages:/scr/szymansk/dakota/bin:/software/lib/Linux-x86_64/ifort_2017.1.132/mkl/lib/intel64
===== END VARIABLES =====
Invoking: exe_cmd () 
{ 
    "$MPIRUN_EXE" -np $tpp "$EXE_PATH" -in $input_file "${P_KEYWORDS[@]}"
}

     Program PHONON v.6.3MaX starts on 16Jul2019 at 14:10:42 

     This program is part of the open-source Quantum ESPRESSO suite
     for quantum simulation of materials; please cite
         "P. Giannozzi et al., J. Phys.:Condens. Matter 21 395502 (2009);
         "P. Giannozzi et al., J. Phys.:Condens. Matter 29 465901 (2017);
          URL http://www.quantum-espresso.org", 
     in publications or presentations arising from this work. More details at
     http://www.quantum-espresso.org/quote

     Parallel version (MPI), running on     4 processors

     MPI processes distributed on     1 nodes
     R & G space division:  proc/nbgrp/npool/nimage =       4
      Title line not specified: using 'default'.
      Title line not specified: using 'default'.
      Title line not specified: using 'default'.
      Title line not specified: using 'default'.

     Reading data from directory:
     ./phonon.save/

     IMPORTANT: XC functional enforced from input :
     Exchange-correlation      = PBE ( 1  4  3  4 0 0)
     Any further DFT definition will be discarded
     Please, verify this is what you really want

               file Be.GGA-PBE-paw.UPF: wavefunction(s)  Xn Xn renormalized
 
     Parallelization info
     --------------------
     sticks:   dense  smooth     PW     G-vecs:    dense   smooth      PW
     Min          86      69     24                 1200      851     184
     Max          88      70     25                 1201      854     187
     Sum         349     277     97                 4801     3407     739
 

     Calculation of q =    0.0000000   0.0000000   0.0000000

Possibly too few bands at point   56  -0.50000  -0.50000  -0.50000

     default                                                                    

     bravais-lattice index     =            0
     lattice parameter (alat)  =       4.6482  a.u.
     unit-cell volume          =     100.4262 (a.u.)^3
     number of atoms/cell      =            2
     number of atomic types    =            1
     kinetic-energy cut-off    =      40.0000  Ry
     charge density cut-off    =     200.0000  Ry
     convergence threshold     =      1.0E-12
     beta                      =       0.7000
     number of iterations used =            4
     Exchange-correlation      = PBE ( 1  4  3  4 0 0)


     celldm(1)=    4.64817  celldm(2)=    0.00000  celldm(3)=    0.00000
     celldm(4)=    0.00000  celldm(5)=    0.00000  celldm(6)=    0.00000

     crystal axes: (cart. coord. in units of alat)
               a(1) = (  1.0000  0.0000  0.0000 )  
               a(2) = (  0.0000  1.0000  0.0000 )  
               a(3) = (  0.0000  0.0000  1.0000 )  

     reciprocal axes: (cart. coord. in units 2 pi/alat)
               b(1) = (  1.0000  0.0000  0.0000 )  
               b(2) = (  0.0000  1.0000  0.0000 )  
               b(3) = (  0.0000  0.0000  1.0000 )  


     Atoms inside the unit cell: 

     Cartesian axes

     site n.  atom      mass           positions (alat units)
        1     Be   9.0122   tau(    1) = (    0.00000    0.00000    0.00000  )
        2     Be   9.0122   tau(    2) = (    0.50000    0.50000    0.50000  )

     Computing dynamical matrix for 
                    q = (   0.0000000   0.0000000   0.0000000 )
 
     49 Sym.Ops. (with q -> -q+G )


     G cutoff =  109.4548  (   1201 G-vectors)     FFT grid: ( 24, 24, 24)
     G cutoff =   87.5639  (    854 G-vectors)  smooth grid: ( 20, 20, 20)

     number of k points=    56  fd smearing, width (Ry)=  0.0150
                       cart. coord. in units 2pi/alat
        k(    1) = (   0.0000000   0.0000000   0.0000000), wk =   0.0020000
        k(    2) = (   0.0000000   0.0000000   0.1000000), wk =   0.0120000
        k(    3) = (   0.0000000   0.0000000   0.2000000), wk =   0.0120000
        k(    4) = (   0.0000000   0.0000000   0.3000000), wk =   0.0120000
        k(    5) = (   0.0000000   0.0000000   0.4000000), wk =   0.0120000
        k(    6) = (   0.0000000   0.0000000  -0.5000000), wk =   0.0060000
        k(    7) = (   0.0000000   0.1000000   0.1000000), wk =   0.0240000
        k(    8) = (   0.0000000   0.1000000   0.2000000), wk =   0.0480000
        k(    9) = (   0.0000000   0.1000000   0.3000000), wk =   0.0480000
        k(   10) = (   0.0000000   0.1000000   0.4000000), wk =   0.0480000
        k(   11) = (   0.0000000   0.1000000  -0.5000000), wk =   0.0240000
        k(   12) = (   0.0000000   0.2000000   0.2000000), wk =   0.0240000
        k(   13) = (   0.0000000   0.2000000   0.3000000), wk =   0.0480000
        k(   14) = (   0.0000000   0.2000000   0.4000000), wk =   0.0480000
        k(   15) = (   0.0000000   0.2000000  -0.5000000), wk =   0.0240000
        k(   16) = (   0.0000000   0.3000000   0.3000000), wk =   0.0240000
        k(   17) = (   0.0000000   0.3000000   0.4000000), wk =   0.0480000
        k(   18) = (   0.0000000   0.3000000  -0.5000000), wk =   0.0240000
        k(   19) = (   0.0000000   0.4000000   0.4000000), wk =   0.0240000
        k(   20) = (   0.0000000   0.4000000  -0.5000000), wk =   0.0240000
        k(   21) = (   0.0000000  -0.5000000  -0.5000000), wk =   0.0060000
        k(   22) = (   0.1000000   0.1000000   0.1000000), wk =   0.0160000
        k(   23) = (   0.1000000   0.1000000   0.2000000), wk =   0.0480000
        k(   24) = (   0.1000000   0.1000000   0.3000000), wk =   0.0480000
        k(   25) = (   0.1000000   0.1000000   0.4000000), wk =   0.0480000
        k(   26) = (   0.1000000   0.1000000  -0.5000000), wk =   0.0240000
        k(   27) = (   0.1000000   0.2000000   0.2000000), wk =   0.0480000
        k(   28) = (   0.1000000   0.2000000   0.3000000), wk =   0.0960000
        k(   29) = (   0.1000000   0.2000000   0.4000000), wk =   0.0960000
        k(   30) = (   0.1000000   0.2000000  -0.5000000), wk =   0.0480000
        k(   31) = (   0.1000000   0.3000000   0.3000000), wk =   0.0480000
        k(   32) = (   0.1000000   0.3000000   0.4000000), wk =   0.0960000
        k(   33) = (   0.1000000   0.3000000  -0.5000000), wk =   0.0480000
        k(   34) = (   0.1000000   0.4000000   0.4000000), wk =   0.0480000
        k(   35) = (   0.1000000   0.4000000  -0.5000000), wk =   0.0480000
        k(   36) = (   0.1000000  -0.5000000  -0.5000000), wk =   0.0120000
        k(   37) = (   0.2000000   0.2000000   0.2000000), wk =   0.0160000
        k(   38) = (   0.2000000   0.2000000   0.3000000), wk =   0.0480000
        k(   39) = (   0.2000000   0.2000000   0.4000000), wk =   0.0480000
        k(   40) = (   0.2000000   0.2000000  -0.5000000), wk =   0.0240000
        k(   41) = (   0.2000000   0.3000000   0.3000000), wk =   0.0480000
        k(   42) = (   0.2000000   0.3000000   0.4000000), wk =   0.0960000
        k(   43) = (   0.2000000   0.3000000  -0.5000000), wk =   0.0480000
        k(   44) = (   0.2000000   0.4000000   0.4000000), wk =   0.0480000
        k(   45) = (   0.2000000   0.4000000  -0.5000000), wk =   0.0480000
        k(   46) = (   0.2000000  -0.5000000  -0.5000000), wk =   0.0120000
        k(   47) = (   0.3000000   0.3000000   0.3000000), wk =   0.0160000
        k(   48) = (   0.3000000   0.3000000   0.4000000), wk =   0.0480000
        k(   49) = (   0.3000000   0.3000000  -0.5000000), wk =   0.0240000
        k(   50) = (   0.3000000   0.4000000   0.4000000), wk =   0.0480000
        k(   51) = (   0.3000000   0.4000000  -0.5000000), wk =   0.0480000
        k(   52) = (   0.3000000  -0.5000000  -0.5000000), wk =   0.0120000
        k(   53) = (   0.4000000   0.4000000   0.4000000), wk =   0.0160000
        k(   54) = (   0.4000000   0.4000000  -0.5000000), wk =   0.0240000
        k(   55) = (   0.4000000  -0.5000000  -0.5000000), wk =   0.0120000
        k(   56) = (  -0.5000000  -0.5000000  -0.5000000), wk =   0.0020000

     PseudoPot. # 1 for Be read from file:
     ./Be.GGA-PBE-paw.UPF
     MD5 check sum: 77d0fc34c2c508c4ac39018e9d9803b4
     Pseudo is Projector augmented-wave + core cor, Zval =  4.0
     Generated using ATOMPAW code
     Shape of augmentation charge: SINC**2
     Using radial grid of 2342 points,  4 beta functions with: 
                l(1) =   0
                l(2) =   0
                l(3) =   1
                l(4) =   1
     Q(r) pseudized with 0 coefficients 


     Mode symmetry, O_h (m-3m)  point group:


     Atomic displacements:
     There are   2 irreducible representations

     Representation     1      3 modes -T_1u G_15  G_4-  To be done

     Representation     2      3 modes -T_1u G_15  G_4-  To be done



     Alpha used in Ewald sum =   2.1000
     PHONON       :     0.72s CPU         0.76s WALL



     Representation #  1 modes #   1  2  3

     Self-consistent Calculation
 
     Pert. #  1: Fermi energy shift (Ry) =     0.0000E+00     0.0000E+00
     Pert. #  2: Fermi energy shift (Ry) =     0.0000E+00     0.0000E+00
     Pert. #  3: Fermi energy shift (Ry) =     0.0000E+00     0.0000E+00

      iter #   1 total cpu time :     1.7 secs   av.it.:   5.1
      thresh= 1.000E-02 alpha_mix =  0.700 |ddv_scf|^2 =  1.316E-06
 
     Pert. #  1: Fermi energy shift (Ry) =     0.0000E+00     0.0000E+00
     Pert. #  2: Fermi energy shift (Ry) =     0.0000E+00     0.0000E+00
     Pert. #  3: Fermi energy shift (Ry) =     0.0000E+00     0.0000E+00

      iter #   2 total cpu time :     2.6 secs   av.it.:   7.8
      thresh= 1.147E-04 alpha_mix =  0.700 |ddv_scf|^2 =  3.746E-08
 
     Pert. #  1: Fermi energy shift (Ry) =     0.0000E+00     0.0000E+00
     Pert. #  2: Fermi energy shift (Ry) =     0.0000E+00     0.0000E+00
     Pert. #  3: Fermi energy shift (Ry) =     0.0000E+00     0.0000E+00

      iter #   3 total cpu time :     3.6 secs   av.it.:   7.7
      thresh= 1.935E-05 alpha_mix =  0.700 |ddv_scf|^2 =  2.579E-09
 
     Pert. #  1: Fermi energy shift (Ry) =     0.0000E+00     0.0000E+00
     Pert. #  2: Fermi energy shift (Ry) =     0.0000E+00     0.0000E+00
     Pert. #  3: Fermi energy shift (Ry) =     0.0000E+00     0.0000E+00

      iter #   4 total cpu time :     4.6 secs   av.it.:   7.9
      thresh= 5.078E-06 alpha_mix =  0.700 |ddv_scf|^2 =  1.496E-11
 
     Pert. #  1: Fermi energy shift (Ry) =     0.0000E+00     0.0000E+00
     Pert. #  2: Fermi energy shift (Ry) =     0.0000E+00     0.0000E+00
     Pert. #  3: Fermi energy shift (Ry) =     0.0000E+00     0.0000E+00

      iter #   5 total cpu time :     6.0 secs   av.it.:   7.8
      thresh= 3.868E-07 alpha_mix =  0.700 |ddv_scf|^2 =  4.894E-15

     End of self-consistent calculation

     Convergence has been achieved 


     Representation #  2 modes #   4  5  6

     Self-consistent Calculation
 
     Pert. #  1: Fermi energy shift (Ry) =     0.0000E+00     0.0000E+00
     Pert. #  2: Fermi energy shift (Ry) =     0.0000E+00     0.0000E+00
     Pert. #  3: Fermi energy shift (Ry) =     0.0000E+00     0.0000E+00

      iter #   1 total cpu time :     7.4 secs   av.it.:   5.1
      thresh= 1.000E-02 alpha_mix =  0.700 |ddv_scf|^2 =  1.316E-06
 
     Pert. #  1: Fermi energy shift (Ry) =     0.0000E+00     0.0000E+00
     Pert. #  2: Fermi energy shift (Ry) =     0.0000E+00     0.0000E+00
     Pert. #  3: Fermi energy shift (Ry) =     0.0000E+00     0.0000E+00

      iter #   2 total cpu time :     8.7 secs   av.it.:   7.8
      thresh= 1.147E-04 alpha_mix =  0.700 |ddv_scf|^2 =  3.746E-08
 
     Pert. #  1: Fermi energy shift (Ry) =     0.0000E+00     0.0000E+00
     Pert. #  2: Fermi energy shift (Ry) =     0.0000E+00     0.0000E+00
     Pert. #  3: Fermi energy shift (Ry) =     0.0000E+00     0.0000E+00

      iter #   3 total cpu time :     9.7 secs   av.it.:   7.7
      thresh= 1.935E-05 alpha_mix =  0.700 |ddv_scf|^2 =  2.579E-09
 
     Pert. #  1: Fermi energy shift (Ry) =     0.0000E+00     0.0000E+00
     Pert. #  2: Fermi energy shift (Ry) =     0.0000E+00     0.0000E+00
     Pert. #  3: Fermi energy shift (Ry) =     0.0000E+00     0.0000E+00

      iter #   4 total cpu time :    10.6 secs   av.it.:   7.9
      thresh= 5.078E-06 alpha_mix =  0.700 |ddv_scf|^2 =  1.496E-11
 
     Pert. #  1: Fermi energy shift (Ry) =     0.0000E+00     0.0000E+00
     Pert. #  2: Fermi energy shift (Ry) =     0.0000E+00     0.0000E+00
     Pert. #  3: Fermi energy shift (Ry) =     0.0000E+00     0.0000E+00

      iter #   5 total cpu time :    11.6 secs   av.it.:   7.8
      thresh= 3.868E-07 alpha_mix =  0.700 |ddv_scf|^2 =  4.894E-15

     End of self-consistent calculation

     Convergence has been achieved 
 
     Number of q in the star =    1
     List of q in the star:
          1   0.000000000   0.000000000   0.000000000

     Diagonalizing the dynamical matrix

     q = (    0.000000000   0.000000000   0.000000000 ) 

 **************************************************************************
     freq (    1) =      -6.017328 [THz] =    -200.716469 [cm-1]
     freq (    2) =      -6.017328 [THz] =    -200.716469 [cm-1]
     freq (    3) =      -6.017328 [THz] =    -200.716469 [cm-1]
     freq (    4) =      20.314955 [THz] =     677.633947 [cm-1]
     freq (    5) =      20.314955 [THz] =     677.633947 [cm-1]
     freq (    6) =      20.314955 [THz] =     677.633947 [cm-1]
 **************************************************************************

     Mode symmetry, O_h (m-3m)  point group:

     freq (  1 -  3) =       -200.7  [cm-1]   --> T_1u G_15  G_4- I  
     freq (  4 -  6) =        677.6  [cm-1]   --> T_1u G_15  G_4- I  
 
     PHONON       :    10.69s CPU        11.58s WALL

     INITIALIZATION: 
     phq_setup    :      0.01s CPU      0.01s WALL (       1 calls)
     phq_init     :      0.14s CPU      0.15s WALL (       1 calls)
 
     phq_init     :      0.14s CPU      0.15s WALL (       1 calls)
     set_drhoc    :      0.05s CPU      0.05s WALL (       3 calls)
     init_vloc    :      0.00s CPU      0.00s WALL (       1 calls)
     init_us_1    :      0.03s CPU      0.03s WALL (       1 calls)
     newd         :      0.00s CPU      0.00s WALL (       1 calls)
     dvanqq       :      0.00s CPU      0.00s WALL (       1 calls)
     drho         :      0.06s CPU      0.06s WALL (       1 calls)
 
     DYNAMICAL MATRIX:
     dynmat0      :      0.05s CPU      0.05s WALL (       1 calls)
     phqscf       :      9.97s CPU     10.82s WALL (       1 calls)
     dynmatrix    :      0.00s CPU      0.00s WALL (       1 calls)
 
     phqscf       :      9.97s CPU     10.82s WALL (       1 calls)
     solve_linter :      9.94s CPU     10.78s WALL (       2 calls)
     drhodv       :      0.03s CPU      0.03s WALL (       2 calls)
 
     dynmat0      :      0.05s CPU      0.05s WALL (       1 calls)
     dynmat_us    :      0.01s CPU      0.01s WALL (       1 calls)
     d2ionq       :      0.00s CPU      0.00s WALL (       1 calls)
     dynmatcc     :      0.03s CPU      0.04s WALL (       1 calls)
 
     dynmat_us    :      0.01s CPU      0.01s WALL (       1 calls)
     addusdynmat  :      0.00s CPU      0.00s WALL (       1 calls)
 
     phqscf       :      9.97s CPU     10.82s WALL (       1 calls)
     solve_linter :      9.94s CPU     10.78s WALL (       2 calls)
 
     solve_linter :      9.94s CPU     10.78s WALL (       2 calls)
     dvqpsi_us    :      0.15s CPU      0.18s WALL (     336 calls)
     ortho        :      0.07s CPU      0.08s WALL (    1680 calls)
     cgsolve      :      3.49s CPU      4.12s WALL (    1680 calls)
     incdrhoscf   :      0.36s CPU      0.43s WALL (    1680 calls)
     addusddens   :      0.01s CPU      0.01s WALL (      12 calls)
     vpsifft      :      0.24s CPU      0.29s WALL (    1344 calls)
     dv_of_drho   :      0.02s CPU      0.02s WALL (      30 calls)
     mix_pot      :      0.00s CPU      0.01s WALL (      10 calls)
     ef_shift     :      0.01s CPU      0.01s WALL (      12 calls)
     localdos     :      0.03s CPU      0.04s WALL (       2 calls)
     psymdvscf    :      0.32s CPU      0.32s WALL (      10 calls)
     newdq        :      0.02s CPU      0.02s WALL (      10 calls)
     adddvscf     :      0.01s CPU      0.01s WALL (    1344 calls)
     drhodvus     :      0.00s CPU      0.00s WALL (       2 calls)
 
     dvqpsi_us    :      0.15s CPU      0.18s WALL (     336 calls)
     dvqpsi_us_on :      0.02s CPU      0.02s WALL (     336 calls)
 
     cgsolve      :      3.49s CPU      4.12s WALL (    1680 calls)
     ch_psi       :      3.31s CPU      3.91s WALL (   15710 calls)
 
     ch_psi       :      3.31s CPU      3.91s WALL (   15710 calls)
     h_psi        :      2.69s CPU      3.17s WALL (   15710 calls)
     last         :      0.42s CPU      0.50s WALL (   15710 calls)
 
     h_psi        :      2.69s CPU      3.17s WALL (   15710 calls)
     add_vuspsi   :      0.07s CPU      0.09s WALL (   15710 calls)
 
     incdrhoscf   :      0.36s CPU      0.43s WALL (    1680 calls)
     addusdbec    :      0.03s CPU      0.04s WALL (    2016 calls)
 
     drhodvus     :      0.00s CPU      0.00s WALL (       2 calls)
 
      General routines
     calbec       :      0.30s CPU      0.35s WALL (   37132 calls)
     fft          :      0.04s CPU      0.04s WALL (     673 calls)
     ffts         :      0.03s CPU      0.04s WALL (     943 calls)
     fftw         :      2.75s CPU      3.25s WALL (  155304 calls)
     davcio       :      0.04s CPU      0.05s WALL (    6820 calls)
     write_rec    :      0.01s CPU      0.03s WALL (      12 calls)
 
 
     PHONON       :    10.69s CPU        11.58s WALL

 
   This run was terminated on:  14:10:54  16Jul2019            

=------------------------------------------------------------------------------=
   JOB DONE.
=------------------------------------------------------------------------------=
