===== VARIABLES =====
EXE_PATH = /scr/szymansk/2019-3/qe-bin/bin/pw.x
tpp = 4
Parallel keywords = -nimage 1
MPIRUN_EXE = orterun
PATH = /scr/szymansk/2019-3/mmshare-v4.7/lib/Linux-x86_64/openmpi/bin:/scr/szymansk/2019-3/internal/bin:/scr/szymansk/2019-3/mmshare-v4.7/bin/Linux-x86_64:/home/szymansk/bin:/scr/szymansk/dakota/bin:/scr/szymansk/atompaw-4.1.0.5/src/:/usr/lib64/qt-3.3/bin:/usr/local/bin:/usr/local/sbin:/usr/bin:/usr/sbin:/bin:/sbin
LD_LIBRARY_PATH = /scr/szymansk/2019-3/mmshare-v4.7/lib/Linux-x86_64/openmpi/lib:/scr/szymansk/2019-3/internal/lib/ssl:/scr/szymansk/2019-3/internal/lib:/scr/szymansk/2019-3/mmshare-v4.7/lib/Linux-x86_64:/scr/szymansk/2019-3/internal/lib/python3.6/site-packages:/scr/szymansk/dakota/bin:/software/lib/Linux-x86_64/ifort_2017.1.132/mkl/lib/intel64
===== END VARIABLES =====
Invoking: exe_cmd () 
{ 
    "$MPIRUN_EXE" -np $tpp "$EXE_PATH" -in $input_file "${P_KEYWORDS[@]}"
}

     Program PWSCF v.6.3MaX starts on 13Jun2019 at 12:18:56 

     This program is part of the open-source Quantum ESPRESSO suite
     for quantum simulation of materials; please cite
         "P. Giannozzi et al., J. Phys.:Condens. Matter 21 395502 (2009);
         "P. Giannozzi et al., J. Phys.:Condens. Matter 29 465901 (2017);
          URL http://www.quantum-espresso.org", 
     in publications or presentations arising from this work. More details at
     http://www.quantum-espresso.org/quote

     Parallel version (MPI), running on     4 processors

     MPI processes distributed on     1 nodes
     R & G space division:  proc/nbgrp/npool/nimage =       4
     Reading input from ZnO.ZB.relax.in
Warning: card &CELL ignored
Warning: card   CELL_DYNAMICS='BFGS' ignored
Warning: card / ignored

     Current dimensions of program PWSCF are:
     Max number of different atomic species (ntypx) = 10
     Max number of k-points (npk) =  40000
     Max angular momentum in pseudopotentials (lmaxx) =  3

     Subspace diagonalization in iterative solution of the eigenvalue problem:
     a serial algorithm will be used

 
     Parallelization info
     --------------------
     sticks:   dense  smooth     PW     G-vecs:    dense   smooth      PW
     Min         128     105     34                 1955     1441     266
     Max         131     106     35                 1956     1445     267
     Sum         517     421    139                 7823     5769    1067
 


     bravais-lattice index     =            0
     lattice parameter (alat)  =       6.1690  a.u.
     unit-cell volume          =     166.0052 (a.u.)^3
     number of atoms/cell      =            2
     number of atomic types    =            2
     number of electrons       =        26.00
     number of Kohn-Sham states=           17
     kinetic-energy cutoff     =      40.0000  Ry
     charge density cutoff     =     200.0000  Ry
     convergence threshold     =      1.0E-08
     mixing beta               =       0.7000
     number of iterations used =            8  plain     mixing
     Exchange-correlation      = SLA  PW   PBE  PBE ( 1  4  3  4 0 0)
     nstep                     =           50


     celldm(1)=   6.168965  celldm(2)=   0.000000  celldm(3)=   0.000000
     celldm(4)=   0.000000  celldm(5)=   0.000000  celldm(6)=   0.000000

     crystal axes: (cart. coord. in units of alat)
               a(1) = (  -0.707107   0.000000   0.707107 )  
               a(2) = (   0.000000   0.707107   0.707107 )  
               a(3) = (  -0.707107   0.707107   0.000000 )  

     reciprocal axes: (cart. coord. in units 2 pi/alat)
               b(1) = ( -0.707107 -0.707107  0.707107 )  
               b(2) = (  0.707107  0.707107  0.707107 )  
               b(3) = ( -0.707107  0.707107 -0.707107 )  


     PseudoPot. # 1 for Zn read from file:
     ./Zn.GGA-PBE-paw.UPF
     MD5 check sum: df62231357ef9e81f77b2b3087fa5675
     Pseudo is Ultrasoft, Zval = 20.0
     Generated by new atomic code, or converted to UPF format
     Using radial grid of  943 points,  6 beta functions with: 
                l(1) =   0
                l(2) =   0
                l(3) =   1
                l(4) =   1
                l(5) =   2
                l(6) =   2
     Q(r) pseudized with  8 coefficients,  rinner =    1.100   1.100   1.100
                                                       1.100   1.100

     PseudoPot. # 2 for O  read from file:
     ./O.GGA-PBE-paw.UPF
     MD5 check sum: 734c27235a0248c51dbae37a1fbe46ec
     Pseudo is Ultrasoft + core correction, Zval =  6.0
     Generated by new atomic code, or converted to UPF format
     Using radial grid of  737 points,  5 beta functions with: 
                l(1) =   0
                l(2) =   0
                l(3) =   1
                l(4) =   1
                l(5) =   2
     Q(r) pseudized with  8 coefficients,  rinner =    0.900   0.900   0.900
                                                       0.900   0.900

     atomic species   valence    mass     pseudopotential
        Zn            20.00    65.39000     Zn( 1.00)
        O              6.00    15.99940     O ( 1.00)

     24 Sym. Ops. (no inversion) found



   Cartesian axes

     site n.     atom                  positions (alat units)
         1           Zn  tau(   1) = (   0.0000000   0.0000000   0.0000000  )
         2           O   tau(   2) = (  -0.3535534   0.3535534   0.3535534  )

     number of k points=    29  Fermi-Dirac smearing, width (Ry)=  0.0020
                       cart. coord. in units 2pi/alat
        k(    1) = (   0.0000000   0.0000000   0.0000000), wk =   0.0039062
        k(    2) = (  -0.0883883   0.0883883  -0.0883883), wk =   0.0312500
        k(    3) = (  -0.1767767   0.1767767  -0.1767767), wk =   0.0312500
        k(    4) = (  -0.2651650   0.2651650  -0.2651650), wk =   0.0312500
        k(    5) = (   0.3535534  -0.3535534   0.3535534), wk =   0.0156250
        k(    6) = (   0.0000000   0.1767767   0.0000000), wk =   0.0234375
        k(    7) = (  -0.0883883   0.2651650  -0.0883883), wk =   0.0937500
        k(    8) = (  -0.1767767   0.3535534  -0.1767767), wk =   0.0937500
        k(    9) = (   0.4419417  -0.2651650   0.4419417), wk =   0.0937500
        k(   10) = (   0.3535534  -0.1767767   0.3535534), wk =   0.0937500
        k(   11) = (   0.2651650  -0.0883883   0.2651650), wk =   0.0937500
        k(   12) = (   0.1767767   0.0000000   0.1767767), wk =   0.0468750
        k(   13) = (   0.0000000   0.3535534   0.0000000), wk =   0.0234375
        k(   14) = (  -0.0883883   0.4419417  -0.0883883), wk =   0.0937500
        k(   15) = (   0.5303301  -0.1767767   0.5303301), wk =   0.0937500
        k(   16) = (   0.4419417  -0.0883883   0.4419417), wk =   0.0937500
        k(   17) = (   0.3535534   0.0000000   0.3535534), wk =   0.0468750
        k(   18) = (   0.0000000   0.5303301   0.0000000), wk =   0.0234375
        k(   19) = (   0.6187184  -0.0883883   0.6187184), wk =   0.0937500
        k(   20) = (   0.5303301   0.0000000   0.5303301), wk =   0.0468750
        k(   21) = (   0.0000000  -0.7071068   0.0000000), wk =   0.0117188
        k(   22) = (  -0.1767767   0.3535534   0.0000000), wk =   0.0937500
        k(   23) = (   0.4419417  -0.2651650   0.6187184), wk =   0.1875000
        k(   24) = (   0.3535534  -0.1767767   0.5303301), wk =   0.0937500
        k(   25) = (   0.5303301  -0.1767767   0.7071068), wk =   0.0937500
        k(   26) = (   0.4419417  -0.0883883   0.6187184), wk =   0.1875000
        k(   27) = (   0.3535534   0.0000000   0.5303301), wk =   0.0937500
        k(   28) = (  -0.1767767  -0.7071068   0.0000000), wk =   0.0468750
        k(   29) = (  -0.3535534  -0.7071068   0.0000000), wk =   0.0234375

     Dense  grid:     7823 G-vectors     FFT dimensions: (  27,  27,  27)

     Smooth grid:     5769 G-vectors     FFT dimensions: (  25,  25,  25)

     Estimated max dynamical RAM per process >      10.60 MB

     Estimated total dynamical RAM >      42.42 MB

     Check: negative/imaginary core charge=   -0.000003    0.000000

     Initial potential from superposition of free atoms

     starting charge   25.99986, renormalised to   26.00000
     Starting wfcs are   17 randomized atomic wfcs

     total cpu time spent up to now is        0.2 secs

     Self-consistent Calculation

     iteration #  1     ecut=    40.00 Ry     beta= 0.70
     Davidson diagonalization with overlap
     ethr =  1.00E-02,  avg # of iterations =  3.0

     total cpu time spent up to now is        0.4 secs

     total energy              =    -493.69099494 Ry
     Harris-Foulkes estimate   =    -494.03098200 Ry
     estimated scf accuracy    <       0.44371895 Ry

     iteration #  2     ecut=    40.00 Ry     beta= 0.70
     Davidson diagonalization with overlap
     ethr =  1.71E-03,  avg # of iterations =  2.2

     total cpu time spent up to now is        0.5 secs

     total energy              =    -493.75757839 Ry
     Harris-Foulkes estimate   =    -494.11807970 Ry
     estimated scf accuracy    <       0.82494784 Ry

     iteration #  3     ecut=    40.00 Ry     beta= 0.70
     Davidson diagonalization with overlap
     ethr =  1.71E-03,  avg # of iterations =  2.0

     total cpu time spent up to now is        0.7 secs

     total energy              =    -493.91269092 Ry
     Harris-Foulkes estimate   =    -493.91537061 Ry
     estimated scf accuracy    <       0.00531448 Ry

     iteration #  4     ecut=    40.00 Ry     beta= 0.70
     Davidson diagonalization with overlap
     ethr =  2.04E-05,  avg # of iterations =  2.0

     total cpu time spent up to now is        0.9 secs

     total energy              =    -493.91393235 Ry
     Harris-Foulkes estimate   =    -493.91465937 Ry
     estimated scf accuracy    <       0.00179625 Ry

     iteration #  5     ecut=    40.00 Ry     beta= 0.70
     Davidson diagonalization with overlap
     ethr =  6.91E-06,  avg # of iterations =  2.0

     total cpu time spent up to now is        1.0 secs

     total energy              =    -493.91423886 Ry
     Harris-Foulkes estimate   =    -493.91425657 Ry
     estimated scf accuracy    <       0.00004143 Ry

     iteration #  6     ecut=    40.00 Ry     beta= 0.70
     Davidson diagonalization with overlap
     ethr =  1.59E-07,  avg # of iterations =  1.6

     total cpu time spent up to now is        1.2 secs

     total energy              =    -493.91424383 Ry
     Harris-Foulkes estimate   =    -493.91424344 Ry
     estimated scf accuracy    <       0.00000045 Ry

     iteration #  7     ecut=    40.00 Ry     beta= 0.70
     Davidson diagonalization with overlap
     ethr =  1.71E-09,  avg # of iterations =  2.0

     total cpu time spent up to now is        1.3 secs

     total energy              =    -493.91424392 Ry
     Harris-Foulkes estimate   =    -493.91424394 Ry
     estimated scf accuracy    <       0.00000004 Ry

     iteration #  8     ecut=    40.00 Ry     beta= 0.70
     Davidson diagonalization with overlap
     ethr =  1.66E-10,  avg # of iterations =  1.0

     total cpu time spent up to now is        1.5 secs

     End of self-consistent calculation

          k = 0.0000 0.0000 0.0000 (   725 PWs)   bands (ev):

  -115.1390 -69.3331 -69.3331 -69.3331  -9.5020   2.6653   2.6653   2.6653
     3.8590   3.8590   8.2754   8.2754   8.2754   8.9334  21.5372  21.5372
    21.5372

          k =-0.0884 0.0884-0.0884 (   712 PWs)   bands (ev):

  -115.1390 -69.3335 -69.3332 -69.3332  -9.4110   2.5993   2.7098   2.7098
     3.8528   3.8528   7.2760   8.1665   8.1665  10.0309  20.3373  21.6533
    21.6533

          k =-0.1768 0.1768-0.1768 (   703 PWs)   bands (ev):

  -115.1390 -69.3343 -69.3333 -69.3333  -9.1840   2.5263   2.8077   2.8077
     3.8587   3.8587   6.0045   7.9010   7.9010  11.5168  18.3865  21.6867
    21.6867

          k =-0.2652 0.2652-0.2652 (   715 PWs)   bands (ev):

  -115.1389 -69.3350 -69.3334 -69.3334  -8.9462   2.6540   2.8844   2.8844
     3.9054   3.9054   4.8076   7.6262   7.6262  12.9208  16.8302  21.4230
    21.4230

          k = 0.3536-0.3536 0.3536 (   718 PWs)   bands (ev):

  -115.1389 -69.3354 -69.3335 -69.3335  -8.8442   2.8683   2.9079   2.9079
     3.9404   3.9404   4.1812   7.5077   7.5077  13.6452  16.1090  21.2633
    21.2633

          k = 0.0000 0.1768 0.0000 (   701 PWs)   bands (ev):

  -115.1390 -69.3335 -69.3332 -69.3332  -9.3810   2.5435   2.7452   2.7452
     3.8178   3.8792   7.2930   7.9934   7.9934  10.3106  20.3759  21.5139
    21.5139

          k =-0.0884 0.2652-0.0884 (   702 PWs)   bands (ev):

  -115.1390 -69.3341 -69.3334 -69.3334  -9.2000   2.4601   2.8368   2.8492
     3.7945   3.8987   6.3945   7.6787   7.7528  11.4842  18.9662  21.1627
    21.5603

          k =-0.1768 0.3536-0.1768 (   703 PWs)   bands (ev):

  -115.1389 -69.3348 -69.3335 -69.3335  -8.9657   2.5459   2.9225   2.9440
     3.8432   3.9321   5.2250   7.3984   7.4168  12.9134  17.3750  20.4899
    21.4991

          k = 0.4419-0.2652 0.4419 (   708 PWs)   bands (ev):

  -115.1389 -69.3352 -69.3337 -69.3336  -8.8174   2.7953   2.9766   3.0198
     3.9428   3.9679   4.2703   7.1032   7.3238  14.1136  16.1822  20.1603
    21.4137

          k = 0.3536-0.1768 0.3536 (   714 PWs)   bands (ev):

  -115.1389 -69.3351 -69.3337 -69.3335  -8.8509   2.8344   2.8929   2.9516
     3.8833   3.9660   4.5347   6.9984   7.5098  13.8488  16.4932  19.9973
    21.5747

          k = 0.2652-0.0884 0.2652 (   715 PWs)   bands (ev):

  -115.1389 -69.3346 -69.3336 -69.3333  -9.0440   2.5634   2.8634   2.8723
     3.8200   3.9230   5.5972   7.1973   7.8333  12.4880  17.9592  20.0683
    21.9805

          k = 0.1768 0.0000 0.1768 (   694 PWs)   bands (ev):

  -115.1390 -69.3339 -69.3334 -69.3332  -9.2748   2.5288   2.7671   2.7901
     3.8191   3.8797   6.6308   7.6802   8.1013  11.0350  19.4760  20.7560
    22.0338

          k = 0.0000 0.3536 0.0000 (   713 PWs)   bands (ev):

  -115.1389 -69.3342 -69.3336 -69.3336  -9.0826   2.3320   2.9783   2.9783
     3.7392   3.9281   6.3640   7.2886   7.2886  12.0605  18.5170  21.5446
    21.6872

          k =-0.0884 0.4419-0.0884 (   706 PWs)   bands (ev):

  -115.1389 -69.3347 -69.3338 -69.3337  -8.8961   2.3511   3.1104   3.1122
     3.7779   3.9552   5.6342   6.8651   6.9470  13.0909  17.6492  19.8904
    21.7988

          k = 0.5303-0.1768 0.5303 (   703 PWs)   bands (ev):

  -115.1388 -69.3350 -69.3341 -69.3338  -8.7499   2.5696   3.1625   3.2721
     3.9525   3.9824   4.6241   6.3809   6.8668  14.4149  16.6837  19.1408
    21.7795

          k = 0.4419-0.0884 0.4419 (   707 PWs)   bands (ev):

  -115.1388 -69.3350 -69.3343 -69.3337  -8.7340   2.7567   3.1168   3.3718
     3.8839   3.9286   4.4172   6.0649   7.1101  15.3551  16.0293  18.6411
    21.7932

          k = 0.3536 0.0000 0.3536 (   708 PWs)   bands (ev):

  -115.1389 -69.3348 -69.3341 -69.3335  -8.8576   2.8188   2.8702   3.0012
     3.8204   3.9691   5.1256   6.2798   7.5118  13.9845  17.5076  18.4114
    21.9536

          k = 0.0000 0.5303 0.0000 (   709 PWs)   bands (ev):

  -115.1388 -69.3350 -69.3339 -69.3339  -8.7762   2.2508   3.3044   3.3044
     3.7593   3.9772   5.5524   6.5136   6.5136  13.2669  17.2372  19.9662
    22.0886

          k = 0.6187-0.0884 0.6187 (   712 PWs)   bands (ev):

  -115.1388 -69.3352 -69.3341 -69.3339  -8.6781   2.3500   3.3858   3.4346
     3.9291   3.9761   5.0356   6.0473   6.3727  13.9048  16.9625  19.4163
    22.1540

          k = 0.5303 0.0000 0.5303 (   706 PWs)   bands (ev):

  -115.1388 -69.3350 -69.3344 -69.3339  -8.6616   2.5650   3.3009   3.6200
     3.9238   4.2387   4.2725   5.6813   6.6368  14.9436  16.5840  18.7437
    22.0091

          k = 0.0000-0.7071 0.0000 (   724 PWs)   bands (ev):

  -115.1388 -69.3353 -69.3340 -69.3340  -8.6471   2.2604   3.4913   3.4913
     3.8768   3.9976   5.0965   6.1470   6.1470  13.5546  16.9307  19.5929
    22.3132

          k =-0.1768 0.3536 0.0000 (   708 PWs)   bands (ev):

  -115.1389 -69.3345 -69.3337 -69.3335  -9.0158   2.4549   2.9245   2.9784
     3.7858   3.9359   5.8357   6.9482   7.5674  12.6282  18.2731  19.6442
    21.8991

          k = 0.4419-0.2652 0.6187 (   711 PWs)   bands (ev):

  -115.1389 -69.3349 -69.3340 -69.3336  -8.8259   2.6615   2.9543   3.1456
     3.8542   3.9712   4.9306   6.4882   7.2360  14.0600  17.0669  19.0432
    21.5935

          k = 0.3536-0.1768 0.5303 (   714 PWs)   bands (ev):

  -115.1388 -69.3351 -69.3341 -69.3337  -8.7456   2.8050   2.9938   3.3492
     3.8660   4.1104   4.1898   6.4063   7.0399  15.1741  15.9608  19.0868
    21.3796

          k = 0.5303-0.1768 0.7071 (   712 PWs)   bands (ev):

  -115.1388 -69.3350 -69.3341 -69.3338  -8.7542   2.4374   3.1670   3.3394
     3.8608   3.9742   5.1972   6.2005   6.6747  13.9896  17.2001  19.1998
    21.4061

          k = 0.4419-0.0884 0.6187 (   711 PWs)   bands (ev):

  -115.1388 -69.3349 -69.3344 -69.3339  -8.6746   2.6404   3.2092   3.5343
     3.8639   4.1637   4.5176   5.7942   6.5208  15.1269  16.6944  18.7798
    20.8294

          k = 0.3536 0.0000 0.5303 (   712 PWs)   bands (ev):

  -115.1388 -69.3348 -69.3344 -69.3338  -8.7050   2.7594   3.0741   3.5154
     3.8143   4.0098   4.6394   5.7635   6.8173  15.3798  16.5672  18.3551
    21.1381

          k =-0.1768-0.7071 0.0000 (   714 PWs)   bands (ev):

  -115.1388 -69.3351 -69.3342 -69.3340  -8.6454   2.4437   3.4293   3.4606
     3.9448   4.0729   4.8607   5.8174   6.1963  14.3698  16.9335  19.3964
    20.8958

          k =-0.3536-0.7071 0.0000 (   700 PWs)   bands (ev):

  -115.1388 -69.3348 -69.3345 -69.3340  -8.6437   2.7059   3.3737   3.3892
     3.8556   4.3089   4.6559   5.4458   6.2305  15.4881  16.9378  19.2630
    19.3397

     the Fermi energy is     8.6207 ev

!    total energy              =    -493.91424393 Ry
     Harris-Foulkes estimate   =    -493.91424393 Ry
     estimated scf accuracy    <          4.9E-10 Ry

     The total energy is the sum of the following terms:

     one-electron contribution =    -407.17654356 Ry
     hartree contribution      =     214.04225596 Ry
     xc contribution           =     -49.58716641 Ry
     ewald contribution        =    -251.19278991 Ry
     smearing contrib. (-TS)   =      -0.00000000 Ry

     convergence has been achieved in   8 iterations

     Forces acting on atoms (cartesian axes, Ry/au):

     atom    1 type  1   force =    -0.00000000   -0.00000000   -0.00000000
     atom    2 type  2   force =    -0.00000000   -0.00000000   -0.00000000

     Total force =     0.000000     Total SCF correction =     0.000000

     BFGS Geometry Optimization

     bfgs converged in   1 scf cycles and   0 bfgs steps
     (criteria: energy <  1.0E-04 Ry, force <  1.0E-03 Ry/Bohr)

     End of BFGS Geometry Optimization

     Final energy   =    -493.9142439271 Ry
Begin final coordinates

ATOMIC_POSITIONS (crystal)
Zn       0.000000000   0.000000000   0.000000000
O        0.250000000   0.250000000   0.250000000
End final coordinates



     Writing output data file ZnO.ZB.relax.save/
 
     init_run     :      0.11s CPU      0.13s WALL (       1 calls)
     electrons    :      1.21s CPU      1.30s WALL (       1 calls)
     forces       :      0.02s CPU      0.02s WALL (       1 calls)

     Called by init_run:
     wfcinit      :      0.04s CPU      0.06s WALL (       1 calls)
     potinit      :      0.00s CPU      0.00s WALL (       1 calls)
     hinit0       :      0.05s CPU      0.06s WALL (       1 calls)

     Called by electrons:
     c_bands      :      0.96s CPU      1.03s WALL (       8 calls)
     sum_band     :      0.20s CPU      0.22s WALL (       8 calls)
     v_of_rho     :      0.01s CPU      0.01s WALL (       9 calls)
     newd         :      0.03s CPU      0.04s WALL (       9 calls)
     mix_rho      :      0.00s CPU      0.00s WALL (       8 calls)

     Called by c_bands:
     init_us_2    :      0.02s CPU      0.02s WALL (     522 calls)
     cegterg      :      0.89s CPU      0.95s WALL (     232 calls)

     Called by sum_band:
     sum_band:bec :      0.00s CPU      0.00s WALL (     232 calls)
     addusdens    :      0.04s CPU      0.04s WALL (       8 calls)

     Called by *egterg:
     h_psi        :      0.65s CPU      0.70s WALL (     719 calls)
     s_psi        :      0.01s CPU      0.01s WALL (     719 calls)
     g_psi        :      0.00s CPU      0.00s WALL (     458 calls)
     cdiaghg      :      0.19s CPU      0.22s WALL (     690 calls)

     Called by h_psi:
     h_psi:pot    :      0.65s CPU      0.70s WALL (     719 calls)
     h_psi:calbec :      0.03s CPU      0.03s WALL (     719 calls)
     vloc_psi     :      0.61s CPU      0.65s WALL (     719 calls)
     add_vuspsi   :      0.01s CPU      0.02s WALL (     719 calls)

     General routines
     calbec       :      0.05s CPU      0.05s WALL (    1067 calls)
     fft          :      0.01s CPU      0.01s WALL (     127 calls)
     ffts         :      0.00s CPU      0.00s WALL (      17 calls)
     fftw         :      0.66s CPU      0.71s WALL (   23336 calls)
     interpolate  :      0.00s CPU      0.00s WALL (       9 calls)
 
     Parallel routines
     fft_scatt_xy :      0.10s CPU      0.10s WALL (   23480 calls)
     fft_scatt_yz :      0.22s CPU      0.23s WALL (   23480 calls)
 
     PWSCF        :     1.39s CPU         1.53s WALL

 
   This run was terminated on:  12:18:57  13Jun2019            

=------------------------------------------------------------------------------=
   JOB DONE.
=------------------------------------------------------------------------------=
