===== VARIABLES =====
EXE_PATH = /scr/szymansk/2019-3/qe-bin/bin/pw.x
tpp = 4
Parallel keywords = -nimage 1
MPIRUN_EXE = orterun
PATH = /scr/szymansk/2019-3/mmshare-v4.7/lib/Linux-x86_64/openmpi/bin:/scr/szymansk/2019-3/internal/bin:/scr/szymansk/2019-3/mmshare-v4.7/bin/Linux-x86_64:/home/szymansk/bin:/scr/szymansk/dakota/bin:/scr/szymansk/atompaw-4.1.0.5/src/:/usr/lib64/qt-3.3/bin:/usr/local/bin:/usr/local/sbin:/usr/bin:/usr/sbin:/bin:/sbin
LD_LIBRARY_PATH = /scr/szymansk/2019-3/mmshare-v4.7/lib/Linux-x86_64/openmpi/lib:/scr/szymansk/2019-3/internal/lib/ssl:/scr/szymansk/2019-3/internal/lib:/scr/szymansk/2019-3/mmshare-v4.7/lib/Linux-x86_64:/scr/szymansk/2019-3/internal/lib/python3.6/site-packages:/scr/szymansk/dakota/bin:/software/lib/Linux-x86_64/ifort_2017.1.132/mkl/lib/intel64
SCHRODINGER_MPI_NODEFILE = /scr/szymansk/qe_runner#nyc-desk-l205-0-5d30bb60/nyc-desk-l205-0-5d30bb60.mpinodes:
localhost
SCHRODINGER_NODEFILE = /scr/szymansk/qe_runner#nyc-desk-l205-0-5d30bb60/nyc-desk-l205-0-5d30bb60.nodes:
localhost
===== END VARIABLES =====
Invoking: exe_cmd () 
{ 
    "$MPIRUN_EXE" -hostfile "$SCHRODINGER_MPI_NODEFILE" -np $tpp "$EXE_PATH" -in $input_file "${P_KEYWORDS[@]}"
}

     Program PWSCF v.6.3MaX starts on 18Jul2019 at 14:33: 7 

     This program is part of the open-source Quantum ESPRESSO suite
     for quantum simulation of materials; please cite
         "P. Giannozzi et al., J. Phys.:Condens. Matter 21 395502 (2009);
         "P. Giannozzi et al., J. Phys.:Condens. Matter 29 465901 (2017);
          URL http://www.quantum-espresso.org", 
     in publications or presentations arising from this work. More details at
     http://www.quantum-espresso.org/quote

     Parallel version (MPI), running on     4 processors

     MPI processes distributed on     1 nodes
     R & G space division:  proc/nbgrp/npool/nimage =       4
     Reading input from pw.in

     Current dimensions of program PWSCF are:
     Max number of different atomic species (ntypx) = 10
     Max number of k-points (npk) =  40000
     Max angular momentum in pseudopotentials (lmaxx) =  3
               file Si.GGA-PBE-paw.UPF: wavefunction(s)  Xn Xn renormalized

     Subspace diagonalization in iterative solution of the eigenvalue problem:
     a serial algorithm will be used

 
     Parallelization info
     --------------------
     sticks:   dense  smooth     PW     G-vecs:    dense   smooth      PW
     Min          74      59     14                  847      606      76
     Max          75      60     15                  848      607      78
     Sum         299     239     59                 3391     2427     307
 


     bravais-lattice index     =           10
     lattice parameter (alat)  =       6.0000  a.u.
     unit-cell volume          =      71.2800 (a.u.)^3
     number of atoms/cell      =            1
     number of atomic types    =            1
     number of electrons       =         4.00
     number of Kohn-Sham states=            6
     kinetic-energy cutoff     =      40.0000  Ry
     charge density cutoff     =     200.0000  Ry
     convergence threshold     =      1.0E-08
     mixing beta               =       0.7000
     number of iterations used =            8  plain     mixing
     Exchange-correlation      = SLA PW PBX PBC ( 1  4  3  4 0 0)
     nstep                     =            1


     celldm(1)=   6.000000  celldm(2)=   1.100000  celldm(3)=   1.200000
     celldm(4)=   0.000000  celldm(5)=   0.000000  celldm(6)=   0.000000

     crystal axes: (cart. coord. in units of alat)
               a(1) = (   0.500000   0.000000   0.600000 )  
               a(2) = (   0.500000   0.550000   0.000000 )  
               a(3) = (   0.000000   0.550000   0.600000 )  

     reciprocal axes: (cart. coord. in units 2 pi/alat)
               b(1) = (  1.000000 -0.909091  0.833333 )  
               b(2) = (  1.000000  0.909091 -0.833333 )  
               b(3) = ( -1.000000  0.909091  0.833333 )  


     PseudoPot. # 1 for Si read from file:
     ./Si.GGA-PBE-paw.UPF
     MD5 check sum: 41374bf13e57aa3ce95dd2eef56016b4
     Pseudo is Projector augmented-wave + core cor, Zval =  4.0
     Generated using ATOMPAW code
     Shape of augmentation charge: BESSEL
     Using radial grid of 2342 points,  4 beta functions with: 
                l(1) =   0
                l(2) =   0
                l(3) =   1
                l(4) =   1
     Q(r) pseudized with 0 coefficients 


     atomic species   valence    mass     pseudopotential
        Si             4.00    28.08550     Si( 1.00)

      8 Sym. Ops., with inversion, found



   Cartesian axes

     site n.     atom                  positions (alat units)
         1           Si  tau(   1) = (   0.0000000   0.0000000   0.0000000  )

     number of k points=     1  Fermi-Dirac smearing, width (Ry)=  0.0020
                       cart. coord. in units 2pi/alat
        k(    1) = (   0.0000000   0.0000000   0.0000000), wk =   2.0000000

     Dense  grid:     3391 G-vectors     FFT dimensions: (  24,  24,  24)

     Smooth grid:     2427 G-vectors     FFT dimensions: (  20,  18,  20)

     Estimated max dynamical RAM per process >       1.87 MB

     Estimated total dynamical RAM >       7.48 MB

     Initial potential from superposition of free atoms
     Check: negative starting charge=   -0.000466

     starting charge    3.99937, renormalised to    4.00000

     negative rho (up, down):  4.662E-04 0.000E+00
     Starting wfcs are    8 randomized atomic wfcs
     Checking if some PAW data can be deallocated... 

     total cpu time spent up to now is        0.7 secs

     Self-consistent Calculation

     iteration #  1     ecut=    40.00 Ry     beta= 0.70
     Davidson diagonalization with overlap
     ethr =  1.00E-02,  avg # of iterations =  8.0

     negative rho (up, down):  1.206E-03 0.000E+00

     total cpu time spent up to now is        0.7 secs

     total energy              =     -45.25994859 Ry
     Harris-Foulkes estimate   =     -45.33393241 Ry
     estimated scf accuracy    <       0.31893431 Ry

     iteration #  2     ecut=    40.00 Ry     beta= 0.70
     Davidson diagonalization with overlap
     ethr =  7.97E-03,  avg # of iterations =  1.0

     negative rho (up, down):  1.738E-03 0.000E+00

     total cpu time spent up to now is        0.7 secs

     total energy              =     -45.26545081 Ry
     Harris-Foulkes estimate   =     -45.26615408 Ry
     estimated scf accuracy    <       0.01481569 Ry

     iteration #  3     ecut=    40.00 Ry     beta= 0.70
     Davidson diagonalization with overlap
     ethr =  3.70E-04,  avg # of iterations =  1.0

     negative rho (up, down):  1.813E-03 0.000E+00

     total cpu time spent up to now is        0.7 secs

     total energy              =     -45.29250380 Ry
     Harris-Foulkes estimate   =     -45.28381206 Ry
     estimated scf accuracy    <       0.70061429 Ry

     iteration #  4     ecut=    40.00 Ry     beta= 0.70
     Davidson diagonalization with overlap
     ethr =  3.70E-04,  avg # of iterations =  1.0

     negative rho (up, down):  2.304E-03 0.000E+00

     total cpu time spent up to now is        0.8 secs

     total energy              =     -45.20531611 Ry
     Harris-Foulkes estimate   =     -45.29311201 Ry
     estimated scf accuracy    <       0.89603449 Ry

     iteration #  5     ecut=    40.00 Ry     beta= 0.70
     Davidson diagonalization with overlap
     ethr =  3.70E-04,  avg # of iterations =  2.0

     negative rho (up, down):  1.905E-03 0.000E+00

     total cpu time spent up to now is        0.8 secs

     total energy              =     -45.28458583 Ry
     Harris-Foulkes estimate   =     -45.28032962 Ry
     estimated scf accuracy    <       0.06301828 Ry

     iteration #  6     ecut=    40.00 Ry     beta= 0.70
     Davidson diagonalization with overlap
     ethr =  3.70E-04,  avg # of iterations =  1.0

     negative rho (up, down):  1.439E-03 0.000E+00

     total cpu time spent up to now is        0.8 secs

     total energy              =     -45.27484877 Ry
     Harris-Foulkes estimate   =     -45.28462736 Ry
     estimated scf accuracy    <       0.07553355 Ry

     iteration #  7     ecut=    40.00 Ry     beta= 0.70
     Davidson diagonalization with overlap
     ethr =  3.70E-04,  avg # of iterations =  1.0

     negative rho (up, down):  1.474E-03 0.000E+00

     total cpu time spent up to now is        0.8 secs

     total energy              =     -45.27326692 Ry
     Harris-Foulkes estimate   =     -45.27504093 Ry
     estimated scf accuracy    <       0.04355381 Ry

     iteration #  8     ecut=    40.00 Ry     beta= 0.70
     Davidson diagonalization with overlap
     ethr =  3.70E-04,  avg # of iterations =  1.0

     negative rho (up, down):  1.487E-03 0.000E+00

     total cpu time spent up to now is        0.9 secs

     total energy              =     -45.27400483 Ry
     Harris-Foulkes estimate   =     -45.27330038 Ry
     estimated scf accuracy    <       0.03599233 Ry

     iteration #  9     ecut=    40.00 Ry     beta= 0.70
     Davidson diagonalization with overlap
     ethr =  3.70E-04,  avg # of iterations =  1.0

     negative rho (up, down):  1.501E-03 0.000E+00

     total cpu time spent up to now is        0.9 secs

     total energy              =     -45.27375469 Ry
     Harris-Foulkes estimate   =     -45.27401269 Ry
     estimated scf accuracy    <       0.03914503 Ry

     iteration # 10     ecut=    40.00 Ry     beta= 0.70
     Davidson diagonalization with overlap
     ethr =  3.70E-04,  avg # of iterations =  1.0

     negative rho (up, down):  1.549E-03 0.000E+00

     total cpu time spent up to now is        0.9 secs

     total energy              =     -45.27535445 Ry
     Harris-Foulkes estimate   =     -45.27375709 Ry
     estimated scf accuracy    <       0.03794634 Ry

     iteration # 11     ecut=    40.00 Ry     beta= 0.70
     Davidson diagonalization with overlap
     ethr =  3.70E-04,  avg # of iterations =  1.0

     negative rho (up, down):  1.441E-03 0.000E+00

     total cpu time spent up to now is        0.9 secs

     total energy              =     -45.26895706 Ry
     Harris-Foulkes estimate   =     -45.27537289 Ry
     estimated scf accuracy    <       0.04455303 Ry

     iteration # 12     ecut=    40.00 Ry     beta= 0.70
     Davidson diagonalization with overlap
     ethr =  3.70E-04,  avg # of iterations =  1.0

     negative rho (up, down):  1.429E-03 0.000E+00

     total cpu time spent up to now is        0.9 secs

     total energy              =     -45.26832418 Ry
     Harris-Foulkes estimate   =     -45.26961636 Ry
     estimated scf accuracy    <       0.00715438 Ry

     iteration # 13     ecut=    40.00 Ry     beta= 0.70
     Davidson diagonalization with overlap
     ethr =  1.79E-04,  avg # of iterations =  1.0

     negative rho (up, down):  1.441E-03 0.000E+00

     total cpu time spent up to now is        1.0 secs

     total energy              =     -45.26280077 Ry
     Harris-Foulkes estimate   =     -45.27073931 Ry
     estimated scf accuracy    <       0.07571116 Ry

     iteration # 14     ecut=    40.00 Ry     beta= 0.70
     Davidson diagonalization with overlap
     ethr =  1.79E-04,  avg # of iterations =  1.0

     negative rho (up, down):  1.442E-03 0.000E+00

     total cpu time spent up to now is        1.0 secs

     total energy              =     -45.27141478 Ry
     Harris-Foulkes estimate   =     -45.27137615 Ry
     estimated scf accuracy    <       0.02512898 Ry

     iteration # 15     ecut=    40.00 Ry     beta= 0.70
     Davidson diagonalization with overlap
     ethr =  1.79E-04,  avg # of iterations =  1.0

     negative rho (up, down):  1.451E-03 0.000E+00

     total cpu time spent up to now is        1.0 secs

     total energy              =     -45.27171541 Ry
     Harris-Foulkes estimate   =     -45.27142103 Ry
     estimated scf accuracy    <       0.02552208 Ry

     iteration # 16     ecut=    40.00 Ry     beta= 0.70
     Davidson diagonalization with overlap
     ethr =  1.79E-04,  avg # of iterations =  1.0

     negative rho (up, down):  1.449E-03 0.000E+00

     total cpu time spent up to now is        1.0 secs

     total energy              =     -45.27174562 Ry
     Harris-Foulkes estimate   =     -45.27171931 Ry
     estimated scf accuracy    <       0.02756059 Ry

     iteration # 17     ecut=    40.00 Ry     beta= 0.70
     Davidson diagonalization with overlap
     ethr =  1.79E-04,  avg # of iterations =  1.0

     negative rho (up, down):  1.390E-03 0.000E+00

     total cpu time spent up to now is        1.1 secs

     total energy              =     -45.26915983 Ry
     Harris-Foulkes estimate   =     -45.27174584 Ry
     estimated scf accuracy    <       0.02780151 Ry

     iteration # 18     ecut=    40.00 Ry     beta= 0.70
     Davidson diagonalization with overlap
     ethr =  1.79E-04,  avg # of iterations =  1.0

     negative rho (up, down):  1.396E-03 0.000E+00

     total cpu time spent up to now is        1.1 secs

     total energy              =     -45.26935688 Ry
     Harris-Foulkes estimate   =     -45.26954286 Ry
     estimated scf accuracy    <       0.00576182 Ry

     iteration # 19     ecut=    40.00 Ry     beta= 0.70
     Davidson diagonalization with overlap
     ethr =  1.44E-04,  avg # of iterations =  1.0

     negative rho (up, down):  1.391E-03 0.000E+00

     total cpu time spent up to now is        1.1 secs

     total energy              =     -45.26922003 Ry
     Harris-Foulkes estimate   =     -45.26938601 Ry
     estimated scf accuracy    <       0.00237167 Ry

     iteration # 20     ecut=    40.00 Ry     beta= 0.70
     Davidson diagonalization with overlap
     ethr =  5.93E-05,  avg # of iterations =  1.0

     negative rho (up, down):  1.393E-03 0.000E+00

     total cpu time spent up to now is        1.1 secs

     total energy              =     -45.26929667 Ry
     Harris-Foulkes estimate   =     -45.26929405 Ry
     estimated scf accuracy    <       0.00000060 Ry

     iteration # 21     ecut=    40.00 Ry     beta= 0.70
     Davidson diagonalization with overlap
     ethr =  1.51E-08,  avg # of iterations =  2.0

     negative rho (up, down):  1.397E-03 0.000E+00

     total cpu time spent up to now is        1.2 secs

     total energy              =     -45.26926816 Ry
     Harris-Foulkes estimate   =     -45.26930922 Ry
     estimated scf accuracy    <       0.00049907 Ry

     iteration # 22     ecut=    40.00 Ry     beta= 0.70
     Davidson diagonalization with overlap
     ethr =  1.51E-08,  avg # of iterations =  2.0

     negative rho (up, down):  1.397E-03 0.000E+00

     total cpu time spent up to now is        1.2 secs

     total energy              =     -45.26928476 Ry
     Harris-Foulkes estimate   =     -45.26929719 Ry
     estimated scf accuracy    <       0.00009135 Ry

     iteration # 23     ecut=    40.00 Ry     beta= 0.70
     Davidson diagonalization with overlap
     ethr =  1.51E-08,  avg # of iterations =  2.0

     negative rho (up, down):  1.397E-03 0.000E+00

     total cpu time spent up to now is        1.2 secs

     total energy              =     -45.26928752 Ry
     Harris-Foulkes estimate   =     -45.26930047 Ry
     estimated scf accuracy    <       0.00020554 Ry

     iteration # 24     ecut=    40.00 Ry     beta= 0.70
     Davidson diagonalization with overlap
     ethr =  1.51E-08,  avg # of iterations =  2.0

     negative rho (up, down):  1.397E-03 0.000E+00

     total cpu time spent up to now is        1.2 secs

     total energy              =     -45.26929414 Ry
     Harris-Foulkes estimate   =     -45.26929419 Ry
     estimated scf accuracy    <       0.00000121 Ry

     iteration # 25     ecut=    40.00 Ry     beta= 0.70
     Davidson diagonalization with overlap
     ethr =  1.51E-08,  avg # of iterations =  1.0

     negative rho (up, down):  1.397E-03 0.000E+00

     total cpu time spent up to now is        1.3 secs

     total energy              =     -45.26929415 Ry
     Harris-Foulkes estimate   =     -45.26929415 Ry
     estimated scf accuracy    <       0.00000019 Ry

     iteration # 26     ecut=    40.00 Ry     beta= 0.70
     Davidson diagonalization with overlap
     ethr =  4.82E-09,  avg # of iterations =  1.0

     negative rho (up, down):  1.397E-03 0.000E+00

     total cpu time spent up to now is        1.3 secs

     total energy              =     -45.26929415 Ry
     Harris-Foulkes estimate   =     -45.26929415 Ry
     estimated scf accuracy    <       0.00000006 Ry

     iteration # 27     ecut=    40.00 Ry     beta= 0.70
     Davidson diagonalization with overlap
     ethr =  1.47E-09,  avg # of iterations =  1.0

     negative rho (up, down):  1.397E-03 0.000E+00

     total cpu time spent up to now is        1.3 secs

     total energy              =     -45.26929415 Ry
     Harris-Foulkes estimate   =     -45.26929415 Ry
     estimated scf accuracy    <       0.00000019 Ry

     iteration # 28     ecut=    40.00 Ry     beta= 0.70
     Davidson diagonalization with overlap
     ethr =  1.47E-09,  avg # of iterations =  1.0

     negative rho (up, down):  1.397E-03 0.000E+00

     total cpu time spent up to now is        1.3 secs

     total energy              =     -45.26929414 Ry
     Harris-Foulkes estimate   =     -45.26929415 Ry
     estimated scf accuracy    <       0.00000015 Ry

     iteration # 29     ecut=    40.00 Ry     beta= 0.70
     Davidson diagonalization with overlap
     ethr =  1.47E-09,  avg # of iterations =  1.0

     negative rho (up, down):  1.397E-03 0.000E+00

     total cpu time spent up to now is        1.4 secs

     End of self-consistent calculation

          k = 0.0000 0.0000 0.0000 (   307 PWs)   bands (ev):

    -1.6474  29.3946  29.4963  30.6587  31.2705  31.9363

     the Fermi energy is    29.4454 ev

!    total energy              =     -45.26929415 Ry
     Harris-Foulkes estimate   =     -45.26929415 Ry
     estimated scf accuracy    <          5.6E-11 Ry

     convergence has been achieved in  29 iterations

     negative rho (up, down):  1.397E-03 0.000E+00

     Forces acting on atoms (cartesian axes, Ry/au):

     atom    1 type  1   force =     0.00000000    0.00000000    0.00000000

     Total force =     0.000000     Total SCF correction =     0.000000


     Computing stress (Cartesian axis) and pressure


     negative rho (up, down):  1.397E-03 0.000E+00
          total   stress  (Ry/bohr**3)                   (kbar)     P= 1492.89
   0.01046512  -0.00000000   0.00000000       1539.47     -0.00      0.00
  -0.00000000   0.00123545  -0.00000000         -0.00    181.74     -0.00
   0.00000000  -0.00000000   0.01874473          0.00     -0.00   2757.44


     Beeman Damped Dynamics Minimization:
     convergence thresholds EPSE = 1.00E-04  EPSF = 1.00E-03

     Entering Dynamics;  it =     1   time =  0.00000 pico-seconds

  new lattice vectors (alat unit) :
   0.500000000   0.000000000   0.600000000
   0.500000000   0.550000000   0.000000000
   0.000000000   0.550000000   0.600000000
  new unit-cell volume =     71.2800 (a.u.)^3
  new positions in cryst coord
Si       0.000000000   0.000000000   0.000000000
  new positions in cart coord (alat unit)
Si       0.000000000   0.000000000   0.000000000

     Ekin =     0.00000000 Ry    T =    0.0 K  Etot =   -45.26929415
     new unit-cell volume =     71.28000 a.u.^3 (    10.56261 Ang^3 )
     density =      4.41530 g/cm^3

CELL_PARAMETERS (alat=  6.00000000)
   0.500000000   0.000000000   0.600000000
   0.500000000   0.550000000   0.000000000
   0.000000000   0.550000000   0.600000000

ATOMIC_POSITIONS (alat)
Si       0.000000000   0.000000000   0.000000000



     Maximum number of iterations reached, stopping

     Writing output data file relax.save/
     Check: negative starting charge=   -0.000466
     NEW-OLD atomic charge density approx. for the potential
     Check: negative starting charge=   -0.000466

     negative rho (up, down):  1.397E-03 0.000E+00

     Writing output data file relax.save/
 
     init_run     :      0.15s CPU      0.16s WALL (       1 calls)
     electrons    :      0.69s CPU      0.71s WALL (       1 calls)
     update_pot   :      0.07s CPU      0.07s WALL (       1 calls)
     forces       :      0.03s CPU      0.03s WALL (       1 calls)
     stress       :      0.05s CPU      0.05s WALL (       1 calls)

     Called by init_run:
     wfcinit      :      0.00s CPU      0.00s WALL (       1 calls)
     potinit      :      0.04s CPU      0.04s WALL (       1 calls)
     hinit0       :      0.12s CPU      0.12s WALL (       1 calls)

     Called by electrons:
     c_bands      :      0.02s CPU      0.03s WALL (      29 calls)
     sum_band     :      0.02s CPU      0.02s WALL (      29 calls)
     v_of_rho     :      0.03s CPU      0.03s WALL (      31 calls)
     newd         :      0.01s CPU      0.01s WALL (      31 calls)
     PAW_pot      :      0.65s CPU      0.66s WALL (      32 calls)
     mix_rho      :      0.01s CPU      0.01s WALL (      29 calls)

     Called by c_bands:
     init_us_2    :      0.00s CPU      0.00s WALL (      60 calls)
     cegterg      :      0.02s CPU      0.03s WALL (      29 calls)

     Called by sum_band:
     sum_band:bec :      0.00s CPU      0.00s WALL (      30 calls)
     addusdens    :      0.01s CPU      0.01s WALL (      29 calls)

     Called by *egterg:
     h_psi        :      0.01s CPU      0.02s WALL (      71 calls)
     s_psi        :      0.00s CPU      0.00s WALL (      71 calls)
     g_psi        :      0.00s CPU      0.00s WALL (      41 calls)
     cdiaghg      :      0.00s CPU      0.01s WALL (      70 calls)

     Called by h_psi:
     h_psi:pot    :      0.01s CPU      0.02s WALL (      71 calls)
     h_psi:calbec :      0.00s CPU      0.00s WALL (      71 calls)
     vloc_psi     :      0.01s CPU      0.01s WALL (      71 calls)
     add_vuspsi   :      0.00s CPU      0.00s WALL (      71 calls)

     General routines
     calbec       :      0.00s CPU      0.00s WALL (     106 calls)
     fft          :      0.02s CPU      0.02s WALL (     429 calls)
     ffts         :      0.00s CPU      0.00s WALL (      60 calls)
     fftw         :      0.01s CPU      0.02s WALL (     948 calls)
     interpolate  :      0.00s CPU      0.00s WALL (      31 calls)
 
     Parallel routines
     fft_scatt_xy :      0.00s CPU      0.00s WALL (    1437 calls)
     fft_scatt_yz :      0.02s CPU      0.02s WALL (    1437 calls)
 
     PWSCF        :     1.50s CPU         1.55s WALL

 
   This run was terminated on:  14:33: 9  18Jul2019            

=------------------------------------------------------------------------------=
   JOB DONE.
=------------------------------------------------------------------------------=
