  1.0000000000000000E+02 obj_fn_1
  1.0000000000000000E+02 obj_fn_2
  1.0000000000000000E+02 obj_fn_3
