===== VARIABLES =====
EXE_PATH = /scr/szymansk/2019-3/qe-bin/bin/pw.x
tpp = 4
Parallel keywords = -nimage 1
MPIRUN_EXE = orterun
PATH = /scr/szymansk/2019-3/mmshare-v4.7/lib/Linux-x86_64/openmpi/bin:/scr/szymansk/2019-3/internal/bin:/scr/szymansk/2019-3/mmshare-v4.7/bin/Linux-x86_64:/scr/szymansk/gaopaw/Examples/Fe/workdir_pp.1:.:/scr/szymansk/gaopaw/Examples/Fe:/home/szymansk/bin:/scr/szymansk/dakota/bin:/scr/szymansk/atompaw-4.1.0.5/src/:/usr/lib64/qt-3.3/bin:/usr/local/bin:/usr/local/sbin:/usr/bin:/usr/sbin:/bin:/sbin
LD_LIBRARY_PATH = /scr/szymansk/2019-3/mmshare-v4.7/lib/Linux-x86_64/openmpi/lib:/scr/szymansk/2019-3/internal/lib/ssl:/scr/szymansk/2019-3/internal/lib:/scr/szymansk/2019-3/mmshare-v4.7/lib/Linux-x86_64:/scr/szymansk/2019-3/internal/lib/python3.6/site-packages:/scr/szymansk/dakota/bin:/software/lib/Linux-x86_64/ifort_2017.1.132/mkl/lib/intel64
===== END VARIABLES =====
Invoking: exe_cmd () 
{ 
    "$MPIRUN_EXE" -np $tpp "$EXE_PATH" -in $input_file "${P_KEYWORDS[@]}"
}

     Program PWSCF v.6.3MaX starts on 16Jul2019 at 14:56:30 

     This program is part of the open-source Quantum ESPRESSO suite
     for quantum simulation of materials; please cite
         "P. Giannozzi et al., J. Phys.:Condens. Matter 21 395502 (2009);
         "P. Giannozzi et al., J. Phys.:Condens. Matter 29 465901 (2017);
          URL http://www.quantum-espresso.org", 
     in publications or presentations arising from this work. More details at
     http://www.quantum-espresso.org/quote

     Parallel version (MPI), running on     4 processors

     MPI processes distributed on     1 nodes
     R & G space division:  proc/nbgrp/npool/nimage =       4
     Reading input from FeO.RS.scf.in

     Current dimensions of program PWSCF are:
     Max number of different atomic species (ntypx) = 10
     Max number of k-points (npk) =  40000
     Max angular momentum in pseudopotentials (lmaxx) =  3
               file O.GGA-PBE-paw.UPF: wavefunction(s)  Xn Xn renormalized
               file Fe.GGA-PBE-paw.UPF: wavefunction(s)  Xn Xn Xn renormalized

     Subspace diagonalization in iterative solution of the eigenvalue problem:
     a serial algorithm will be used

 
     Parallelization info
     --------------------
     sticks:   dense  smooth     PW     G-vecs:    dense   smooth      PW
     Min         105      78     27                 1393      958     186
     Max         106      79     28                 1395      963     189
     Sum         421     313    109                 5577     3839     749
 


     bravais-lattice index     =            0
     lattice parameter (alat)  =       5.4451  a.u.
     unit-cell volume          =     114.1544 (a.u.)^3
     number of atoms/cell      =            2
     number of atomic types    =            2
     number of electrons       =        22.00
     number of Kohn-Sham states=           15
     kinetic-energy cutoff     =      40.0000  Ry
     charge density cutoff     =     200.0000  Ry
     convergence threshold     =      1.0E-08
     mixing beta               =       0.7000
     number of iterations used =            8  plain     mixing
     Exchange-correlation      = SLA PW PBX PBC ( 1  4  3  4 0 0)

     celldm(1)=   5.445058  celldm(2)=   0.000000  celldm(3)=   0.000000
     celldm(4)=   0.000000  celldm(5)=   0.000000  celldm(6)=   0.000000

     crystal axes: (cart. coord. in units of alat)
               a(1) = (  -0.707107   0.000000   0.707107 )  
               a(2) = (   0.000000   0.707107   0.707107 )  
               a(3) = (  -0.707107   0.707107   0.000000 )  

     reciprocal axes: (cart. coord. in units 2 pi/alat)
               b(1) = ( -0.707107 -0.707107  0.707107 )  
               b(2) = (  0.707107  0.707107  0.707107 )  
               b(3) = ( -0.707107  0.707107 -0.707107 )  


     PseudoPot. # 1 for O  read from file:
     ./O.GGA-PBE-paw.UPF
     MD5 check sum: 471f12137326b89111ae80a90548919f
     Pseudo is Projector augmented-wave + core cor, Zval =  6.0
     Generated using ATOMPAW code
     Shape of augmentation charge: SINC**2
     Using radial grid of 2342 points,  4 beta functions with: 
                l(1) =   0
                l(2) =   0
                l(3) =   1
                l(4) =   1
     Q(r) pseudized with 0 coefficients 


     PseudoPot. # 2 for Fe read from file:
     ./Fe.GGA-PBE-paw.UPF
     MD5 check sum: e3dd1013ec5c1d5a14012f1fc5a3af24
     Pseudo is Projector augmented-wave + core cor, Zval = 16.0
     Generated using ATOMPAW code
     Shape of augmentation charge: SINC**2
     Using radial grid of 2342 points,  6 beta functions with: 
                l(1) =   0
                l(2) =   0
                l(3) =   1
                l(4) =   1
                l(5) =   2
                l(6) =   2
     Q(r) pseudized with 0 coefficients 


     atomic species   valence    mass     pseudopotential
        O              6.00    15.99940     O ( 1.00)
        Fe            16.00    55.84500     Fe( 1.00)

     Starting magnetic structure 
     atomic species   magnetization
        O            0.000
        Fe           1.000

     48 Sym. Ops., with inversion, found



   Cartesian axes

     site n.     atom                  positions (alat units)
         1           O   tau(   1) = (   0.0000000   0.0000000   0.0000000  )
         2           Fe  tau(   2) = (  -0.7071068   0.7071068   0.7071068  )

     number of k points=    29  Fermi-Dirac smearing, width (Ry)=  0.0020
                       cart. coord. in units 2pi/alat
        k(    1) = (   0.0000000   0.0000000   0.0000000), wk =   0.0019531
        k(    2) = (  -0.0883883   0.0883883  -0.0883883), wk =   0.0156250
        k(    3) = (  -0.1767767   0.1767767  -0.1767767), wk =   0.0156250
        k(    4) = (  -0.2651650   0.2651650  -0.2651650), wk =   0.0156250
        k(    5) = (   0.3535534  -0.3535534   0.3535534), wk =   0.0078125
        k(    6) = (   0.0000000   0.1767767   0.0000000), wk =   0.0117188
        k(    7) = (  -0.0883883   0.2651650  -0.0883883), wk =   0.0468750
        k(    8) = (  -0.1767767   0.3535534  -0.1767767), wk =   0.0468750
        k(    9) = (   0.4419417  -0.2651650   0.4419417), wk =   0.0468750
        k(   10) = (   0.3535534  -0.1767767   0.3535534), wk =   0.0468750
        k(   11) = (   0.2651650  -0.0883883   0.2651650), wk =   0.0468750
        k(   12) = (   0.1767767   0.0000000   0.1767767), wk =   0.0234375
        k(   13) = (   0.0000000   0.3535534   0.0000000), wk =   0.0117188
        k(   14) = (  -0.0883883   0.4419417  -0.0883883), wk =   0.0468750
        k(   15) = (   0.5303301  -0.1767767   0.5303301), wk =   0.0468750
        k(   16) = (   0.4419417  -0.0883883   0.4419417), wk =   0.0468750
        k(   17) = (   0.3535534   0.0000000   0.3535534), wk =   0.0234375
        k(   18) = (   0.0000000   0.5303301   0.0000000), wk =   0.0117188
        k(   19) = (   0.6187184  -0.0883883   0.6187184), wk =   0.0468750
        k(   20) = (   0.5303301   0.0000000   0.5303301), wk =   0.0234375
        k(   21) = (   0.0000000  -0.7071068   0.0000000), wk =   0.0058594
        k(   22) = (  -0.1767767   0.3535534   0.0000000), wk =   0.0468750
        k(   23) = (   0.4419417  -0.2651650   0.6187184), wk =   0.0937500
        k(   24) = (   0.3535534  -0.1767767   0.5303301), wk =   0.0468750
        k(   25) = (   0.5303301  -0.1767767   0.7071068), wk =   0.0468750
        k(   26) = (   0.4419417  -0.0883883   0.6187184), wk =   0.0937500
        k(   27) = (   0.3535534   0.0000000   0.5303301), wk =   0.0468750
        k(   28) = (  -0.1767767  -0.7071068   0.0000000), wk =   0.0234375
        k(   29) = (  -0.3535534  -0.7071068   0.0000000), wk =   0.0117188

     Dense  grid:     5577 G-vectors     FFT dimensions: (  25,  25,  25)

     Smooth grid:     3839 G-vectors     FFT dimensions: (  24,  24,  24)

     Estimated max dynamical RAM per process >       9.18 MB

     Estimated total dynamical RAM >      36.70 MB
     Generating pointlists ...
     new r_m :   0.2917 (alat units)  1.5882 (a.u.) for type    1
     new r_m :   0.2917 (alat units)  1.5882 (a.u.) for type    2

     Initial potential from superposition of free atoms

     starting charge   21.99928, renormalised to   22.00000
     Starting wfcs are   26 randomized atomic wfcs
     Checking if some PAW data can be deallocated... 

     total cpu time spent up to now is        3.5 secs

     Self-consistent Calculation

     iteration #  1     ecut=    40.00 Ry     beta= 0.70
     Davidson diagonalization with overlap
     ethr =  1.00E-02,  avg # of iterations =  3.8

     total cpu time spent up to now is        4.3 secs

     total energy              =    -369.24455251 Ry
     Harris-Foulkes estimate   =    -366.83991737 Ry
     estimated scf accuracy    <       3.96179564 Ry

     total magnetization       =     5.60 Bohr mag/cell
     absolute magnetization    =     5.60 Bohr mag/cell

     iteration #  2     ecut=    40.00 Ry     beta= 0.70
     Davidson diagonalization with overlap
     ethr =  1.00E-02,  avg # of iterations =  2.9

     total cpu time spent up to now is        4.9 secs

     total energy              =    -367.72804555 Ry
     Harris-Foulkes estimate   =    -372.29117423 Ry
     estimated scf accuracy    <      13.85289396 Ry

     total magnetization       =     1.13 Bohr mag/cell
     absolute magnetization    =     1.13 Bohr mag/cell

     iteration #  3     ecut=    40.00 Ry     beta= 0.70
     Davidson diagonalization with overlap
     ethr =  1.00E-02,  avg # of iterations =  2.6

     total cpu time spent up to now is        5.5 secs

     total energy              =    -370.73764687 Ry
     Harris-Foulkes estimate   =    -370.81660818 Ry
     estimated scf accuracy    <       0.56908627 Ry

     total magnetization       =     4.18 Bohr mag/cell
     absolute magnetization    =     4.18 Bohr mag/cell

     iteration #  4     ecut=    40.00 Ry     beta= 0.70
     Davidson diagonalization with overlap
     ethr =  2.59E-03,  avg # of iterations =  2.2

     total cpu time spent up to now is        6.2 secs

     total energy              =    -370.85669314 Ry
     Harris-Foulkes estimate   =    -370.87486099 Ry
     estimated scf accuracy    <       0.02840990 Ry

     total magnetization       =     3.83 Bohr mag/cell
     absolute magnetization    =     3.83 Bohr mag/cell

     iteration #  5     ecut=    40.00 Ry     beta= 0.70
     Davidson diagonalization with overlap
     ethr =  1.29E-04,  avg # of iterations =  2.1

     total cpu time spent up to now is        6.9 secs

     total energy              =    -370.86472243 Ry
     Harris-Foulkes estimate   =    -370.86492639 Ry
     estimated scf accuracy    <       0.00255925 Ry

     total magnetization       =     3.80 Bohr mag/cell
     absolute magnetization    =     3.80 Bohr mag/cell

     iteration #  6     ecut=    40.00 Ry     beta= 0.70
     Davidson diagonalization with overlap
     ethr =  1.16E-05,  avg # of iterations =  1.9

     total cpu time spent up to now is        7.6 secs

     total energy              =    -370.86525260 Ry
     Harris-Foulkes estimate   =    -370.86520513 Ry
     estimated scf accuracy    <       0.00008583 Ry

     total magnetization       =     3.82 Bohr mag/cell
     absolute magnetization    =     3.83 Bohr mag/cell

     iteration #  7     ecut=    40.00 Ry     beta= 0.70
     Davidson diagonalization with overlap
     ethr =  3.90E-07,  avg # of iterations =  2.3

     total cpu time spent up to now is        8.4 secs

     total energy              =    -370.86529398 Ry
     Harris-Foulkes estimate   =    -370.86529073 Ry
     estimated scf accuracy    <       0.00000496 Ry

     total magnetization       =     3.82 Bohr mag/cell
     absolute magnetization    =     3.83 Bohr mag/cell

     iteration #  8     ecut=    40.00 Ry     beta= 0.70
     Davidson diagonalization with overlap
     ethr =  2.25E-08,  avg # of iterations =  2.3

     total cpu time spent up to now is        9.1 secs

     total energy              =    -370.86529560 Ry
     Harris-Foulkes estimate   =    -370.86529583 Ry
     estimated scf accuracy    <       0.00000066 Ry

     total magnetization       =     3.82 Bohr mag/cell
     absolute magnetization    =     3.83 Bohr mag/cell

     iteration #  9     ecut=    40.00 Ry     beta= 0.70
     Davidson diagonalization with overlap
     ethr =  3.01E-09,  avg # of iterations =  2.1

     total cpu time spent up to now is        9.8 secs

     total energy              =    -370.86529574 Ry
     Harris-Foulkes estimate   =    -370.86529574 Ry
     estimated scf accuracy    <       0.00000003 Ry

     total magnetization       =     3.82 Bohr mag/cell
     absolute magnetization    =     3.83 Bohr mag/cell

     iteration # 10     ecut=    40.00 Ry     beta= 0.70
     Davidson diagonalization with overlap
     ethr =  1.25E-10,  avg # of iterations =  1.8
 
     Magnetic moment per site:
     atom:    1    charge:    5.7002    magn:    0.3138    constr:    0.0000
     atom:    2    charge:   13.3675    magn:    3.2479    constr:    0.0000

     total cpu time spent up to now is       10.5 secs

     End of self-consistent calculation

 ------ SPIN UP ------------


          k = 0.0000 0.0000 0.0000 (   531 PWs)   bands (ev):

   -70.6896 -36.7124 -36.7124 -36.7124  -3.2385  14.5401  14.5401  14.5401
    15.0386  15.0386  15.0386  15.3985  15.3985  20.1814  34.8836

          k =-0.0884 0.0884-0.0884 (   507 PWs)   bands (ev):

   -70.6876 -36.7272 -36.7136 -36.7136  -3.0312  13.1196  13.4607  13.4607
    15.2271  15.2271  15.5573  16.5535  16.5535  21.1616  33.1432

          k =-0.1768 0.1768-0.1768 (   483 PWs)   bands (ev):

   -70.6829 -36.7655 -36.7173 -36.7173  -2.4901  11.0931  12.3438  12.3438
    15.6101  15.6101  16.0234  17.9481  17.9481  22.8409  30.6798

          k =-0.2652 0.2652-0.2652 (   492 PWs)   bands (ev):

   -70.6783 -36.8059 -36.7223 -36.7223  -1.8717   9.4601  11.6153  11.6153
    16.0172  16.0172  16.5529  18.9787  18.9787  23.6379  29.3866

          k = 0.3536-0.3536 0.3536 (   476 PWs)   bands (ev):

   -70.6763 -36.8208 -36.7238 -36.7238  -1.5840   8.8279  11.3660  11.3660
    16.1946  16.1946  16.8422  19.3697  19.3697  23.5670  29.2801

          k = 0.0000 0.1768 0.0000 (   504 PWs)   bands (ev):

   -70.6870 -36.7263 -36.7171 -36.7171  -2.9714  12.3916  13.8091  13.8091
    14.8331  15.4760  15.8936  15.8936  16.7719  21.6010  33.2616

          k =-0.0884 0.2652-0.0884 (   491 PWs)   bands (ev):

   -70.6832 -36.7542 -36.7227 -36.7209  -2.5667  11.1843  12.7431  12.9807
    15.0114  15.7227  16.2171  16.8504  17.7287  23.1251  31.4760

          k =-0.1768 0.3536-0.1768 (   492 PWs)   bands (ev):

   -70.6786 -36.7923 -36.7274 -36.7273  -2.0017   9.9670  11.6964  12.0816
    15.4708  16.1042  16.5502  17.9892  18.6265  24.3577  29.6265

          k = 0.4419-0.2652 0.4419 (   481 PWs)   bands (ev):

   -70.6757 -36.8137 -36.7339 -36.7277  -1.6088   9.1820  11.3061  11.5442
    15.9541  16.2402  16.7651  18.8178  18.9225  24.6057  29.0913

          k = 0.3536-0.1768 0.3536 (   493 PWs)   bands (ev):

   -70.6764 -36.8092 -36.7364 -36.7247  -1.6888   9.3294  11.4552  11.5020
    16.0322  16.1055  16.6974  18.3073  19.3120  24.5623  29.1647

          k = 0.2652-0.0884 0.2652 (   495 PWs)   bands (ev):

   -70.6801 -36.7802 -36.7325 -36.7187  -2.1756  10.3668  11.8179  12.2020
    15.6317  15.9018  16.4213  17.3437  18.9276  23.9333  30.0485

          k = 0.1768 0.0000 0.1768 (   489 PWs)   bands (ev):

   -70.6848 -36.7453 -36.7227 -36.7136  -2.7214  11.8176  12.5569  13.1506
    15.2897  15.6574  16.0522  16.3768  17.8811  22.4039  31.8548

          k = 0.0000 0.3536 0.0000 (   480 PWs)   bands (ev):

   -70.6808 -36.7612 -36.7301 -36.7301  -2.3710  10.6303  13.2850  13.2850
    14.3567  15.6655  16.5803  16.5803  17.3454  24.2379  31.7891

          k =-0.0884 0.4419-0.0884 (   485 PWs)   bands (ev):

   -70.6771 -36.7848 -36.7392 -36.7365  -2.0023  10.1913  12.3713  12.7456
    14.6733  16.1031  16.6615  16.9569  17.7267  25.3500  30.2141

          k = 0.5303-0.1768 0.5303 (   481 PWs)   bands (ev):

   -70.6742 -36.7998 -36.7527 -36.7369  -1.6625   9.9872  11.3560  12.0512
    15.3103  16.3501  16.6956  17.8394  17.8502  26.2775  28.8147

          k = 0.4419-0.0884 0.4419 (   486 PWs)   bands (ev):

   -70.6740 -36.7982 -36.7628 -36.7325  -1.5682   9.8407  11.1518  11.6229
    15.9153  16.1747  16.6775  17.4714  18.8061  26.5560  28.7400

          k = 0.3536 0.0000 0.3536 (   489 PWs)   bands (ev):

   -70.6764 -36.7893 -36.7549 -36.7247  -1.7892   9.8984  11.5534  11.6432
    15.8623  16.1734  16.6871  17.0243  19.2626  25.5534  29.4036

          k = 0.0000 0.5303 0.0000 (   484 PWs)   bands (ev):

   -70.6747 -36.7955 -36.7444 -36.7444  -1.8805  10.2098  13.1662  13.1662
    13.9059  15.8592  16.6667  16.6667  17.1845  25.6893  29.5343

          k = 0.6187-0.0884 0.6187 (   481 PWs)   bands (ev):

   -70.6728 -36.8021 -36.7550 -36.7460  -1.7084  10.3757  12.2060  12.7600
    14.4979  16.3935  16.6243  16.6986  17.0809  26.1817  28.9886

          k = 0.5303 0.0000 0.5303 (   478 PWs)   bands (ev):

   -70.6725 -36.7919 -36.7739 -36.7406  -1.5795  10.7057  10.9135  12.0983
    15.2835  16.3756  16.6891  17.0587  17.7368  27.3258  28.8599

          k = 0.0000-0.7071 0.0000 (   468 PWs)   bands (ev):

   -70.6721 -36.8082 -36.7493 -36.7493  -1.7253  10.4113  13.2035  13.2035
    13.7262  15.9407  16.5675  16.5675  16.8057  25.7213  28.9615

          k =-0.1768 0.3536 0.0000 (   488 PWs)   bands (ev):

   -70.6795 -36.7745 -36.7376 -36.7242  -2.1745  10.4087  12.1751  12.4705
    15.2021  16.0166  16.5812  16.7877  18.4070  24.5132  30.5650

          k = 0.4419-0.2652 0.6187 (   488 PWs)   bands (ev):

   -70.6758 -36.7960 -36.7488 -36.7303  -1.7512   9.8584  11.5156  11.8197
    15.6097  16.2211  16.6786  17.3970  18.7839  25.7073  29.2317

          k = 0.3536-0.1768 0.5303 (   484 PWs)   bands (ev):

   -70.6742 -36.8048 -36.7521 -36.7336  -1.5646   9.6456  11.2322  11.5807
    15.9378  16.1571  16.6912  17.9117  18.6758  26.0854  28.7752

          k = 0.5303-0.1768 0.7071 (   486 PWs)   bands (ev):

   -70.6743 -36.7945 -36.7526 -36.7420  -1.7568  10.2007  12.1296  12.1333
    15.0333  16.2653  16.6684  16.8221  17.7965  26.2885  29.3709

          k = 0.4419-0.0884 0.6187 (   486 PWs)   bands (ev):

   -70.6727 -36.7925 -36.7680 -36.7447  -1.5785  10.4638  11.2057  11.8081
    15.5780  16.2930  16.6321  17.0341  17.8867  27.4967  28.6410

          k = 0.3536 0.0000 0.5303 (   483 PWs)   bands (ev):

   -70.6733 -36.7881 -36.7724 -36.7384  -1.5746  10.2132  11.2031  11.6010
    16.0197  16.0352  16.6945  17.0024  18.4446  27.4628  28.8593

          k =-0.1768-0.7071 0.0000 (   484 PWs)   bands (ev):

   -70.6721 -36.8002 -36.7586 -36.7513  -1.6367  10.5599  12.0460  12.0985
    14.9995  16.5017  16.5184  16.5680  17.2401  26.6900  28.9019

          k =-0.3536-0.7071 0.0000 (   488 PWs)   bands (ev):

   -70.6721 -36.7795 -36.7795 -36.7527  -1.5451  11.0763  11.0763  11.3392
    16.0989  16.0989  16.5686  16.5931  17.7674  28.2031  29.0741

 ------ SPIN DOWN ----------


          k = 0.0000 0.0000 0.0000 (   531 PWs)   bands (ev):

   -66.6894 -32.8004 -32.8004 -32.8004  -2.7089  15.1041  15.1041  15.1041
    17.9958  17.9958  17.9958  19.1296  19.1296  20.9740  34.8822

          k =-0.0884 0.0884-0.0884 (   507 PWs)   bands (ev):

   -66.6870 -32.8188 -32.8018 -32.8018  -2.4980  13.9238  14.5757  14.5757
    18.2368  18.2368  18.2545  19.7509  19.7509  21.9480  33.7172

          k =-0.1768 0.1768-0.1768 (   483 PWs)   bands (ev):

   -66.6814 -32.8660 -32.8062 -32.8062  -1.9477  11.8838  13.6722  13.6722
    18.7108  18.7522  18.7522  20.9875  20.9875  23.6132  31.5895

          k =-0.2652 0.2652-0.2652 (   492 PWs)   bands (ev):

   -66.6760 -32.9156 -32.8120 -32.8120  -1.3195  10.2146  12.9994  12.9994
    19.2875  19.2875  19.3716  22.0631  22.0631  24.2767  30.4319

          k = 0.3536-0.3536 0.3536 (   476 PWs)   bands (ev):

   -66.6737 -32.9340 -32.8138 -32.8138  -1.0272   9.5680  12.7619  12.7619
    19.5227  19.5227  19.8002  22.4983  22.4983  24.0536  30.3897

          k = 0.0000 0.1768 0.0000 (   504 PWs)   bands (ev):

   -66.6862 -32.8177 -32.8062 -32.8062  -2.4365  13.4623  14.6725  14.6725
    17.6932  18.6361  18.6361  19.2318  19.9060  22.5321  33.8359

          k =-0.0884 0.2652-0.0884 (   491 PWs)   bands (ev):

   -66.6818 -32.8520 -32.8129 -32.8106  -2.0231  12.1441  13.8464  14.0645
    17.7881  19.0498  19.1047  19.9526  20.7286  24.0937  32.3623

          k =-0.1768 0.3536-0.1768 (   492 PWs)   bands (ev):

   -66.6763 -32.8988 -32.8183 -32.8183  -1.4462  10.7603  12.9548  13.3360
    18.3511  19.4538  19.5666  21.0955  21.6887  25.2136  30.6590

          k = 0.4419-0.2652 0.4419 (   481 PWs)   bands (ev):

   -66.6729 -32.9250 -32.8261 -32.8186  -1.0452   9.9189  12.5651  12.8832
    19.0774  19.5859  19.7776  21.9555  22.0850  25.3168  30.2064

          k = 0.3536-0.1768 0.3536 (   493 PWs)   bands (ev):

   -66.6737 -32.9195 -32.8293 -32.8148  -1.1278  10.0860  12.6947  12.8393
    19.2934  19.3178  19.6664  21.4490  22.4790  25.2551  30.2389

          k = 0.2652-0.0884 0.2652 (   495 PWs)   bands (ev):

   -66.6782 -32.8839 -32.8247 -32.8077  -1.6254  11.1935  13.2164  13.2906
    18.7647  18.8777  19.4685  20.4620  22.0155  24.7226  31.0033

          k = 0.1768 0.0000 0.1768 (   489 PWs)   bands (ev):

   -66.6836 -32.8411 -32.8130 -32.8018  -2.1822  12.7072  13.9017  14.1498
    18.3200  18.5075  18.9051  19.6498  20.9242  23.2358  32.6460

          k = 0.0000 0.3536 0.0000 (   480 PWs)   bands (ev):

   -66.6789 -32.8604 -32.8218 -32.8218  -1.8175  11.5987  14.1003  14.1003
    17.0134  19.4838  19.5597  19.5597  20.5264  25.3515  32.7989

          k =-0.0884 0.4419-0.0884 (   485 PWs)   bands (ev):

   -66.6746 -32.8891 -32.8328 -32.8295  -1.4336  11.0203  13.3288  13.6968
    17.2111  19.6838  19.8155  20.1751  21.0183  26.4074  31.3045

          k = 0.5303-0.1768 0.5303 (   481 PWs)   bands (ev):

   -66.6712 -32.9074 -32.8492 -32.8298  -1.0823  10.6975  12.3470  13.2053
    18.0243  19.7438  19.8663  21.1453  21.2750  27.1833  29.9561

          k = 0.4419-0.0884 0.4419 (   486 PWs)   bands (ev):

   -66.6709 -32.9056 -32.8615 -32.8243  -0.9898  10.6108  12.0193  12.9110
    18.9666  19.4765  19.6703  20.9140  22.0858  27.3647  29.8533

          k = 0.3536 0.0000 0.3536 (   489 PWs)   bands (ev):

   -66.6738 -32.8950 -32.8520 -32.8149  -1.2244  10.7421  12.4989  12.9243
    19.0656  19.3636  19.5621  20.3983  22.4640  26.3288  30.2864

          k = 0.0000 0.5303 0.0000 (   484 PWs)   bands (ev):

   -66.6717 -32.9018 -32.8390 -32.8390  -1.2947  10.9132  13.8205  13.8205
    16.3944  19.7438  19.9495  19.9495  20.7786  26.8883  30.4278

          k = 0.6187-0.0884 0.6187 (   481 PWs)   bands (ev):

   -66.6695 -32.9097 -32.8520 -32.8410  -1.1112  10.9663  13.0336  13.5823
    16.8491  19.9084  19.9572  20.2389  20.8110  27.4223  29.7257

          k = 0.5303 0.0000 0.5303 (   478 PWs)   bands (ev):

   -66.6691 -32.8972 -32.8755 -32.8343  -0.9854  11.3201  11.7420  13.1998
    17.9092  19.7356  19.8728  20.7740  21.1678  28.5715  29.5575

          k = 0.0000-0.7071 0.0000 (   468 PWs)   bands (ev):

   -66.6687 -32.9171 -32.8450 -32.8450  -1.1209  10.9193  13.7642  13.7642
    16.1531  19.8540  19.9841  19.9841  20.6581  27.0616  29.5751

          k =-0.1768 0.3536 0.0000 (   488 PWs)   bands (ev):

   -66.6774 -32.8769 -32.8309 -32.8145  -1.6193  11.3013  13.4091  13.4158
    17.9098  19.4640  19.5322  20.0344  21.4825  25.4674  31.5299

          k = 0.4419-0.2652 0.6187 (   488 PWs)   bands (ev):

   -66.6730 -32.9031 -32.8445 -32.8217  -1.1820  10.6435  12.5764  13.0039
    18.4775  19.6001  19.7429  20.7005  22.0074  26.5432  30.2919

          k = 0.3536-0.1768 0.5303 (   484 PWs)   bands (ev):

   -66.6712 -32.9138 -32.8484 -32.8258  -0.9887  10.3785  12.2499  12.8449
    19.0753  19.2665  19.8276  21.2600  21.9447  26.8635  29.9278

          k = 0.5303-0.1768 0.7071 (   486 PWs)   bands (ev):

   -66.6713 -32.9007 -32.8491 -32.8361  -1.1728  10.9219  12.9860  13.1648
    17.4807  19.7733  19.9272  20.2757  21.2457  27.3335  30.3538

          k = 0.4419-0.0884 0.6187 (   486 PWs)   bands (ev):

   -66.6695 -32.8982 -32.8679 -32.8393  -0.9873  11.1489  12.0408  12.8778
    18.2743  19.4789  19.9447  20.6728  21.3323  28.5239  29.7300

          k = 0.3536 0.0000 0.5303 (   483 PWs)   bands (ev):

   -66.6702 -32.8931 -32.8733 -32.8316  -0.9899  11.0078  11.9442  12.8004
    18.9820  19.1192  19.8760  20.6043  21.7994  28.3339  29.9371

          k =-0.1768-0.7071 0.0000 (   484 PWs)   bands (ev):

   -66.6688 -32.9073 -32.8563 -32.8476  -1.0364  11.1216  12.8595  13.0213
    17.3223  19.7802  19.9851  20.3154  20.8952  27.9938  29.5668

          k =-0.3536-0.7071 0.0000 (   488 PWs)   bands (ev):

   -66.6687 -32.8820 -32.8820 -32.8494  -0.9491  11.7686  11.7686  12.4072
    18.9104  18.9104  19.9860  20.4674  21.2539  29.5488  29.9484

     the Fermi energy is    19.0601 ev

!    total energy              =    -370.86529574 Ry
     Harris-Foulkes estimate   =    -370.86529574 Ry
     estimated scf accuracy    <          7.9E-10 Ry

     total all-electron energy =      -370.865296 Ry

     The total energy is the sum of the following terms:

     one-electron contribution =    -117.04741312 Ry
     hartree contribution      =      57.31996803 Ry
     xc contribution           =     -31.38857790 Ry
     ewald contribution        =    -201.02764826 Ry
     one-center paw contrib.   =     -78.72127490 Ry
     smearing contrib. (-TS)   =      -0.00034959 Ry

     total magnetization       =     3.82 Bohr mag/cell
     absolute magnetization    =     3.83 Bohr mag/cell

     convergence has been achieved in  10 iterations

     Writing output data file FeO.RS.scf.save/
 
     init_run     :      0.76s CPU      0.79s WALL (       1 calls)
     electrons    :      6.69s CPU      7.08s WALL (       1 calls)

     Called by init_run:
     wfcinit      :      0.16s CPU      0.17s WALL (       1 calls)
     potinit      :      0.35s CPU      0.36s WALL (       1 calls)
     hinit0       :      0.25s CPU      0.25s WALL (       1 calls)

     Called by electrons:
     c_bands      :      2.51s CPU      2.74s WALL (      10 calls)
     sum_band     :      0.45s CPU      0.49s WALL (      10 calls)
     v_of_rho     :      0.05s CPU      0.05s WALL (      11 calls)
     newd         :      0.04s CPU      0.05s WALL (      11 calls)
     PAW_pot      :      3.97s CPU      4.06s WALL (      11 calls)
     mix_rho      :      0.01s CPU      0.01s WALL (      10 calls)

     Called by c_bands:
     init_us_2    :      0.05s CPU      0.06s WALL (    1218 calls)
     cegterg      :      2.35s CPU      2.57s WALL (     580 calls)

     Called by sum_band:
     sum_band:bec :      0.00s CPU      0.00s WALL (     580 calls)
     addusdens    :      0.06s CPU      0.06s WALL (      10 calls)

     Called by *egterg:
     h_psi        :      1.66s CPU      1.82s WALL (    2026 calls)
     s_psi        :      0.04s CPU      0.04s WALL (    2026 calls)
     g_psi        :      0.01s CPU      0.01s WALL (    1388 calls)
     cdiaghg      :      0.58s CPU      0.63s WALL (    1968 calls)

     Called by h_psi:
     h_psi:pot    :      1.65s CPU      1.81s WALL (    2026 calls)
     h_psi:calbec :      0.06s CPU      0.07s WALL (    2026 calls)
     vloc_psi     :      1.54s CPU      1.69s WALL (    2026 calls)
     add_vuspsi   :      0.04s CPU      0.04s WALL (    2026 calls)

     General routines
     calbec       :      0.08s CPU      0.08s WALL (    2606 calls)
     fft          :      0.02s CPU      0.02s WALL (     271 calls)
     ffts         :      0.00s CPU      0.00s WALL (      42 calls)
     fftw         :      1.60s CPU      1.76s WALL (   55032 calls)
     interpolate  :      0.00s CPU      0.00s WALL (      22 calls)
 
     Parallel routines
     fft_scatt_xy :      0.27s CPU      0.30s WALL (   55345 calls)
     fft_scatt_yz :      0.52s CPU      0.57s WALL (   55345 calls)
 
     PWSCF        :    10.16s CPU        10.66s WALL

 
   This run was terminated on:  14:56:40  16Jul2019            

=------------------------------------------------------------------------------=
   JOB DONE.
=------------------------------------------------------------------------------=
