===== VARIABLES =====
EXE_PATH = /scr/szymansk/2019-3/qe-bin/bin/pw.x
tpp = 4
Parallel keywords = -nimage 1
MPIRUN_EXE = orterun
PATH = /scr/szymansk/2019-3/mmshare-v4.7/lib/Linux-x86_64/openmpi/bin:/scr/szymansk/2019-3/internal/bin:/scr/szymansk/2019-3/mmshare-v4.7/bin/Linux-x86_64:/home/szymansk/bin:/scr/szymansk/dakota/bin:/scr/szymansk/atompaw-4.1.0.5/src/:/usr/lib64/qt-3.3/bin:/usr/local/bin:/usr/local/sbin:/usr/bin:/usr/sbin:/bin:/sbin
LD_LIBRARY_PATH = /scr/szymansk/2019-3/mmshare-v4.7/lib/Linux-x86_64/openmpi/lib:/scr/szymansk/2019-3/internal/lib/ssl:/scr/szymansk/2019-3/internal/lib:/scr/szymansk/2019-3/mmshare-v4.7/lib/Linux-x86_64:/scr/szymansk/2019-3/internal/lib/python3.6/site-packages:/scr/szymansk/dakota/bin:/software/lib/Linux-x86_64/ifort_2017.1.132/mkl/lib/intel64
SCHRODINGER_MPI_NODEFILE = /scr/szymansk/qe_runner#nyc-desk-l205-0-5d30c45d/nyc-desk-l205-0-5d30c45d.mpinodes:
localhost
SCHRODINGER_NODEFILE = /scr/szymansk/qe_runner#nyc-desk-l205-0-5d30c45d/nyc-desk-l205-0-5d30c45d.nodes:
localhost
===== END VARIABLES =====
Invoking: exe_cmd () 
{ 
    "$MPIRUN_EXE" -hostfile "$SCHRODINGER_MPI_NODEFILE" -np $tpp "$EXE_PATH" -in $input_file "${P_KEYWORDS[@]}"
}

     Program PWSCF v.6.3MaX starts on 18Jul2019 at 15:11:28 

     This program is part of the open-source Quantum ESPRESSO suite
     for quantum simulation of materials; please cite
         "P. Giannozzi et al., J. Phys.:Condens. Matter 21 395502 (2009);
         "P. Giannozzi et al., J. Phys.:Condens. Matter 29 465901 (2017);
          URL http://www.quantum-espresso.org", 
     in publications or presentations arising from this work. More details at
     http://www.quantum-espresso.org/quote

     Parallel version (MPI), running on     4 processors

     MPI processes distributed on     1 nodes
     R & G space division:  proc/nbgrp/npool/nimage =       4
     Reading input from pw.in

     Current dimensions of program PWSCF are:
     Max number of different atomic species (ntypx) = 10
     Max number of k-points (npk) =  40000
     Max angular momentum in pseudopotentials (lmaxx) =  3
               file Si.GGA-PBE-paw.UPF: wavefunction(s)  Xn Xn renormalized

     Subspace diagonalization in iterative solution of the eigenvalue problem:
     a serial algorithm will be used

 
     Parallelization info
     --------------------
     sticks:   dense  smooth     PW     G-vecs:    dense   smooth      PW
     Min          29      23      6                  183      132      17
     Max          31      24      7                  184      133      18
     Sum         119      93     25                  735      531      69
 


     bravais-lattice index     =           13
     lattice parameter (alat)  =       3.0000  a.u.
     unit-cell volume          =      15.4326 (a.u.)^3
     number of atoms/cell      =            1
     number of atomic types    =            1
     number of electrons       =         4.00
     number of Kohn-Sham states=            6
     kinetic-energy cutoff     =      40.0000  Ry
     charge density cutoff     =     200.0000  Ry
     convergence threshold     =      1.0E-08
     mixing beta               =       0.7000
     number of iterations used =            8  plain     mixing
     Exchange-correlation      = SLA PW PBX PBC ( 1  4  3  4 0 0)
     nstep                     =            1


     celldm(1)=   3.000000  celldm(2)=   1.100000  celldm(3)=   1.200000
     celldm(4)=   0.500000  celldm(5)=   0.000000  celldm(6)=   0.000000

     crystal axes: (cart. coord. in units of alat)
               a(1) = (   0.500000   0.000000  -0.600000 )  
               a(2) = (   0.550000   0.952628   0.000000 )  
               a(3) = (   0.500000   0.000000   0.600000 )  

     reciprocal axes: (cart. coord. in units 2 pi/alat)
               b(1) = (  1.000000 -0.577350 -0.833333 )  
               b(2) = (  0.000000  1.049728  0.000000 )  
               b(3) = (  1.000000 -0.577350  0.833333 )  


     PseudoPot. # 1 for Si read from file:
     ./Si.GGA-PBE-paw.UPF
     MD5 check sum: 41374bf13e57aa3ce95dd2eef56016b4
     Pseudo is Projector augmented-wave + core cor, Zval =  4.0
     Generated using ATOMPAW code
     Shape of augmentation charge: BESSEL
     Using radial grid of 2342 points,  4 beta functions with: 
                l(1) =   0
                l(2) =   0
                l(3) =   1
                l(4) =   1
     Q(r) pseudized with 0 coefficients 


     atomic species   valence    mass     pseudopotential
        Si             4.00    28.08550     Si( 1.00)

      4 Sym. Ops., with inversion, found



   Cartesian axes

     site n.     atom                  positions (alat units)
         1           Si  tau(   1) = (   0.0000000   0.0000000   0.0000000  )

     number of k points=     1  Fermi-Dirac smearing, width (Ry)=  0.0020
                       cart. coord. in units 2pi/alat
        k(    1) = (   0.0000000   0.0000000   0.0000000), wk =   2.0000000

     Dense  grid:      735 G-vectors     FFT dimensions: (  12,  15,  12)

     Smooth grid:      531 G-vectors     FFT dimensions: (   9,  15,   9)

     Estimated max dynamical RAM per process >       0.57 MB

     Estimated total dynamical RAM >       2.27 MB

     Initial potential from superposition of free atoms

     starting charge    3.99937, renormalised to    4.00000
     Starting wfcs are    8 randomized atomic wfcs
     Checking if some PAW data can be deallocated... 

     total cpu time spent up to now is        0.6 secs

     Self-consistent Calculation

     iteration #  1     ecut=    40.00 Ry     beta= 0.70
     Davidson diagonalization with overlap
     ethr =  1.00E-02,  avg # of iterations =  6.0

     negative rho (up, down):  1.296E-03 0.000E+00

     total cpu time spent up to now is        0.6 secs

     total energy              =     -41.89241596 Ry
     Harris-Foulkes estimate   =     -42.00016523 Ry
     estimated scf accuracy    <       0.32744741 Ry

     iteration #  2     ecut=    40.00 Ry     beta= 0.70
     Davidson diagonalization with overlap
     ethr =  8.19E-03,  avg # of iterations =  1.0

     negative rho (up, down):  2.213E-02 0.000E+00

     total cpu time spent up to now is        0.6 secs

     total energy              =     -41.90719952 Ry
     Harris-Foulkes estimate   =     -41.90340835 Ry
     estimated scf accuracy    <       0.02493437 Ry

     iteration #  3     ecut=    40.00 Ry     beta= 0.70
     Davidson diagonalization with overlap
     ethr =  6.23E-04,  avg # of iterations =  3.0

     negative rho (up, down):  1.481E-02 0.000E+00

     total cpu time spent up to now is        0.7 secs

     total energy              =     -41.91658453 Ry
     Harris-Foulkes estimate   =     -41.91810304 Ry
     estimated scf accuracy    <       0.00031954 Ry

     iteration #  4     ecut=    40.00 Ry     beta= 0.70
     Davidson diagonalization with overlap
     ethr =  7.99E-06,  avg # of iterations =  3.0

     negative rho (up, down):  1.296E-02 0.000E+00

     total cpu time spent up to now is        0.7 secs

     total energy              =     -41.91648764 Ry
     Harris-Foulkes estimate   =     -41.91682227 Ry
     estimated scf accuracy    <       0.00001760 Ry

     iteration #  5     ecut=    40.00 Ry     beta= 0.70
     Davidson diagonalization with overlap
     ethr =  4.40E-07,  avg # of iterations =  4.0

     negative rho (up, down):  1.440E-02 0.000E+00

     total cpu time spent up to now is        0.7 secs

     total energy              =     -41.91658977 Ry
     Harris-Foulkes estimate   =     -41.91663511 Ry
     estimated scf accuracy    <       0.00000670 Ry

     iteration #  6     ecut=    40.00 Ry     beta= 0.70
     Davidson diagonalization with overlap
     ethr =  1.68E-07,  avg # of iterations =  3.0

     negative rho (up, down):  1.397E-02 0.000E+00

     total cpu time spent up to now is        0.7 secs

     total energy              =     -41.91660136 Ry
     Harris-Foulkes estimate   =     -41.91661221 Ry
     estimated scf accuracy    <       0.00000113 Ry

     iteration #  7     ecut=    40.00 Ry     beta= 0.70
     Davidson diagonalization with overlap
     ethr =  2.82E-08,  avg # of iterations =  3.0

     negative rho (up, down):  1.399E-02 0.000E+00

     total cpu time spent up to now is        0.8 secs

     End of self-consistent calculation

          k = 0.0000 0.0000 0.0000 (    69 PWs)   bands (ev):

    27.0346  69.3142  81.4270  90.9042 112.9179 115.0867

     the Fermi energy is    71.0607 ev

!    total energy              =     -41.91660386 Ry
     Harris-Foulkes estimate   =     -41.91660386 Ry
     estimated scf accuracy    <          9.5E-10 Ry

     convergence has been achieved in   7 iterations

     negative rho (up, down):  1.399E-02 0.000E+00

     Forces acting on atoms (cartesian axes, Ry/au):

     atom    1 type  1   force =     0.00000000    0.00000000    0.00000000

     Total force =     0.000000     Total SCF correction =     0.000000


     Computing stress (Cartesian axis) and pressure


     negative rho (up, down):  1.399E-02 0.000E+00
          total   stress  (Ry/bohr**3)                   (kbar)     P=78714.88
   0.41783153   0.02647231   0.00000000      61465.13   3894.21      0.00
   0.02647231   0.74606360   0.00000000       3894.21 109749.73      0.00
   0.00000000   0.00000000   0.44138368          0.00      0.00  64929.77


     Beeman Damped Dynamics Minimization:
     convergence thresholds EPSE = 1.00E-04  EPSF = 1.00E-03

     Entering Dynamics;  it =     1   time =  0.00000 pico-seconds

  new lattice vectors (alat unit) :
   0.500000000   0.000000000  -0.600000000
   0.550000000   0.952627944   0.000000000
   0.500000000   0.000000000   0.600000000
  new unit-cell volume =     15.4326 (a.u.)^3
  new positions in cryst coord
Si       0.000000000   0.000000000   0.000000000
  new positions in cart coord (alat unit)
Si       0.000000000   0.000000000   0.000000000

     Ekin =     0.00000000 Ry    T =    0.0 K  Etot =   -41.91660386
     new unit-cell volume =     15.43257 a.u.^3 (     2.28687 Ang^3 )
     density =     20.39339 g/cm^3

CELL_PARAMETERS (alat=  3.00000000)
   0.500000000   0.000000000  -0.600000000
   0.550000000   0.952627944   0.000000000
   0.500000000   0.000000000   0.600000000

ATOMIC_POSITIONS (alat)
Si       0.000000000   0.000000000   0.000000000



     Maximum number of iterations reached, stopping

     Writing output data file relax.save/
     NEW-OLD atomic charge density approx. for the potential

     negative rho (up, down):  1.399E-02 0.000E+00

     Writing output data file relax.save/
 
     init_run     :      0.10s CPU      0.10s WALL (       1 calls)
     electrons    :      0.16s CPU      0.17s WALL (       1 calls)
     update_pot   :      0.03s CPU      0.03s WALL (       1 calls)
     forces       :      0.01s CPU      0.01s WALL (       1 calls)
     stress       :      0.01s CPU      0.01s WALL (       1 calls)

     Called by init_run:
     wfcinit      :      0.00s CPU      0.00s WALL (       1 calls)
     potinit      :      0.03s CPU      0.03s WALL (       1 calls)
     hinit0       :      0.08s CPU      0.08s WALL (       1 calls)

     Called by electrons:
     c_bands      :      0.01s CPU      0.01s WALL (       7 calls)
     sum_band     :      0.00s CPU      0.00s WALL (       7 calls)
     v_of_rho     :      0.00s CPU      0.00s WALL (       9 calls)
     newd         :      0.00s CPU      0.00s WALL (       9 calls)
     PAW_pot      :      0.21s CPU      0.21s WALL (      10 calls)
     mix_rho      :      0.00s CPU      0.00s WALL (       7 calls)

     Called by c_bands:
     init_us_2    :      0.00s CPU      0.00s WALL (      16 calls)
     cegterg      :      0.01s CPU      0.01s WALL (       7 calls)

     Called by sum_band:
     sum_band:bec :      0.00s CPU      0.00s WALL (       8 calls)
     addusdens    :      0.00s CPU      0.00s WALL (       7 calls)

     Called by *egterg:
     h_psi        :      0.00s CPU      0.00s WALL (      31 calls)
     s_psi        :      0.00s CPU      0.00s WALL (      31 calls)
     g_psi        :      0.00s CPU      0.00s WALL (      23 calls)
     cdiaghg      :      0.00s CPU      0.00s WALL (      30 calls)

     Called by h_psi:
     h_psi:pot    :      0.00s CPU      0.00s WALL (      31 calls)
     h_psi:calbec :      0.00s CPU      0.00s WALL (      31 calls)
     vloc_psi     :      0.00s CPU      0.00s WALL (      31 calls)
     add_vuspsi   :      0.00s CPU      0.00s WALL (      31 calls)

     General routines
     calbec       :      0.00s CPU      0.00s WALL (      44 calls)
     fft          :      0.00s CPU      0.00s WALL (     143 calls)
     ffts         :      0.00s CPU      0.00s WALL (      16 calls)
     fftw         :      0.00s CPU      0.00s WALL (     328 calls)
     interpolate  :      0.00s CPU      0.00s WALL (       9 calls)
 
     Parallel routines
     fft_scatt_xy :      0.00s CPU      0.00s WALL (     487 calls)
     fft_scatt_yz :      0.00s CPU      0.00s WALL (     487 calls)
 
     PWSCF        :     0.82s CPU         0.85s WALL

 
   This run was terminated on:  15:11:29  18Jul2019            

=------------------------------------------------------------------------------=
   JOB DONE.
=------------------------------------------------------------------------------=
