  1.0000000000000000E+02 O_elemental_log
  1.0000000000000000E+02 O_FCC_lattice_constant
  1.0000000000000000E+02 O_BCC_lattice_constant
  1.0000000000000000E+02 Si_elemental_log
  1.0000000000000000E+02 Si_FCC_lattice_constant
  1.0000000000000000E+02 Si_BCC_lattice_constant
  1.0000000000000000E+02 Si_BCC_phonon_frequency
  1.0000000000000000E+02 C_elemental_log
  1.0000000000000000E+02 C_FCC_lattice_constant
  1.0000000000000000E+02 C_BCC_lattice_constant
  1.0000000000000000E+02 SiO_RS_lattice_constant
  1.0000000000000000E+02 SiC_ZB_lattice_constant
  1.0000000000000000E+02 SiC_ZB_band_gap
  1.0000000000000000E+02 SiC_ZB_eos
