===== VARIABLES =====
EXE_PATH = /scr/szymansk/2019-3/qe-bin/bin/pw.x
tpp = 4
Parallel keywords = -nimage 1
MPIRUN_EXE = orterun
PATH = /scr/szymansk/2019-3/mmshare-v4.7/lib/Linux-x86_64/openmpi/bin:/scr/szymansk/2019-3/internal/bin:/scr/szymansk/2019-3/mmshare-v4.7/bin/Linux-x86_64:/home/szymansk/bin:/scr/szymansk/dakota/bin:/scr/szymansk/atompaw-4.1.0.5/src/:/usr/lib64/qt-3.3/bin:/usr/local/bin:/usr/local/sbin:/usr/bin:/usr/sbin:/bin:/sbin
LD_LIBRARY_PATH = /scr/szymansk/2019-3/mmshare-v4.7/lib/Linux-x86_64/openmpi/lib:/scr/szymansk/2019-3/internal/lib/ssl:/scr/szymansk/2019-3/internal/lib:/scr/szymansk/2019-3/mmshare-v4.7/lib/Linux-x86_64:/scr/szymansk/2019-3/internal/lib/python3.6/site-packages:/scr/szymansk/dakota/bin:/software/lib/Linux-x86_64/ifort_2017.1.132/mkl/lib/intel64
SCHRODINGER_MPI_NODEFILE = /scr/szymansk/qe_runner#nyc-desk-l205-0-5d309a12/nyc-desk-l205-0-5d309a12.mpinodes:
localhost
SCHRODINGER_NODEFILE = /scr/szymansk/qe_runner#nyc-desk-l205-0-5d309a12/nyc-desk-l205-0-5d309a12.nodes:
localhost
===== END VARIABLES =====
Invoking: exe_cmd () 
{ 
    "$MPIRUN_EXE" -hostfile "$SCHRODINGER_MPI_NODEFILE" -np $tpp "$EXE_PATH" -in $input_file "${P_KEYWORDS[@]}"
}

     Program PWSCF v.6.3MaX starts on 18Jul2019 at 12:11: 1 

     This program is part of the open-source Quantum ESPRESSO suite
     for quantum simulation of materials; please cite
         "P. Giannozzi et al., J. Phys.:Condens. Matter 21 395502 (2009);
         "P. Giannozzi et al., J. Phys.:Condens. Matter 29 465901 (2017);
          URL http://www.quantum-espresso.org", 
     in publications or presentations arising from this work. More details at
     http://www.quantum-espresso.org/quote

     Parallel version (MPI), running on     4 processors

     MPI processes distributed on     1 nodes
     R & G space division:  proc/nbgrp/npool/nimage =       4
     Reading input from pw.in

     Current dimensions of program PWSCF are:
     Max number of different atomic species (ntypx) = 10
     Max number of k-points (npk) =  40000
     Max angular momentum in pseudopotentials (lmaxx) =  3
               file Si.GGA-PBE-paw.UPF: wavefunction(s)  Xn Xn renormalized

     Subspace diagonalization in iterative solution of the eigenvalue problem:
     a serial algorithm will be used

 
     Parallelization info
     --------------------
     sticks:   dense  smooth     PW     G-vecs:    dense   smooth      PW
     Min          25      21      4                  172      126      14
     Max          26      22      5                  173      127      17
     Sum         103      87     19                  691      507      63
 


     bravais-lattice index     =            7
     lattice parameter (alat)  =       3.0000  a.u.
     unit-cell volume          =      14.8500 (a.u.)^3
     number of atoms/cell      =            1
     number of atomic types    =            1
     number of electrons       =         4.00
     number of Kohn-Sham states=            6
     kinetic-energy cutoff     =      40.0000  Ry
     charge density cutoff     =     200.0000  Ry
     convergence threshold     =      1.0E-08
     mixing beta               =       0.7000
     number of iterations used =            8  plain     mixing
     Exchange-correlation      = SLA PW PBX PBC ( 1  4  3  4 0 0)
     nstep                     =            1


     celldm(1)=   3.000000  celldm(2)=   0.000000  celldm(3)=   1.100000
     celldm(4)=   0.000000  celldm(5)=   0.000000  celldm(6)=   0.000000

     crystal axes: (cart. coord. in units of alat)
               a(1) = (   0.500000  -0.500000   0.550000 )  
               a(2) = (   0.500000   0.500000   0.550000 )  
               a(3) = (  -0.500000  -0.500000   0.550000 )  

     reciprocal axes: (cart. coord. in units 2 pi/alat)
               b(1) = (  1.000000 -1.000000  0.000000 )  
               b(2) = (  0.000000  1.000000  0.909091 )  
               b(3) = ( -1.000000  0.000000  0.909091 )  


     PseudoPot. # 1 for Si read from file:
     ./Si.GGA-PBE-paw.UPF
     MD5 check sum: 41374bf13e57aa3ce95dd2eef56016b4
     Pseudo is Projector augmented-wave + core cor, Zval =  4.0
     Generated using ATOMPAW code
     Shape of augmentation charge: BESSEL
     Using radial grid of 2342 points,  4 beta functions with: 
                l(1) =   0
                l(2) =   0
                l(3) =   1
                l(4) =   1
     Q(r) pseudized with 0 coefficients 


     atomic species   valence    mass     pseudopotential
        Si             4.00    28.08550     Si( 1.00)

     16 Sym. Ops., with inversion, found



   Cartesian axes

     site n.     atom                  positions (alat units)
         1           Si  tau(   1) = (   0.0000000   0.0000000   0.0000000  )

     number of k points=     1  Fermi-Dirac smearing, width (Ry)=  0.0020
                       cart. coord. in units 2pi/alat
        k(    1) = (   0.0000000   0.0000000   0.0000000), wk =   2.0000000

     Dense  grid:      691 G-vectors     FFT dimensions: (  15,  15,  15)

     Smooth grid:      507 G-vectors     FFT dimensions: (  12,  12,  12)

     Estimated max dynamical RAM per process >       0.58 MB

     Estimated total dynamical RAM >       2.32 MB

     Initial potential from superposition of free atoms

     starting charge    3.99937, renormalised to    4.00000
     Starting wfcs are    8 randomized atomic wfcs
     Checking if some PAW data can be deallocated... 

     total cpu time spent up to now is        0.7 secs

     Self-consistent Calculation

     iteration #  1     ecut=    40.00 Ry     beta= 0.70
     Davidson diagonalization with overlap
     ethr =  1.00E-02,  avg # of iterations =  7.0

     total cpu time spent up to now is        0.7 secs

     total energy              =     -38.62128893 Ry
     Harris-Foulkes estimate   =     -38.64021738 Ry
     estimated scf accuracy    <       0.17891509 Ry

     iteration #  2     ecut=    40.00 Ry     beta= 0.70
     Davidson diagonalization with overlap
     ethr =  4.47E-03,  avg # of iterations =  1.0

     negative rho (up, down):  1.007E-03 0.000E+00

     total cpu time spent up to now is        0.8 secs

     total energy              =     -38.63688980 Ry
     Harris-Foulkes estimate   =     -38.62894881 Ry
     estimated scf accuracy    <       0.01417417 Ry

     iteration #  3     ecut=    40.00 Ry     beta= 0.70
     Davidson diagonalization with overlap
     ethr =  3.54E-04,  avg # of iterations =  2.0

     negative rho (up, down):  6.502E-04 0.000E+00

     total cpu time spent up to now is        0.8 secs

     total energy              =     -38.63926906 Ry
     Harris-Foulkes estimate   =     -38.63939484 Ry
     estimated scf accuracy    <       0.00008686 Ry

     iteration #  4     ecut=    40.00 Ry     beta= 0.70
     Davidson diagonalization with overlap
     ethr =  2.17E-06,  avg # of iterations =  2.0

     negative rho (up, down):  3.412E-04 0.000E+00

     total cpu time spent up to now is        0.8 secs

     total energy              =     -38.63928455 Ry
     Harris-Foulkes estimate   =     -38.63930841 Ry
     estimated scf accuracy    <       0.00002063 Ry

     iteration #  5     ecut=    40.00 Ry     beta= 0.70
     Davidson diagonalization with overlap
     ethr =  5.16E-07,  avg # of iterations =  3.0

     negative rho (up, down):  3.643E-04 0.000E+00

     total cpu time spent up to now is        0.9 secs

     total energy              =     -38.63929005 Ry
     Harris-Foulkes estimate   =     -38.63929016 Ry
     estimated scf accuracy    <       0.00000006 Ry

     iteration #  6     ecut=    40.00 Ry     beta= 0.70
     Davidson diagonalization with overlap
     ethr =  1.42E-09,  avg # of iterations =  3.0

     negative rho (up, down):  3.707E-04 0.000E+00

     total cpu time spent up to now is        0.9 secs

     End of self-consistent calculation

          k = 0.0000 0.0000 0.0000 (    63 PWs)   bands (ev):

    28.7105  94.0889  94.0889 101.1772 104.2557 104.3095

     the Fermi energy is    94.0889 ev

!    total energy              =     -38.63929010 Ry
     Harris-Foulkes estimate   =     -38.63929009 Ry
     estimated scf accuracy    <          8.3E-09 Ry

     convergence has been achieved in   6 iterations

     negative rho (up, down):  3.707E-04 0.000E+00

     Forces acting on atoms (cartesian axes, Ry/au):

     atom    1 type  1   force =     0.00000000    0.00000000    0.00000000

     Total force =     0.000000     Total SCF correction =     0.000000


     Computing stress (Cartesian axis) and pressure


     negative rho (up, down):  3.707E-04 0.000E+00
          total   stress  (Ry/bohr**3)                   (kbar)     P=0
   0.62638804  -0.00000000   0.00000000      92144.85     -0.00      0.00
   0.00000000   0.62638804   0.00000000          0.00  92144.85      0.00
   0.00000000   0.00000000   0.92707079          0.00      0.00 136376.80


     Beeman Damped Dynamics Minimization:
     convergence thresholds EPSE = 1.00E-04  EPSF = 1.00E-03

     Entering Dynamics;  it =     1   time =  0.00000 pico-seconds

  new lattice vectors (alat unit) :
   0.500000000  -0.500000000   0.550000000
   0.500000000   0.500000000   0.550000000
  -0.500000000  -0.500000000   0.550000000
  new unit-cell volume =     14.8500 (a.u.)^3
  new positions in cryst coord
Si       0.000000000   0.000000000   0.000000000
  new positions in cart coord (alat unit)
Si       0.000000000   0.000000000   0.000000000

     Ekin =     0.00000000 Ry    T =    0.0 K  Etot =   -38.63929010
     new unit-cell volume =     14.85000 a.u.^3 (     2.20054 Ang^3 )
     density =     21.19344 g/cm^3

CELL_PARAMETERS (alat=  3.00000000)
   0.500000000  -0.500000000   0.550000000
   0.500000000   0.500000000   0.550000000
  -0.500000000  -0.500000000   0.550000000

ATOMIC_POSITIONS (alat)
Si       0.000000000   0.000000000   0.000000000



     Maximum number of iterations reached, stopping

     Writing output data file relax.save/
     NEW-OLD atomic charge density approx. for the potential

     negative rho (up, down):  3.707E-04 0.000E+00

     Writing output data file relax.save/
 
     init_run     :      0.16s CPU      0.16s WALL (       1 calls)
     electrons    :      0.19s CPU      0.20s WALL (       1 calls)
     update_pot   :      0.03s CPU      0.03s WALL (       1 calls)
     forces       :      0.01s CPU      0.01s WALL (       1 calls)
     stress       :      0.01s CPU      0.01s WALL (       1 calls)

     Called by init_run:
     wfcinit      :      0.00s CPU      0.00s WALL (       1 calls)
     potinit      :      0.04s CPU      0.04s WALL (       1 calls)
     hinit0       :      0.12s CPU      0.12s WALL (       1 calls)

     Called by electrons:
     c_bands      :      0.01s CPU      0.01s WALL (       6 calls)
     sum_band     :      0.00s CPU      0.00s WALL (       6 calls)
     v_of_rho     :      0.00s CPU      0.00s WALL (       8 calls)
     newd         :      0.00s CPU      0.00s WALL (       8 calls)
     PAW_pot      :      0.24s CPU      0.25s WALL (       9 calls)
     mix_rho      :      0.00s CPU      0.00s WALL (       6 calls)

     Called by c_bands:
     init_us_2    :      0.00s CPU      0.00s WALL (      14 calls)
     cegterg      :      0.01s CPU      0.01s WALL (       6 calls)

     Called by sum_band:
     sum_band:bec :      0.00s CPU      0.00s WALL (       7 calls)
     addusdens    :      0.00s CPU      0.00s WALL (       6 calls)

     Called by *egterg:
     h_psi        :      0.00s CPU      0.00s WALL (      25 calls)
     s_psi        :      0.00s CPU      0.00s WALL (      25 calls)
     g_psi        :      0.00s CPU      0.00s WALL (      18 calls)
     cdiaghg      :      0.00s CPU      0.00s WALL (      24 calls)

     Called by h_psi:
     h_psi:pot    :      0.00s CPU      0.00s WALL (      25 calls)
     h_psi:calbec :      0.00s CPU      0.00s WALL (      25 calls)
     vloc_psi     :      0.00s CPU      0.00s WALL (      25 calls)
     add_vuspsi   :      0.00s CPU      0.00s WALL (      25 calls)

     General routines
     calbec       :      0.00s CPU      0.00s WALL (      37 calls)
     fft          :      0.01s CPU      0.01s WALL (     130 calls)
     ffts         :      0.00s CPU      0.00s WALL (      14 calls)
     fftw         :      0.00s CPU      0.00s WALL (     264 calls)
     interpolate  :      0.00s CPU      0.00s WALL (       8 calls)
 
     Parallel routines
     fft_scatt_xy :      0.00s CPU      0.00s WALL (     408 calls)
     fft_scatt_yz :      0.01s CPU      0.01s WALL (     408 calls)
 
     PWSCF        :     0.92s CPU         0.96s WALL

 
   This run was terminated on:  12:11: 2  18Jul2019            

=------------------------------------------------------------------------------=
   JOB DONE.
=------------------------------------------------------------------------------=
